Component: ARM Compiler 5.06 update 7 (build 960) Tool: armlink [4d3601]

==============================================================================

Section Cross References

    startup_stm32f105xc.o(STACK) refers (Special) to heapauxi.o(.text) for __use_two_region_memory
    startup_stm32f105xc.o(HEAP) refers (Special) to heapauxi.o(.text) for __use_two_region_memory
    startup_stm32f105xc.o(RESET) refers (Special) to heapauxi.o(.text) for __use_two_region_memory
    startup_stm32f105xc.o(RESET) refers to startup_stm32f105xc.o(STACK) for __initial_sp
    startup_stm32f105xc.o(RESET) refers to startup_stm32f105xc.o(.text) for Reset_Handler
    startup_stm32f105xc.o(RESET) refers to stm32f1xx_it.o(i.NMI_Handler) for NMI_Handler
    startup_stm32f105xc.o(RESET) refers to stm32f1xx_it.o(i.HardFault_Handler) for HardFault_Handler
    startup_stm32f105xc.o(RESET) refers to stm32f1xx_it.o(i.MemManage_Handler) for MemManage_Handler
    startup_stm32f105xc.o(RESET) refers to stm32f1xx_it.o(i.BusFault_Handler) for BusFault_Handler
    startup_stm32f105xc.o(RESET) refers to stm32f1xx_it.o(i.UsageFault_Handler) for UsageFault_Handler
    startup_stm32f105xc.o(RESET) refers to port.o(.emb_text) for SVC_Handler
    startup_stm32f105xc.o(RESET) refers to stm32f1xx_it.o(i.DebugMon_Handler) for DebugMon_Handler
    startup_stm32f105xc.o(RESET) refers to port.o(i.SysTick_Handler) for SysTick_Handler
    startup_stm32f105xc.o(RESET) refers to stm32f1xx_it.o(i.ADC1_2_IRQHandler) for ADC1_2_IRQHandler
    startup_stm32f105xc.o(RESET) refers to stm32f1xx_it.o(i.TIM7_IRQHandler) for TIM7_IRQHandler
    startup_stm32f105xc.o(RESET) refers to stm32f1xx_it.o(i.CAN2_TX_IRQHandler) for CAN2_TX_IRQHandler
    startup_stm32f105xc.o(RESET) refers to stm32f1xx_it.o(i.CAN2_RX0_IRQHandler) for CAN2_RX0_IRQHandler
    startup_stm32f105xc.o(.text) refers (Special) to heapauxi.o(.text) for __use_two_region_memory
    startup_stm32f105xc.o(.text) refers to system_stm32f1xx.o(i.SystemInit) for SystemInit
    startup_stm32f105xc.o(.text) refers to __main.o(!!!main) for __main
    startup_stm32f105xc.o(.text) refers to startup_stm32f105xc.o(HEAP) for Heap_Mem
    startup_stm32f105xc.o(.text) refers to startup_stm32f105xc.o(STACK) for Stack_Mem
    main.o(i.BRAKE_LIGHT_FUNCTION) refers to frleqf.o(x$fpl$frleqf) for __aeabi_cfrcmple
    main.o(i.BRAKE_LIGHT_FUNCTION) refers to stm32f1xx_hal_gpio.o(i.HAL_GPIO_WritePin) for HAL_GPIO_WritePin
    main.o(i.BRAKE_LIGHT_FUNCTION) refers to fleqf.o(x$fpl$fleqf) for __aeabi_cfcmple
    main.o(i.BRAKE_LIGHT_FUNCTION) refers to main.o(.data) for VAL_BrakeSensRear_f
    main.o(i.DAC_voltageControl) refers to fmul.o(x$fpl$fmul) for __aeabi_fmul
    main.o(i.DAC_voltageControl) refers to fdiv.o(x$fpl$fdiv) for __aeabi_fdiv
    main.o(i.DAC_voltageControl) refers to ffixu.o(x$fpl$ffixu) for __aeabi_f2uiz
    main.o(i.DAC_voltageControl) refers to stm32f1xx_hal_dac.o(i.HAL_DAC_SetValue) for HAL_DAC_SetValue
    main.o(i.DAC_voltageControl) refers to main.o(.bss) for hdac
    main.o(i.HAL_ADCEx_InjectedConvCpltCallback) refers to stm32f1xx_hal_adc_ex.o(i.HAL_ADCEx_InjectedGetValue) for HAL_ADCEx_InjectedGetValue
    main.o(i.HAL_ADCEx_InjectedConvCpltCallback) refers to stm32f1xx_hal_adc_ex.o(i.HAL_ADCEx_InjectedStart_IT) for HAL_ADCEx_InjectedStart_IT
    main.o(i.HAL_ADCEx_InjectedConvCpltCallback) refers to main.o(.bss) for hadc1
    main.o(i.HAL_ADCEx_InjectedConvCpltCallback) refers to main.o(.data) for adc
    main.o(i.HAL_TIM_PeriodElapsedCallback) refers to stm32f1xx_hal.o(i.HAL_IncTick) for HAL_IncTick
    main.o(i.MANUALDrivingModeHandler) refers to stm32f1xx_hal_tim.o(i.HAL_TIM_PWM_Start) for HAL_TIM_PWM_Start
    main.o(i.MANUALDrivingModeHandler) refers to stm32f1xx_hal_gpio.o(i.HAL_GPIO_ReadPin) for HAL_GPIO_ReadPin
    main.o(i.MANUALDrivingModeHandler) refers to stm32f1xx_hal_gpio.o(i.HAL_GPIO_WritePin) for HAL_GPIO_WritePin
    main.o(i.MANUALDrivingModeHandler) refers to main.o(i.BRAKE_LIGHT_FUNCTION) for BRAKE_LIGHT_FUNCTION
    main.o(i.MANUALDrivingModeHandler) refers to main.o(.bss) for htim4
    main.o(i.MX_ADC1_Init) refers to rt_memclr_w.o(.text) for __aeabi_memclr4
    main.o(i.MX_ADC1_Init) refers to stm32f1xx_hal_adc.o(i.HAL_ADC_Init) for HAL_ADC_Init
    main.o(i.MX_ADC1_Init) refers to main.o(i.Error_Handler) for Error_Handler
    main.o(i.MX_ADC1_Init) refers to stm32f1xx_hal_adc_ex.o(i.HAL_ADCEx_InjectedConfigChannel) for HAL_ADCEx_InjectedConfigChannel
    main.o(i.MX_ADC1_Init) refers to main.o(.bss) for hadc1
    main.o(i.MX_CAN2_Init) refers to stm32f1xx_hal_can.o(i.HAL_CAN_Init) for HAL_CAN_Init
    main.o(i.MX_CAN2_Init) refers to main.o(i.Error_Handler) for Error_Handler
    main.o(i.MX_CAN2_Init) refers to stm32f1xx_hal_can.o(i.HAL_CAN_ConfigFilter) for HAL_CAN_ConfigFilter
    main.o(i.MX_CAN2_Init) refers to stm32f1xx_hal_can.o(i.HAL_CAN_Start) for HAL_CAN_Start
[...]
    i.HAL_RCC_GetPCLK1Freq                   0x080022c4   Section        0  stm32f1xx_hal_rcc.o(i.HAL_RCC_GetPCLK1Freq)
    i.HAL_RCC_GetPCLK2Freq                   0x080022e4   Section        0  stm32f1xx_hal_rcc.o(i.HAL_RCC_GetPCLK2Freq)
    i.HAL_RCC_GetSysClockFreq                0x08002304   Section        0  stm32f1xx_hal_rcc.o(i.HAL_RCC_GetSysClockFreq)
    i.HAL_RCC_OscConfig                      0x080023ec   Section        0  stm32f1xx_hal_rcc.o(i.HAL_RCC_OscConfig)
    i.HAL_TIMEx_BreakCallback                0x08002958   Section        0  stm32f1xx_hal_tim_ex.o(i.HAL_TIMEx_BreakCallback)
    i.HAL_TIMEx_CommutCallback               0x0800295a   Section        0  stm32f1xx_hal_tim_ex.o(i.HAL_TIMEx_CommutCallback)
    i.HAL_TIMEx_MasterConfigSynchronization  0x0800295c   Section        0  stm32f1xx_hal_tim_ex.o(i.HAL_TIMEx_MasterConfigSynchronization)
    i.HAL_TIM_Base_Init                      0x080029ec   Section        0  stm32f1xx_hal_tim.o(i.HAL_TIM_Base_Init)
    i.HAL_TIM_Base_MspInit                   0x08002a52   Section        0  stm32f1xx_hal_tim.o(i.HAL_TIM_Base_MspInit)
    i.HAL_TIM_Base_Start_IT                  0x08002a54   Section        0  stm32f1xx_hal_tim.o(i.HAL_TIM_Base_Start_IT)
    i.HAL_TIM_IC_CaptureCallback             0x08002ad8   Section        0  stm32f1xx_hal_tim.o(i.HAL_TIM_IC_CaptureCallback)
    i.HAL_TIM_IRQHandler                     0x08002ada   Section        0  stm32f1xx_hal_tim.o(i.HAL_TIM_IRQHandler)
    i.HAL_TIM_MspPostInit                    0x08002c70   Section        0  stm32f1xx_hal_msp.o(i.HAL_TIM_MspPostInit)
    i.HAL_TIM_OC_DelayElapsedCallback        0x08002cc8   Section        0  stm32f1xx_hal_tim.o(i.HAL_TIM_OC_DelayElapsedCallback)
    i.HAL_TIM_PWM_ConfigChannel              0x08002cca   Section        0  stm32f1xx_hal_tim.o(i.HAL_TIM_PWM_ConfigChannel)
    i.HAL_TIM_PWM_Init                       0x08002dce   Section        0  stm32f1xx_hal_tim.o(i.HAL_TIM_PWM_Init)
    i.HAL_TIM_PWM_MspInit                    0x08002e34   Section        0  stm32f1xx_hal_msp.o(i.HAL_TIM_PWM_MspInit)
    i.HAL_TIM_PWM_PulseFinishedCallback      0x08002e64   Section        0  stm32f1xx_hal_tim.o(i.HAL_TIM_PWM_PulseFinishedCallback)
    i.HAL_TIM_PWM_Start                      0x08002e68   Section        0  stm32f1xx_hal_tim.o(i.HAL_TIM_PWM_Start)
    i.HAL_TIM_PeriodElapsedCallback          0x08002f48   Section        0  main.o(i.HAL_TIM_PeriodElapsedCallback)
    i.HAL_TIM_TriggerCallback                0x08002f60   Section        0  stm32f1xx_hal_tim.o(i.HAL_TIM_TriggerCallback)
    i.HardFault_Handler                      0x08002f62   Section        0  stm32f1xx_it.o(i.HardFault_Handler)
    i.MX_ADC1_Init                           0x08002f68   Section        0  main.o(i.MX_ADC1_Init)
    MX_ADC1_Init                             0x08002f69   Thumb Code   176  main.o(i.MX_ADC1_Init)
    i.MX_CAN2_Init                           0x08003020   Section        0  main.o(i.MX_CAN2_Init)
    MX_CAN2_Init                             0x08003021   Thumb Code   156  main.o(i.MX_CAN2_Init)
    i.MX_DAC_Init                            0x080030cc   Section        0  main.o(i.MX_DAC_Init)
    MX_DAC_Init                              0x080030cd   Thumb Code    50  main.o(i.MX_DAC_Init)
    i.MX_GPIO_Init                           0x08003108   Section        0  main.o(i.MX_GPIO_Init)
    MX_GPIO_Init                             0x08003109   Thumb Code   216  main.o(i.MX_GPIO_Init)
    i.MX_TIM4_Init                           0x080031f0   Section        0  main.o(i.MX_TIM4_Init)
    MX_TIM4_Init                             0x080031f1   Thumb Code   118  main.o(i.MX_TIM4_Init)
    i.ManageTask                             0x08003270   Section        0  main.o(i.ManageTask)
    i.MemManage_Handler                      0x0800327a   Section        0  stm32f1xx_it.o(i.MemManage_Handler)
    i.NMI_Handler                            0x0800327e   Section        0  stm32f1xx_it.o(i.NMI_Handler)
    i.RCC_Delay                              0x08003284   Section        0  stm32f1xx_hal_rcc.o(i.RCC_Delay)
    RCC_Delay                                0x08003285   Thumb Code    36  stm32f1xx_hal_rcc.o(i.RCC_Delay)
    i.SendControlCANTask                     0x080032ac   Section        0  main.o(i.SendControlCANTask)
    i.SensorsRead                            0x080032ec   Section        0  main.o(i.SensorsRead)
    i.StartReadSensorsTsk                    0x0800346c   Section        0  main.o(i.StartReadSensorsTsk)
    i.SysTick_Handler                        0x08003480   Section        0  port.o(i.SysTick_Handler)
    i.SystemClock_Config                     0x080034b4   Section        0  main.o(i.SystemClock_Config)
    i.SystemInit                             0x08003548   Section        0  system_stm32f1xx.o(i.SystemInit)
    i.TIM7_IRQHandler                        0x0800354c   Section        0  stm32f1xx_it.o(i.TIM7_IRQHandler)
    i.TIM_Base_SetConfig                     0x0800355c   Section        0  stm32f1xx_hal_tim.o(i.TIM_Base_SetConfig)
    i.TIM_CCxChannelCmd                      0x080035e0   Section        0  stm32f1xx_hal_tim.o(i.TIM_CCxChannelCmd)
    i.TIM_OC1_SetConfig                      0x08003604   Section        0  stm32f1xx_hal_tim.o(i.TIM_OC1_SetConfig)
    TIM_OC1_SetConfig                        0x08003605   Thumb Code    90  stm32f1xx_hal_tim.o(i.TIM_OC1_SetConfig)
    i.TIM_OC2_SetConfig                      0x08003664   Section        0  stm32f1xx_hal_tim.o(i.TIM_OC2_SetConfig)
    i.TIM_OC3_SetConfig                      0x080036cc   Section        0  stm32f1xx_hal_tim.o(i.TIM_OC3_SetConfig)
    TIM_OC3_SetConfig                        0x080036cd   Thumb Code    98  stm32f1xx_hal_tim.o(i.TIM_OC3_SetConfig)
    i.TIM_OC4_SetConfig                      0x08003734   Section        0  stm32f1xx_hal_tim.o(i.TIM_OC4_SetConfig)
    TIM_OC4_SetConfig                        0x08003735   Thumb Code    68  stm32f1xx_hal_tim.o(i.TIM_OC4_SetConfig)
    i.UsageFault_Handler                     0x0800377c   Section        0  stm32f1xx_it.o(i.UsageFault_Handler)
    i.__NVIC_GetPriorityGrouping             0x08003780   Section        0  stm32f1xx_hal_cortex.o(i.__NVIC_GetPriorityGrouping)
    __NVIC_GetPriorityGrouping               0x08003781   Thumb Code    10  stm32f1xx_hal_cortex.o(i.__NVIC_GetPriorityGrouping)
    i.__NVIC_SetPriority                     0x08003790   Section        0  stm32f1xx_hal_cortex.o(i.__NVIC_SetPriority)
    __NVIC_SetPriority                       0x08003791   Thumb Code    32  stm32f1xx_hal_cortex.o(i.__NVIC_SetPriority)
    i.convert                                0x080037b8   Section        0  main.o(i.convert)
    i.exponential_filter                     0x08003800   Section        0  main.o(i.exponential_filter)
    i.main                                   0x08003834   Section        0  main.o(i.main)
    i.makeFreeRtosPriority                   0x08003904   Section        0  cmsis_os.o(i.makeFreeRtosPriority)
    makeFreeRtosPriority                     0x08003905   Thumb Code    14  cmsis_os.o(i.makeFreeRtosPriority)
    i.osDelay                                0x08003912   Section        0  cmsis_os.o(i.osDelay)
    i.osKernelStart                          0x0800392a   Section        0  cmsis_os.o(i.osKernelStart)
    i.osThreadCreate                         0x08003934   Section        0  cmsis_os.o(i.osThreadCreate)
    i.prvAddCurrentTaskToDelayedList         0x08003994   Section        0  tasks.o(i.prvAddCurrentTaskToDelayedList)
    prvAddCurrentTaskToDelayedList           0x08003995   Thumb Code   124  tasks.o(i.prvAddCurrentTaskToDelayedList)
    i.prvAddNewTaskToReadyList               0x08003a2c   Section        0  tasks.o(i.prvAddNewTaskToReadyList)
    prvAddNewTaskToReadyList                 0x08003a2d   Thumb Code   150  tasks.o(i.prvAddNewTaskToReadyList)
    i.prvCheckTasksWaitingTermination        0x08003ae0   Section        0  tasks.o(i.prvCheckTasksWaitingTermination)
    prvCheckTasksWaitingTermination          0x08003ae1   Thumb Code    60  tasks.o(i.prvCheckTasksWaitingTermination)
    i.prvDeleteTCB                           0x08003b28   Section        0  tasks.o(i.prvDeleteTCB)
    prvDeleteTCB                             0x08003b29   Thumb Code    80  tasks.o(i.prvDeleteTCB)
    i.prvHeapInit                            0x08003b78   Section        0  heap_4.o(i.prvHeapInit)
    prvHeapInit                              0x08003b79   Thumb Code    98  heap_4.o(i.prvHeapInit)
    i.prvIdleTask                            0x08003bf4   Section        0  tasks.o(i.prvIdleTask)
    prvIdleTask                              0x08003bf5   Thumb Code    32  tasks.o(i.prvIdleTask)
    i.prvInitialiseNewTask                   0x08003c1c   Section        0  tasks.o(i.prvInitialiseNewTask)
    prvInitialiseNewTask                     0x08003c1d   Thumb Code   170  tasks.o(i.prvInitialiseNewTask)
    i.prvInitialiseTaskLists                 0x08003cc8   Section        0  tasks.o(i.prvInitialiseTaskLists)
    prvInitialiseTaskLists                   0x08003cc9   Thumb Code    70  tasks.o(i.prvInitialiseTaskLists)
    i.prvInsertBlockIntoFreeList             0x08003d30   Section        0  heap_4.o(i.prvInsertBlockIntoFreeList)
    prvInsertBlockIntoFreeList               0x08003d31   Thumb Code    96  heap_4.o(i.prvInsertBlockIntoFreeList)
    i.prvResetNextTaskUnblockTime            0x08003d98   Section        0  tasks.o(i.prvResetNextTaskUnblockTime)
    prvResetNextTaskUnblockTime              0x08003d99   Thumb Code    42  tasks.o(i.prvResetNextTaskUnblockTime)
    i.prvTaskExitError                       0x08003dcc   Section        0  port.o(i.prvTaskExitError)
    prvTaskExitError                         0x08003dcd   Thumb Code    60  port.o(i.prvTaskExitError)
    i.pvPortMalloc                           0x08003e0c   Section        0  heap_4.o(i.pvPortMalloc)
    i.pxPortInitialiseStack                  0x08003f48   Section        0  port.o(i.pxPortInitialiseStack)
    i.supervisorTask                         0x08003f6c   Section        0  main.o(i.supervisorTask)
    i.uxListRemove                           0x08003f76   Section        0  list.o(i.uxListRemove)
    i.vApplicationGetIdleTaskMemory          0x08003fa0   Section        0  freertos.o(i.vApplicationGetIdleTaskMemory)
    i.vListInitialise                        0x08003fb8   Section        0  list.o(i.vListInitialise)
    i.vListInitialiseItem                    0x08003fd2   Section        0  list.o(i.vListInitialiseItem)
    i.vListInsert                            0x08003fd8   Section        0  list.o(i.vListInsert)
    i.vListInsertEnd                         0x0800400c   Section        0  list.o(i.vListInsertEnd)
    i.vPortEnterCritical                     0x08004024   Section        0  port.o(i.vPortEnterCritical)
    i.vPortExitCritical                      0x08004078   Section        0  port.o(i.vPortExitCritical)
    i.vPortFree                              0x080040b4   Section        0  heap_4.o(i.vPortFree)
    i.vPortSetupTimerInterrupt               0x08004148   Section        0  port.o(i.vPortSetupTimerInterrupt)
    i.vTaskDelay                             0x08004170   Section        0  tasks.o(i.vTaskDelay)
    i.vTaskStartScheduler                    0x080041cc   Section        0  tasks.o(i.vTaskStartScheduler)
    i.vTaskSuspendAll                        0x0800427c   Section        0  tasks.o(i.vTaskSuspendAll)
    i.vTaskSwitchContext                     0x0800428c   Section        0  tasks.o(i.vTaskSwitchContext)
    i.xPortStartScheduler                    0x08004318   Section        0  port.o(i.xPortStartScheduler)
    i.xTaskCreate                            0x08004410   Section        0  tasks.o(i.xTaskCreate)
    i.xTaskCreateStatic                      0x08004474   Section        0  tasks.o(i.xTaskCreateStatic)
    i.xTaskIncrementTick                     0x0800452c   Section        0  tasks.o(i.xTaskIncrementTick)
    i.xTaskResumeAll                         0x08004674   Section        0  tasks.o(i.xTaskResumeAll)
    x$fpl$fadd                               0x08004778   Section      196  faddsub_clz.o(x$fpl$fadd)
    _fadd1                                   0x08004787   Thumb Code     0  faddsub_clz.o(x$fpl$fadd)
    x$fpl$fcmpinf                            0x0800483c   Section       24  fcmpi.o(x$fpl$fcmpinf)
    x$fpl$fdiv                               0x08004854   Section      388  fdiv.o(x$fpl$fdiv)
    _fdiv1                                   0x08004855   Thumb Code     0  fdiv.o(x$fpl$fdiv)
    x$fpl$fflt                               0x080049d8   Section       48  fflt_clz.o(x$fpl$fflt)
    x$fpl$fleqf                              0x08004a08   Section      104  fleqf.o(x$fpl$fleqf)
    x$fpl$fmul                               0x08004a70   Section      258  fmul.o(x$fpl$fmul)
    x$fpl$fnaninf                            0x08004b72   Section      140  fnaninf.o(x$fpl$fnaninf)
    x$fpl$fretinf                            0x08004bfe   Section       10  fretinf.o(x$fpl$fretinf)
    x$fpl$frleqf                             0x08004c08   Section       98  frleqf.o(x$fpl$frleqf)
    x$fpl$frsb                               0x08004c6a   Section       20  faddsub_clz.o(x$fpl$frsb)
    x$fpl$fsub                               0x08004c80   Section      234  faddsub_clz.o(x$fpl$fsub)
    _fsub1                                   0x08004c8f   Thumb Code     0  faddsub_clz.o(x$fpl$fsub)
    x$fpl$usenofp                            0x08004d6a   Section        0  usenofp.o(x$fpl$usenofp)
    .constdata                               0x08004d6c   Section      112  main.o(.constdata)
    .constdata                               0x08004ddc   Section       30  stm32f1xx_hal_rcc.o(.constdata)
    aPLLMULFactorTable                       0x08004ddc   Data          14  stm32f1xx_hal_rcc.o(.constdata)
    aPredivFactorTable                       0x08004dea   Data          16  stm32f1xx_hal_rcc.o(.constdata)
    .constdata                               0x08004dfa   Section       30  stm32f1xx_hal_rcc_ex.o(.constdata)
    aPLLMULFactorTable                       0x08004dfa   Data          14  stm32f1xx_hal_rcc_ex.o(.constdata)
    aPredivFactorTable                       0x08004e08   Data          16  stm32f1xx_hal_rcc_ex.o(.constdata)
    .constdata                               0x08004e18   Section       24  system_stm32f1xx.o(.constdata)
    .conststring                             0x08004e30   Section       52  main.o(.conststring)
    .data                                    0x20000000   Section      248  main.o(.data)
    outPIDpne                                0x20000058   Data           4  main.o(.data)
    outPIDhyd                                0x2000005c   Data           4  main.o(.data)
    outPIDmoment                             0x20000060   Data           4  main.o(.data)
    error_PID                                0x200000a4   Data           4  main.o(.data)
    error_PID_prev                           0x200000a8   Data           4  main.o(.data)
    Prop                                     0x200000ac   Data           4  main.o(.data)
    Int                                      0x200000b0   Data           4  main.o(.data)
    Dif                                      0x200000b4   Data           4  main.o(.data)
    Int_prev                                 0x200000b8   Data           4  main.o(.data)
    out_PID                                  0x200000bc   Data           4  main.o(.data)
    error_PID                                0x200000c0   Data           4  main.o(.data)
    error_PID_prev                           0x200000c4   Data           4  main.o(.data)
    Prop                                     0x200000c8   Data           4  main.o(.data)
    Int                                      0x200000cc   Data           4  main.o(.data)
    Dif                                      0x200000d0   Data           4  main.o(.data)
    Int_prev                                 0x200000d4   Data           4  main.o(.data)
    out_PID                                  0x200000d8   Data           4  main.o(.data)
    error_PID                                0x200000dc   Data           4  main.o(.data)
    error_PID_prev                           0x200000e0   Data           4  main.o(.data)
    Prop                                     0x200000e4   Data           4  main.o(.data)
    Int                                      0x200000e8   Data           4  main.o(.data)
    Dif                                      0x200000ec   Data           4  main.o(.data)
    Int_prev                                 0x200000f0   Data           4  main.o(.data)
    out_PID                                  0x200000f4   Data           4  main.o(.data)
    .data                                    0x200000f8   Section        9  stm32f1xx_hal.o(.data)
    .data                                    0x20000104   Section        4  system_stm32f1xx.o(.data)
    .data                                    0x20000108   Section       60  tasks.o(.data)
    pxDelayedTaskList                        0x2000010c   Data           4  tasks.o(.data)
    pxOverflowDelayedTaskList                0x20000110   Data           4  tasks.o(.data)
    uxDeletedTasksWaitingCleanUp             0x20000114   Data           4  tasks.o(.data)
    uxCurrentNumberOfTasks                   0x20000118   Data           4  tasks.o(.data)
    xTickCount                               0x2000011c   Data           4  tasks.o(.data)
    uxTopReadyPriority                       0x20000120   Data           4  tasks.o(.data)
    xSchedulerRunning                        0x20000124   Data           4  tasks.o(.data)
    uxPendedTicks                            0x20000128   Data           4  tasks.o(.data)
    xYieldPending                            0x2000012c   Data           4  tasks.o(.data)
    xNumOfOverflows                          0x20000130   Data           4  tasks.o(.data)
    uxTaskNumber                             0x20000134   Data           4  tasks.o(.data)
    xNextTaskUnblockTime                     0x20000138   Data           4  tasks.o(.data)
    xIdleTaskHandle                          0x2000013c   Data           4  tasks.o(.data)
    uxSchedulerSuspended                     0x20000140   Data           4  tasks.o(.data)
    .data                                    0x20000144   Section       24  heap_4.o(.data)
    xStart                                   0x20000144   Data           8  heap_4.o(.data)
    pxEnd                                    0x2000014c   Data           4  heap_4.o(.data)
    xFreeBytesRemaining                      0x20000150   Data           4  heap_4.o(.data)
    xMinimumEverFreeBytesRemaining           0x20000154   Data           4  heap_4.o(.data)
    xBlockAllocatedBit                       0x20000158   Data           4  heap_4.o(.data)
    .data                                    0x2000015c   Section       12  port.o(.data)
    uxCriticalNesting                        0x2000015c   Data           4  port.o(.data)
    ucMaxSysCallPriority                     0x20000160   Data           1  port.o(.data)
    ulMaxPRIGROUPValue                       0x20000164   Data           4  port.o(.data)
    .bss                                     0x20000168   Section      272  main.o(.bss)
    .bss                                     0x20000278   Section      596  freertos.o(.bss)
    xIdleTaskTCBBuffer                       0x20000278   Data          84  freertos.o(.bss)
    xIdleStack                               0x200002cc   Data         512  freertos.o(.bss)
    .bss                                     0x200004cc   Section       72  stm32f1xx_hal_timebase_tim.o(.bss)
    .bss                                     0x20000514   Section      240  tasks.o(.bss)
    pxReadyTasksLists                        0x20000514   Data         140  tasks.o(.bss)
    xDelayedTaskList1                        0x200005a0   Data          20  tasks.o(.bss)
    xDelayedTaskList2                        0x200005b4   Data          20  tasks.o(.bss)
    xPendingReadyList                        0x200005c8   Data          20  tasks.o(.bss)
    xTasksWaitingTermination                 0x200005dc   Data          20  tasks.o(.bss)
    xSuspendedTaskList                       0x200005f0   Data          20  tasks.o(.bss)
    .bss                                     0x20000604   Section     4096  heap_4.o(.bss)
    ucHeap                                   0x20000604   Data        4096  heap_4.o(.bss)
    .bss                                     0x20001604   Section       96  libspace.o(.bss)
    HEAP                                     0x20001668   Section      512  startup_stm32f105xc.o(HEAP)
    Heap_Mem                                 0x20001668   Data         512  startup_stm32f105xc.o(HEAP)
    STACK                                    0x20001868   Section     1024  startup_stm32f105xc.o(STACK)
    Stack_Mem                                0x20001868   Data        1024  startup_stm32f105xc.o(STACK)
    __initial_sp                             0x20001c68   Data           0  startup_stm32f105xc.o(STACK)

    Global Symbols

    Symbol Name                              Value     Ov Type        Size  Object(Section)

    BuildAttributes$$THM_ISAv4$P$D$K$B$S$PE$A:L22UL41UL21$X:L11$S22US41US21$IEEE1$IW$USESV6$~STKCKD$USESV7$~SHL$OTIME$ROPI$IEEEJ$EBA8$UX$STANDARDLIB$REQ8$PRES8$EABIv2 0x00000000   Number         0  anon$$obj.o ABSOLUTE
    __ARM_use_no_argv                        0x00000000   Number         0  main.o ABSOLUTE
    __ARM_exceptions_init                     - Undefined Weak Reference
    __alloca_initialize                       - Undefined Weak Reference
    __arm_fini_                               - Undefined Weak Reference
    __arm_preinit_                            - Undefined Weak Reference
    __cpp_initialize__aeabi_                  - Undefined Weak Reference
    __cxa_finalize                            - Undefined Weak Reference
    __rt_locale                               - Undefined Weak Reference
    __sigvec_lookup                           - Undefined Weak Reference
    _atexit_init                              - Undefined Weak Reference
    _call_atexit_fns                          - Undefined Weak Reference
    _clock_init                               - Undefined Weak Reference
    _fp_trap_init                             - Undefined Weak Reference
    _fp_trap_shutdown                         - Undefined Weak Reference
    _get_lc_collate                           - Undefined Weak Reference
    _get_lc_ctype                             - Undefined Weak Reference
    _get_lc_monetary                          - Undefined Weak Reference
    _get_lc_numeric                           - Undefined Weak Reference
    _get_lc_time                              - Undefined Weak Reference
    _getenv_init                              - Undefined Weak Reference
    _handle_redirection                       - Undefined Weak Reference
    _init_alloc                               - Undefined Weak Reference
    _init_user_alloc                          - Undefined Weak Reference
    _initio                                   - Undefined Weak Reference
    _rand_init                                - Undefined Weak Reference
    _signal_finish                            - Undefined Weak Reference
    _signal_init                              - Undefined Weak Reference
    _terminate_alloc                          - Undefined Weak Reference
    _terminate_user_alloc                     - Undefined Weak Reference
    _terminateio                              - Undefined Weak Reference
    __Vectors_Size                           0x00000150   Number         0  startup_stm32f105xc.o ABSOLUTE
    __Vectors                                0x08000000   Data           4  startup_stm32f105xc.o(RESET)
    __Vectors_End                            0x08000150   Data           0  startup_stm32f105xc.o(RESET)
    __main                                   0x08000151   Thumb Code     8  __main.o(!!!main)
    __scatterload                            0x08000159   Thumb Code     0  __scatter.o(!!!scatter)
    __scatterload_rt2                        0x08000159   Thumb Code    44  __scatter.o(!!!scatter)
    __scatterload_rt2_thumb_only             0x08000159   Thumb Code     0  __scatter.o(!!!scatter)
    __scatterload_null                       0x08000167   Thumb Code     0  __scatter.o(!!!scatter)
    __decompress                             0x0800018d   Thumb Code    90  __dczerorl2.o(!!dczerorl2)
    __decompress1                            0x0800018d   Thumb Code     0  __dczerorl2.o(!!dczerorl2)
    __scatterload_zeroinit                   0x080001e9   Thumb Code    28  __scatter_zi.o(!!handler_zi)
    __rt_lib_init                            0x08000205   Thumb Code     0  libinit.o(.ARM.Collect$$libinit$$00000000)
    __rt_lib_init_alloca_1                   0x08000207   Thumb Code     0  libinit2.o(.ARM.Collect$$libinit$$0000002E)
    __rt_lib_init_argv_1                     0x08000207   Thumb Code     0  libinit2.o(.ARM.Collect$$libinit$$0000002C)
    __rt_lib_init_atexit_1                   0x08000207   Thumb Code     0  libinit2.o(.ARM.Collect$$libinit$$0000001B)
    __rt_lib_init_clock_1                    0x08000207   Thumb Code     0  libinit2.o(.ARM.Collect$$libinit$$00000021)
    __rt_lib_init_cpp_1                      0x08000207   Thumb Code     0  libinit2.o(.ARM.Collect$$libinit$$00000032)
    __rt_lib_init_exceptions_1               0x08000207   Thumb Code     0  libinit2.o(.ARM.Collect$$libinit$$00000030)
    __rt_lib_init_fp_1                       0x08000207   Thumb Code     0  libinit2.o(.ARM.Collect$$libinit$$00000002)
    __rt_lib_init_fp_trap_1                  0x08000207   Thumb Code     0  libinit2.o(.ARM.Collect$$libinit$$0000001F)
    __rt_lib_init_getenv_1                   0x08000207   Thumb Code     0  libinit2.o(.ARM.Collect$$libinit$$00000023)
    __rt_lib_init_heap_1                     0x08000207   Thumb Code     0  libinit2.o(.ARM.Collect$$libinit$$0000000A)
    __rt_lib_init_lc_collate_1               0x08000207   Thumb Code     0  libinit2.o(.ARM.Collect$$libinit$$00000011)
    __rt_lib_init_lc_ctype_1                 0x08000207   Thumb Code     0  libinit2.o(.ARM.Collect$$libinit$$00000013)
    __rt_lib_init_lc_monetary_1              0x08000207   Thumb Code     0  libinit2.o(.ARM.Collect$$libinit$$00000015)
    __rt_lib_init_lc_numeric_1               0x08000207   Thumb Code     0  libinit2.o(.ARM.Collect$$libinit$$00000017)
    __rt_lib_init_lc_time_1                  0x08000207   Thumb Code     0  libinit2.o(.ARM.Collect$$libinit$$00000019)
    __rt_lib_init_preinit_1                  0x08000207   Thumb Code     0  libinit2.o(.ARM.Collect$$libinit$$00000004)
    __rt_lib_init_rand_1                     0x08000207   Thumb Code     0  libinit2.o(.ARM.Collect$$libinit$$0000000E)
    __rt_lib_init_return                     0x08000207   Thumb Code     0  libinit2.o(.ARM.Collect$$libinit$$00000033)
    __rt_lib_init_signal_1                   0x08000207   Thumb Code     0  libinit2.o(.ARM.Collect$$libinit$$0000001D)
    __rt_lib_init_stdio_1                    0x08000207   Thumb Code     0  libinit2.o(.ARM.Collect$$libinit$$00000025)
    __rt_lib_init_user_alloc_1               0x08000207   Thumb Code     0  libinit2.o(.ARM.Collect$$libinit$$0000000C)
    __rt_lib_shutdown                        0x08000209   Thumb Code     0  libshutdown.o(.ARM.Collect$$libshutdown$$00000000)
    __rt_lib_shutdown_cpp_1                  0x0800020b   Thumb Code     0  libshutdown2.o(.ARM.Collect$$libshutdown$$00000004)
    __rt_lib_shutdown_fini_1                 0x0800020b   Thumb Code     0  libshutdown2.o(.ARM.Collect$$libshutdown$$00000002)
    __rt_lib_shutdown_fp_trap_1              0x0800020b   Thumb Code     0  libshutdown2.o(.ARM.Collect$$libshutdown$$00000009)
    __rt_lib_shutdown_heap_1                 0x0800020b   Thumb Code     0  libshutdown2.o(.ARM.Collect$$libshutdown$$00000011)
    __rt_lib_shutdown_return                 0x0800020b   Thumb Code     0  libshutdown2.o(.ARM.Collect$$libshutdown$$00000012)
    __rt_lib_shutdown_signal_1               0x0800020b   Thumb Code     0  libshutdown2.o(.ARM.Collect$$libshutdown$$0000000C)
    __rt_lib_shutdown_stdio_1                0x0800020b   Thumb Code     0  libshutdown2.o(.ARM.Collect$$libshutdown$$00000006)
    __rt_lib_shutdown_user_alloc_1           0x0800020b   Thumb Code     0  libshutdown2.o(.ARM.Collect$$libshutdown$$0000000E)
    __rt_entry                               0x0800020d   Thumb Code     0  __rtentry.o(.ARM.Collect$$rtentry$$00000000)
    __rt_entry_presh_1                       0x0800020d   Thumb Code     0  __rtentry2.o(.ARM.Collect$$rtentry$$00000002)
    __rt_entry_sh                            0x0800020d   Thumb Code     0  __rtentry4.o(.ARM.Collect$$rtentry$$00000004)
    __rt_entry_li                            0x08000213   Thumb Code     0  __rtentry2.o(.ARM.Collect$$rtentry$$0000000A)
    __rt_entry_postsh_1                      0x08000213   Thumb Code     0  __rtentry2.o(.ARM.Collect$$rtentry$$00000009)
    __rt_entry_main                          0x08000217   Thumb Code     0  __rtentry2.o(.ARM.Collect$$rtentry$$0000000D)
    __rt_entry_postli_1                      0x08000217   Thumb Code     0  __rtentry2.o(.ARM.Collect$$rtentry$$0000000C)
    __rt_exit                                0x0800021f   Thumb Code     0  rtexit.o(.ARM.Collect$$rtexit$$00000000)
    __rt_exit_ls                             0x08000221   Thumb Code     0  rtexit2.o(.ARM.Collect$$rtexit$$00000003)
    __rt_exit_prels_1                        0x08000221   Thumb Code     0  rtexit2.o(.ARM.Collect$$rtexit$$00000002)
    __rt_exit_exit                           0x08000225   Thumb Code     0  rtexit2.o(.ARM.Collect$$rtexit$$00000004)
    SVC_Handler                              0x0800022d   Thumb Code    32  port.o(.emb_text)
    __asm___6_port_c_39a90d8d__prvStartFirstTask 0x08000251   Thumb Code    28  port.o(.emb_text)
    PendSV_Handler                           0x08000271   Thumb Code    72  port.o(.emb_text)
    vPortGetIPSR                             0x080002bd   Thumb Code     6  port.o(.emb_text)
    Reset_Handler                            0x080002c5   Thumb Code     8  startup_stm32f105xc.o(.text)
    CAN1_RX0_IRQHandler                      0x080002df   Thumb Code     0  startup_stm32f105xc.o(.text)
    CAN1_RX1_IRQHandler                      0x080002df   Thumb Code     0  startup_stm32f105xc.o(.text)
    CAN1_SCE_IRQHandler                      0x080002df   Thumb Code     0  startup_stm32f105xc.o(.text)
    CAN1_TX_IRQHandler                       0x080002df   Thumb Code     0  startup_stm32f105xc.o(.text)
    CAN2_RX1_IRQHandler                      0x080002df   Thumb Code     0  startup_stm32f105xc.o(.text)
    CAN2_SCE_IRQHandler                      0x080002df   Thumb Code     0  startup_stm32f105xc.o(.text)
    DMA1_Channel1_IRQHandler                 0x080002df   Thumb Code     0  startup_stm32f105xc.o(.text)
    DMA1_Channel2_IRQHandler                 0x080002df   Thumb Code     0  startup_stm32f105xc.o(.text)
    DMA1_Channel3_IRQHandler                 0x080002df   Thumb Code     0  startup_stm32f105xc.o(.text)
    DMA1_Channel4_IRQHandler                 0x080002df   Thumb Code     0  startup_stm32f105xc.o(.text)
    DMA1_Channel5_IRQHandler                 0x080002df   Thumb Code     0  startup_stm32f105xc.o(.text)
    DMA1_Channel6_IRQHandler                 0x080002df   Thumb Code     0  startup_stm32f105xc.o(.text)
    DMA1_Channel7_IRQHandler                 0x080002df   Thumb Code     0  startup_stm32f105xc.o(.text)
    DMA2_Channel1_IRQHandler                 0x080002df   Thumb Code     0  startup_stm32f105xc.o(.text)
    DMA2_Channel2_IRQHandler                 0x080002df   Thumb Code     0  startup_stm32f105xc.o(.text)
    DMA2_Channel3_IRQHandler                 0x080002df   Thumb Code     0  startup_stm32f105xc.o(.text)
    DMA2_Channel4_IRQHandler                 0x080002df   Thumb Code     0  startup_stm32f105xc.o(.text)
    DMA2_Channel5_IRQHandler                 0x080002df   Thumb Code     0  startup_stm32f105xc.o(.text)
    EXTI0_IRQHandler                         0x080002df   Thumb Code     0  startup_stm32f105xc.o(.text)
    EXTI15_10_IRQHandler                     0x080002df   Thumb Code     0  startup_stm32f105xc.o(.text)
    EXTI1_IRQHandler                         0x080002df   Thumb Code     0  startup_stm32f105xc.o(.text)
    EXTI2_IRQHandler                         0x080002df   Thumb Code     0  startup_stm32f105xc.o(.text)
    EXTI3_IRQHandler                         0x080002df   Thumb Code     0  startup_stm32f105xc.o(.text)
    EXTI4_IRQHandler                         0x080002df   Thumb Code     0  startup_stm32f105xc.o(.text)
    EXTI9_5_IRQHandler                       0x080002df   Thumb Code     0  startup_stm32f105xc.o(.text)
    FLASH_IRQHandler                         0x080002df   Thumb Code     0  startup_stm32f105xc.o(.text)
    I2C1_ER_IRQHandler                       0x080002df   Thumb Code     0  startup_stm32f105xc.o(.text)
    I2C1_EV_IRQHandler                       0x080002df   Thumb Code     0  startup_stm32f105xc.o(.text)
    I2C2_ER_IRQHandler                       0x080002df   Thumb Code     0  startup_stm32f105xc.o(.text)
    I2C2_EV_IRQHandler                       0x080002df   Thumb Code     0  startup_stm32f105xc.o(.text)
    OTG_FS_IRQHandler                        0x080002df   Thumb Code     0  startup_stm32f105xc.o(.text)
    OTG_FS_WKUP_IRQHandler                   0x080002df   Thumb Code     0  startup_stm32f105xc.o(.text)
    PVD_IRQHandler                           0x080002df   Thumb Code     0  startup_stm32f105xc.o(.text)
    RCC_IRQHandler                           0x080002df   Thumb Code     0  startup_stm32f105xc.o(.text)
    RTC_Alarm_IRQHandler                     0x080002df   Thumb Code     0  startup_stm32f105xc.o(.text)
    RTC_IRQHandler                           0x080002df   Thumb Code     0  startup_stm32f105xc.o(.text)
    SPI1_IRQHandler                          0x080002df   Thumb Code     0  startup_stm32f105xc.o(.text)
    SPI2_IRQHandler                          0x080002df   Thumb Code     0  startup_stm32f105xc.o(.text)
    SPI3_IRQHandler                          0x080002df   Thumb Code     0  startup_stm32f105xc.o(.text)
    TAMPER_IRQHandler                        0x080002df   Thumb Code     0  startup_stm32f105xc.o(.text)
    TIM1_BRK_IRQHandler                      0x080002df   Thumb Code     0  startup_stm32f105xc.o(.text)
    TIM1_CC_IRQHandler                       0x080002df   Thumb Code     0  startup_stm32f105xc.o(.text)
    TIM1_TRG_COM_IRQHandler                  0x080002df   Thumb Code     0  startup_stm32f105xc.o(.text)
    TIM1_UP_IRQHandler                       0x080002df   Thumb Code     0  startup_stm32f105xc.o(.text)
    TIM2_IRQHandler                          0x080002df   Thumb Code     0  startup_stm32f105xc.o(.text)
    TIM3_IRQHandler                          0x080002df   Thumb Code     0  startup_stm32f105xc.o(.text)
    TIM4_IRQHandler                          0x080002df   Thumb Code     0  startup_stm32f105xc.o(.text)
    TIM5_IRQHandler                          0x080002df   Thumb Code     0  startup_stm32f105xc.o(.text)
    TIM6_IRQHandler                          0x080002df   Thumb Code     0  startup_stm32f105xc.o(.text)
    UART4_IRQHandler                         0x080002df   Thumb Code     0  startup_stm32f105xc.o(.text)
    UART5_IRQHandler                         0x080002df   Thumb Code     0  startup_stm32f105xc.o(.text)
    USART1_IRQHandler                        0x080002df   Thumb Code     0  startup_stm32f105xc.o(.text)
    USART2_IRQHandler                        0x080002df   Thumb Code     0  startup_stm32f105xc.o(.text)
    USART3_IRQHandler                        0x080002df   Thumb Code     0  startup_stm32f105xc.o(.text)
    WWDG_IRQHandler                          0x080002df   Thumb Code     0  startup_stm32f105xc.o(.text)
    __user_initial_stackheap                 0x080002e1   Thumb Code     0  startup_stm32f105xc.o(.text)
    __aeabi_uldivmod                         0x08000305   Thumb Code     0  lludivv7m.o(.text)
    _ll_udiv                                 0x08000305   Thumb Code   238  lludivv7m.o(.text)
    __aeabi_memcpy4                          0x080003f3   Thumb Code     0  rt_memcpy_w.o(.text)
    __aeabi_memcpy8                          0x080003f3   Thumb Code     0  rt_memcpy_w.o(.text)
    __rt_memcpy_w                            0x080003f3   Thumb Code   100  rt_memcpy_w.o(.text)
    _memcpy_lastbytes_aligned                0x0800043b   Thumb Code     0  rt_memcpy_w.o(.text)
    __aeabi_memclr4                          0x08000457   Thumb Code     0  rt_memclr_w.o(.text)
    __aeabi_memclr8                          0x08000457   Thumb Code     0  rt_memclr_w.o(.text)
    __rt_memclr_w                            0x08000457   Thumb Code    78  rt_memclr_w.o(.text)
    _memset_w                                0x0800045b   Thumb Code     0  rt_memclr_w.o(.text)
    __use_two_region_memory                  0x080004a5   Thumb Code     2  heapauxi.o(.text)
    __rt_heap_escrow$2region                 0x080004a7   Thumb Code     2  heapauxi.o(.text)
    __rt_heap_expand$2region                 0x080004a9   Thumb Code     2  heapauxi.o(.text)
    __user_setup_stackheap                   0x080004ab   Thumb Code    74  sys_stackheap_outer.o(.text)
    exit                                     0x080004f5   Thumb Code    18  exit.o(.text)
    __user_libspace                          0x08000509   Thumb Code     8  libspace.o(.text)
    __user_perproc_libspace                  0x08000509   Thumb Code     0  libspace.o(.text)
    __user_perthread_libspace                0x08000509   Thumb Code     0  libspace.o(.text)
    _sys_exit                                0x08000511   Thumb Code     8  sys_exit.o(.text)
    __I$use$semihosting                      0x0800051d   Thumb Code     0  use_no_semi.o(.text)
    __use_no_semihosting_swi                 0x0800051d   Thumb Code     2  use_no_semi.o(.text)
    __semihosting_library_function           0x0800051f   Thumb Code     0  indicate_semi.o(.text)
    ADC1_2_IRQHandler                        0x08000521   Thumb Code    10  stm32f1xx_it.o(i.ADC1_2_IRQHandler)
    ADC_ConversionStop_Disable               0x08000531   Thumb Code    92  stm32f1xx_hal_adc.o(i.ADC_ConversionStop_Disable)
    ADC_Enable                               0x0800058d   Thumb Code   134  stm32f1xx_hal_adc.o(i.ADC_Enable)
    BRAKE_LIGHT_FUNCTION                     0x0800061d   Thumb Code    52  main.o(i.BRAKE_LIGHT_FUNCTION)
    BusFault_Handler                         0x0800065d   Thumb Code     4  stm32f1xx_it.o(i.BusFault_Handler)
    CAN2_RX0_IRQHandler                      0x08000661   Thumb Code    10  stm32f1xx_it.o(i.CAN2_RX0_IRQHandler)
    CAN2_TX_IRQHandler                       0x08000671   Thumb Code    10  stm32f1xx_it.o(i.CAN2_TX_IRQHandler)
    DebugMon_Handler                         0x08000681   Thumb Code     2  stm32f1xx_it.o(i.DebugMon_Handler)
    Error_Handler                            0x08000683   Thumb Code     6  main.o(i.Error_Handler)
    HAL_ADCEx_Calibration_Start              0x08000689   Thumb Code   278  stm32f1xx_hal_adc_ex.o(i.HAL_ADCEx_Calibration_Start)
    HAL_ADCEx_InjectedConfigChannel          0x080007a5   Thumb Code   584  stm32f1xx_hal_adc_ex.o(i.HAL_ADCEx_InjectedConfigChannel)
    HAL_ADCEx_InjectedConvCpltCallback       0x080009f9   Thumb Code    74  main.o(i.HAL_ADCEx_InjectedConvCpltCallback)
    HAL_ADCEx_InjectedGetValue               0x08000a55   Thumb Code    50  stm32f1xx_hal_adc_ex.o(i.HAL_ADCEx_InjectedGetValue)
    HAL_ADCEx_InjectedStart_IT               0x08000a89   Thumb Code   238  stm32f1xx_hal_adc_ex.o(i.HAL_ADCEx_InjectedStart_IT)
    HAL_ADC_ConvCpltCallback                 0x08000b81   Thumb Code     2  stm32f1xx_hal_adc.o(i.HAL_ADC_ConvCpltCallback)
    HAL_ADC_IRQHandler                       0x08000b83   Thumb Code   274  stm32f1xx_hal_adc.o(i.HAL_ADC_IRQHandler)
    HAL_ADC_Init                             0x08000c95   Thumb Code   314  stm32f1xx_hal_adc.o(i.HAL_ADC_Init)
    HAL_ADC_LevelOutOfWindowCallback         0x08000dd9   Thumb Code     2  stm32f1xx_hal_adc.o(i.HAL_ADC_LevelOutOfWindowCallback)
    HAL_ADC_MspInit                          0x08000ddd   Thumb Code   154  stm32f1xx_hal_msp.o(i.HAL_ADC_MspInit)
    HAL_CAN_ActivateNotification             0x08000e89   Thumb Code    42  stm32f1xx_hal_can.o(i.HAL_CAN_ActivateNotification)
    HAL_CAN_AddTxMessage                     0x08000eb3   Thumb Code   330  stm32f1xx_hal_can.o(i.HAL_CAN_AddTxMessage)
    HAL_CAN_ConfigFilter                     0x08000ffd   Thumb Code   286  stm32f1xx_hal_can.o(i.HAL_CAN_ConfigFilter)
    HAL_CAN_ErrorCallback                    0x08001121   Thumb Code     2  stm32f1xx_hal_can.o(i.HAL_CAN_ErrorCallback)
    HAL_CAN_IRQHandler                       0x08001123   Thumb Code   590  stm32f1xx_hal_can.o(i.HAL_CAN_IRQHandler)
    HAL_CAN_Init                             0x08001371   Thumb Code   372  stm32f1xx_hal_can.o(i.HAL_CAN_Init)
    HAL_CAN_MspInit                          0x080014e5   Thumb Code   180  stm32f1xx_hal_msp.o(i.HAL_CAN_MspInit)
    HAL_CAN_RxFifo0FullCallback              0x080015a5   Thumb Code     2  stm32f1xx_hal_can.o(i.HAL_CAN_RxFifo0FullCallback)
    HAL_CAN_RxFifo0MsgPendingCallback        0x080015a7   Thumb Code     2  stm32f1xx_hal_can.o(i.HAL_CAN_RxFifo0MsgPendingCallback)
    HAL_CAN_RxFifo1FullCallback              0x080015a9   Thumb Code     2  stm32f1xx_hal_can.o(i.HAL_CAN_RxFifo1FullCallback)
    HAL_CAN_RxFifo1MsgPendingCallback        0x080015ab   Thumb Code     2  stm32f1xx_hal_can.o(i.HAL_CAN_RxFifo1MsgPendingCallback)
    HAL_CAN_SleepCallback                    0x080015ad   Thumb Code     2  stm32f1xx_hal_can.o(i.HAL_CAN_SleepCallback)
    HAL_CAN_Start                            0x080015af   Thumb Code    94  stm32f1xx_hal_can.o(i.HAL_CAN_Start)
    HAL_CAN_TxMailbox0AbortCallback          0x0800160d   Thumb Code     2  stm32f1xx_hal_can.o(i.HAL_CAN_TxMailbox0AbortCallback)
    HAL_CAN_TxMailbox0CompleteCallback       0x0800160f   Thumb Code     2  stm32f1xx_hal_can.o(i.HAL_CAN_TxMailbox0CompleteCallback)
    HAL_CAN_TxMailbox1AbortCallback          0x08001611   Thumb Code     2  stm32f1xx_hal_can.o(i.HAL_CAN_TxMailbox1AbortCallback)
    HAL_CAN_TxMailbox1CompleteCallback       0x08001613   Thumb Code     2  stm32f1xx_hal_can.o(i.HAL_CAN_TxMailbox1CompleteCallback)
    HAL_CAN_TxMailbox2AbortCallback          0x08001615   Thumb Code     2  stm32f1xx_hal_can.o(i.HAL_CAN_TxMailbox2AbortCallback)
    HAL_CAN_TxMailbox2CompleteCallback       0x08001617   Thumb Code     2  stm32f1xx_hal_can.o(i.HAL_CAN_TxMailbox2CompleteCallback)
    HAL_CAN_WakeUpFromRxMsgCallback          0x08001619   Thumb Code     2  stm32f1xx_hal_can.o(i.HAL_CAN_WakeUpFromRxMsgCallback)
    HAL_DAC_ConfigChannel                    0x0800161b   Thumb Code   110  stm32f1xx_hal_dac.o(i.HAL_DAC_ConfigChannel)
    HAL_DAC_Init                             0x08001689   Thumb Code    40  stm32f1xx_hal_dac.o(i.HAL_DAC_Init)
    HAL_DAC_MspInit                          0x080016b1   Thumb Code    98  stm32f1xx_hal_msp.o(i.HAL_DAC_MspInit)
    HAL_DAC_Start                            0x08001721   Thumb Code   126  stm32f1xx_hal_dac.o(i.HAL_DAC_Start)
    HAL_GPIO_Init                            0x080017a1   Thumb Code   766  stm32f1xx_hal_gpio.o(i.HAL_GPIO_Init)
    HAL_GPIO_WritePin                        0x08001ac1   Thumb Code    12  stm32f1xx_hal_gpio.o(i.HAL_GPIO_WritePin)
    HAL_GetTick                              0x08001acd   Thumb Code     6  stm32f1xx_hal.o(i.HAL_GetTick)
    HAL_IncTick                              0x08001ad9   Thumb Code    16  stm32f1xx_hal.o(i.HAL_IncTick)
    HAL_Init                                 0x08001af1   Thumb Code    34  stm32f1xx_hal.o(i.HAL_Init)
    HAL_InitTick                             0x08001b19   Thumb Code   158  stm32f1xx_hal_timebase_tim.o(i.HAL_InitTick)
    HAL_MspInit                              0x08001bcd   Thumb Code    86  stm32f1xx_hal_msp.o(i.HAL_MspInit)
    HAL_NVIC_EnableIRQ                       0x08001c2d   Thumb Code    32  stm32f1xx_hal_cortex.o(i.HAL_NVIC_EnableIRQ)
    HAL_NVIC_SetPriority                     0x08001c4d   Thumb Code   124  stm32f1xx_hal_cortex.o(i.HAL_NVIC_SetPriority)
    HAL_NVIC_SetPriorityGrouping             0x08001cc9   Thumb Code    32  stm32f1xx_hal_cortex.o(i.HAL_NVIC_SetPriorityGrouping)
    HAL_RCCEx_GetPeriphCLKFreq               0x08001cf1   Thumb Code   468  stm32f1xx_hal_rcc_ex.o(i.HAL_RCCEx_GetPeriphCLKFreq)
    HAL_RCCEx_PeriphCLKConfig                0x08001ed9   Thumb Code   510  stm32f1xx_hal_rcc_ex.o(i.HAL_RCCEx_PeriphCLKConfig)
    HAL_RCC_ClockConfig                      0x080020e9   Thumb Code   376  stm32f1xx_hal_rcc.o(i.HAL_RCC_ClockConfig)
    HAL_RCC_GetClockConfig                   0x08002275   Thumb Code    58  stm32f1xx_hal_rcc.o(i.HAL_RCC_GetClockConfig)
    HAL_RCC_GetHCLKFreq                      0x080022b9   Thumb Code     6  stm32f1xx_hal_rcc.o(i.HAL_RCC_GetHCLKFreq)
    HAL_RCC_GetPCLK1Freq                     0x080022c5   Thumb Code    22  stm32f1xx_hal_rcc.o(i.HAL_RCC_GetPCLK1Freq)
    HAL_RCC_GetPCLK2Freq                     0x080022e5   Thumb Code    22  stm32f1xx_hal_rcc.o(i.HAL_RCC_GetPCLK2Freq)
    HAL_RCC_GetSysClockFreq                  0x08002305   Thumb Code   210  stm32f1xx_hal_rcc.o(i.HAL_RCC_GetSysClockFreq)
    HAL_RCC_OscConfig                        0x080023ed   Thumb Code  1378  stm32f1xx_hal_rcc.o(i.HAL_RCC_OscConfig)
    HAL_TIMEx_BreakCallback                  0x08002959   Thumb Code     2  stm32f1xx_hal_tim_ex.o(i.HAL_TIMEx_BreakCallback)
    HAL_TIMEx_CommutCallback                 0x0800295b   Thumb Code     2  stm32f1xx_hal_tim_ex.o(i.HAL_TIMEx_CommutCallback)
    HAL_TIMEx_MasterConfigSynchronization    0x0800295d   Thumb Code   126  stm32f1xx_hal_tim_ex.o(i.HAL_TIMEx_MasterConfigSynchronization)
    HAL_TIM_Base_Init                        0x080029ed   Thumb Code   102  stm32f1xx_hal_tim.o(i.HAL_TIM_Base_Init)
    HAL_TIM_Base_MspInit                     0x08002a53   Thumb Code     2  stm32f1xx_hal_tim.o(i.HAL_TIM_Base_MspInit)
    HAL_TIM_Base_Start_IT                    0x08002a55   Thumb Code   114  stm32f1xx_hal_tim.o(i.HAL_TIM_Base_Start_IT)
    HAL_TIM_IC_CaptureCallback               0x08002ad9   Thumb Code     2  stm32f1xx_hal_tim.o(i.HAL_TIM_IC_CaptureCallback)
    HAL_TIM_IRQHandler                       0x08002adb   Thumb Code   406  stm32f1xx_hal_tim.o(i.HAL_TIM_IRQHandler)
    HAL_TIM_MspPostInit                      0x08002c71   Thumb Code    74  stm32f1xx_hal_msp.o(i.HAL_TIM_MspPostInit)
    HAL_TIM_OC_DelayElapsedCallback          0x08002cc9   Thumb Code     2  stm32f1xx_hal_tim.o(i.HAL_TIM_OC_DelayElapsedCallback)
    HAL_TIM_PWM_ConfigChannel                0x08002ccb   Thumb Code   260  stm32f1xx_hal_tim.o(i.HAL_TIM_PWM_ConfigChannel)
    HAL_TIM_PWM_Init                         0x08002dcf   Thumb Code   102  stm32f1xx_hal_tim.o(i.HAL_TIM_PWM_Init)
    HAL_TIM_PWM_MspInit                      0x08002e35   Thumb Code    40  stm32f1xx_hal_msp.o(i.HAL_TIM_PWM_MspInit)
    HAL_TIM_PWM_PulseFinishedCallback        0x08002e65   Thumb Code     2  stm32f1xx_hal_tim.o(i.HAL_TIM_PWM_PulseFinishedCallback)
    HAL_TIM_PWM_Start                        0x08002e69   Thumb Code   206  stm32f1xx_hal_tim.o(i.HAL_TIM_PWM_Start)
    HAL_TIM_PeriodElapsedCallback            0x08002f49   Thumb Code    18  main.o(i.HAL_TIM_PeriodElapsedCallback)
    HAL_TIM_TriggerCallback                  0x08002f61   Thumb Code     2  stm32f1xx_hal_tim.o(i.HAL_TIM_TriggerCallback)
    HardFault_Handler                        0x08002f63   Thumb Code     4  stm32f1xx_it.o(i.HardFault_Handler)
    ManageTask                               0x08003271   Thumb Code    10  main.o(i.ManageTask)
    MemManage_Handler                        0x0800327b   Thumb Code     4  stm32f1xx_it.o(i.MemManage_Handler)
    NMI_Handler                              0x0800327f   Thumb Code     4  stm32f1xx_it.o(i.NMI_Handler)
    SendControlCANTask                       0x080032ad   Thumb Code    38  main.o(i.SendControlCANTask)
    SensorsRead                              0x080032ed   Thumb Code   290  main.o(i.SensorsRead)
    StartReadSensorsTsk                      0x0800346d   Thumb Code    18  main.o(i.StartReadSensorsTsk)
    SysTick_Handler                          0x08003481   Thumb Code    46  port.o(i.SysTick_Handler)
    SystemClock_Config                       0x080034b5   Thumb Code   144  main.o(i.SystemClock_Config)
    SystemInit                               0x08003549   Thumb Code     2  system_stm32f1xx.o(i.SystemInit)
    TIM7_IRQHandler                          0x0800354d   Thumb Code    10  stm32f1xx_it.o(i.TIM7_IRQHandler)
    TIM_Base_SetConfig                       0x0800355d   Thumb Code   116  stm32f1xx_hal_tim.o(i.TIM_Base_SetConfig)
    TIM_CCxChannelCmd                        0x080035e1   Thumb Code    34  stm32f1xx_hal_tim.o(i.TIM_CCxChannelCmd)
    TIM_OC2_SetConfig                        0x08003665   Thumb Code   100  stm32f1xx_hal_tim.o(i.TIM_OC2_SetConfig)
    UsageFault_Handler                       0x0800377d   Thumb Code     4  stm32f1xx_it.o(i.UsageFault_Handler)
    convert                                  0x080037b9   Thumb Code    72  main.o(i.convert)
    exponential_filter                       0x08003801   Thumb Code    50  main.o(i.exponential_filter)
    main                                     0x08003835   Thumb Code   170  main.o(i.main)
    osDelay                                  0x08003913   Thumb Code    24  cmsis_os.o(i.osDelay)
    osKernelStart                            0x0800392b   Thumb Code    10  cmsis_os.o(i.osKernelStart)
    osThreadCreate                           0x08003935   Thumb Code    94  cmsis_os.o(i.osThreadCreate)
    pvPortMalloc                             0x08003e0d   Thumb Code   296  heap_4.o(i.pvPortMalloc)
    pxPortInitialiseStack                    0x08003f49   Thumb Code    30  port.o(i.pxPortInitialiseStack)
    supervisorTask                           0x08003f6d   Thumb Code    10  main.o(i.supervisorTask)
    uxListRemove                             0x08003f77   Thumb Code    40  list.o(i.uxListRemove)
    vApplicationGetIdleTaskMemory            0x08003fa1   Thumb Code    14  freertos.o(i.vApplicationGetIdleTaskMemory)
    vListInitialise                          0x08003fb9   Thumb Code    26  list.o(i.vListInitialise)
    vListInitialiseItem                      0x08003fd3   Thumb Code     6  list.o(i.vListInitialiseItem)
    vListInsert                              0x08003fd9   Thumb Code    52  list.o(i.vListInsert)
    vListInsertEnd                           0x0800400d   Thumb Code    24  list.o(i.vListInsertEnd)
    vPortEnterCritical                       0x08004025   Thumb Code    76  port.o(i.vPortEnterCritical)
    vPortExitCritical                        0x08004079   Thumb Code    56  port.o(i.vPortExitCritical)
    vPortFree                                0x080040b5   Thumb Code   140  heap_4.o(i.vPortFree)
    vPortSetupTimerInterrupt                 0x08004149   Thumb Code    36  port.o(i.vPortSetupTimerInterrupt)
    vTaskDelay                               0x08004171   Thumb Code    82  tasks.o(i.vTaskDelay)
    vTaskStartScheduler                      0x080041cd   Thumb Code   146  tasks.o(i.vTaskStartScheduler)
    vTaskSuspendAll                          0x0800427d   Thumb Code    12  tasks.o(i.vTaskSuspendAll)
    vTaskSwitchContext                       0x0800428d   Thumb Code   118  tasks.o(i.vTaskSwitchContext)
    xPortStartScheduler                      0x08004319   Thumb Code   228  port.o(i.xPortStartScheduler)
    xTaskCreate                              0x08004411   Thumb Code   100  tasks.o(i.xTaskCreate)
    xTaskCreateStatic                        0x08004475   Thumb Code   184  tasks.o(i.xTaskCreateStatic)
    xTaskIncrementTick                       0x0800452d   Thumb Code   282  tasks.o(i.xTaskIncrementTick)
    xTaskResumeAll                           0x08004675   Thumb Code   224  tasks.o(i.xTaskResumeAll)
    __aeabi_fadd                             0x08004779   Thumb Code     0  faddsub_clz.o(x$fpl$fadd)
    _fadd                                    0x08004779   Thumb Code   196  faddsub_clz.o(x$fpl$fadd)
    __fpl_fcmp_Inf                           0x0800483d   Thumb Code    24  fcmpi.o(x$fpl$fcmpinf)
    __aeabi_fdiv                             0x08004855   Thumb Code     0  fdiv.o(x$fpl$fdiv)
    _fdiv                                    0x08004855   Thumb Code   384  fdiv.o(x$fpl$fdiv)
    __aeabi_i2f                              0x080049d9   Thumb Code     0  fflt_clz.o(x$fpl$fflt)
    _fflt                                    0x080049d9   Thumb Code    48  fflt_clz.o(x$fpl$fflt)
    __aeabi_cfcmple                          0x08004a09   Thumb Code     0  fleqf.o(x$fpl$fleqf)
    _fcmple                                  0x08004a09   Thumb Code   104  fleqf.o(x$fpl$fleqf)
    __fpl_fcmple_InfNaN                      0x08004a5b   Thumb Code     0  fleqf.o(x$fpl$fleqf)
    __aeabi_fmul                             0x08004a71   Thumb Code     0  fmul.o(x$fpl$fmul)
    _fmul                                    0x08004a71   Thumb Code   258  fmul.o(x$fpl$fmul)
    __fpl_fnaninf                            0x08004b73   Thumb Code   140  fnaninf.o(x$fpl$fnaninf)
    __fpl_fretinf                            0x08004bff   Thumb Code    10  fretinf.o(x$fpl$fretinf)
    __aeabi_cfrcmple                         0x08004c09   Thumb Code     0  frleqf.o(x$fpl$frleqf)
    _frcmple                                 0x08004c09   Thumb Code    98  frleqf.o(x$fpl$frleqf)
    __aeabi_frsub                            0x08004c6b   Thumb Code     0  faddsub_clz.o(x$fpl$frsb)
    _frsb                                    0x08004c6b   Thumb Code    20  faddsub_clz.o(x$fpl$frsb)
    __aeabi_fsub                             0x08004c81   Thumb Code     0  faddsub_clz.o(x$fpl$fsub)
    _fsub                                    0x08004c81   Thumb Code   234  faddsub_clz.o(x$fpl$fsub)
    __I$use$fp                               0x08004d6a   Number         0  usenofp.o(x$fpl$usenofp)
    AHBPrescTable                            0x08004e18   Data          16  system_stm32f1xx.o(.constdata)
    APBPrescTable                            0x08004e28   Data           8  system_stm32f1xx.o(.constdata)
    Region$$Table$$Base                      0x08004e64   Number         0  anon$$obj.o(Region$$Table)
    Region$$Table$$Limit                     0x08004e84   Number         0  anon$$obj.o(Region$$Table)
    ASBSignal                                0x20000000   Data           1  main.o(.data)
    ErrorFlag                                0x20000001   Data           1  main.o(.data)
    ASBState                                 0x20000002   Data           1  main.o(.data)
    ASBStatus                                0x20000003   Data           1  main.o(.data)
    adc                                      0x20000004   Data           8  main.o(.data)
    ADC_flag                                 0x2000000c   Data           1  main.o(.data)
    VAL_BrakeSensFront                       0x20000010   Data           4  main.o(.data)
    VAL_BrakeSensFront_prev                  0x20000014   Data           4  main.o(.data)
    VAL_BrakeSensFront_f                     0x20000018   Data           4  main.o(.data)
    ADC_BrakeSensFront                       0x2000001c   Data           2  main.o(.data)
    VAL_BrakeSensRear                        0x20000020   Data           4  main.o(.data)
    VAL_BrakeSensRear_prev                   0x20000024   Data           4  main.o(.data)
    VAL_BrakeSensRear_f                      0x20000028   Data           4  main.o(.data)
    ADC_BrakeSensRear                        0x2000002c   Data           2  main.o(.data)
    VAL_HydroPressure                        0x20000030   Data           4  main.o(.data)
    VAL_Pressure_BP1                         0x20000034   Data           4  main.o(.data)
    VAL_Pressure_BP1_prev                    0x20000038   Data           4  main.o(.data)
    VAL_Pressure_BP1_f                       0x2000003c   Data           4  main.o(.data)
    ADC_Pressure_BP1                         0x20000040   Data           2  main.o(.data)
    VAL_Pressure_BP2                         0x20000044   Data           4  main.o(.data)
    VAL_Pressure_BP2_prev                    0x20000048   Data           4  main.o(.data)
    VAL_Pressure_BP2_f                       0x2000004c   Data           4  main.o(.data)
    ADC_Pressure_BP2                         0x20000050   Data           2  main.o(.data)
    VAL_MomentBrake                          0x20000054   Data           4  main.o(.data)
    setPneumoValue                           0x20000064   Data           4  main.o(.data)
    setHydroValue                            0x20000068   Data           4  main.o(.data)
    setMomentValue                           0x2000006c   Data           4  main.o(.data)
    EBS_STATUS                               0x20000070   Data           1  main.o(.data)
    setVoltage                               0x20000072   Data           2  main.o(.data)
    SDC_STATUS                               0x20000074   Data           1  main.o(.data)
    readSensorsHandle                        0x20000078   Data           4  main.o(.data)
    supervisorHandle                         0x2000007c   Data           4  main.o(.data)
    ManageSysTaskHandle                      0x20000080   Data           4  main.o(.data)
    SendCANTaskHandle                        0x20000084   Data           4  main.o(.data)
    TxMailbox                                0x20000088   Data           4  main.o(.data)
    i                                        0x2000008c   Data           1  main.o(.data)
    recieve                                  0x2000008d   Data           1  main.o(.data)
    transmit                                 0x20000090   Data           4  main.o(.data)
    TX_data                                  0x20000094   Data           8  main.o(.data)
    RX_data                                  0x2000009c   Data           8  main.o(.data)
    uwTick                                   0x200000f8   Data           4  stm32f1xx_hal.o(.data)
    uwTickPrio                               0x200000fc   Data           4  stm32f1xx_hal.o(.data)
    uwTickFreq                               0x20000100   Data           1  stm32f1xx_hal.o(.data)
    SystemCoreClock                          0x20000104   Data           4  system_stm32f1xx.o(.data)
    pxCurrentTCB                             0x20000108   Data           4  tasks.o(.data)
    hadc1                                    0x20000168   Data          48  main.o(.bss)
    hcan2                                    0x20000198   Data          40  main.o(.bss)
    hdac                                     0x200001c0   Data          20  main.o(.bss)
    htim4                                    0x200001d4   Data          72  main.o(.bss)
    pTxHeader                                0x2000021c   Data          24  main.o(.bss)
    pRxHeader                                0x20000234   Data          28  main.o(.bss)
    sFilterConfig                            0x20000250   Data          40  main.o(.bss)
    htim7                                    0x200004cc   Data          72  stm32f1xx_hal_timebase_tim.o(.bss)
    __libspace_start                         0x20001604   Data          96  libspace.o(.bss)
    __temporary_stack_top$libspace           0x20001664   Data           0  libspace.o(.bss)



==============================================================================

Memory Map of the image

  Image Entry point : 0x08000151

  Load Region LR_IROM1 (Base: 0x08000000, Size: 0x00004fec, Max: 0x00040000, ABSOLUTE, COMPRESSED[0x00004e94])

    Execution Region ER_IROM1 (Exec base: 0x08000000, Load base: 0x08000000, Size: 0x00004e84, Max: 0x00040000, ABSOLUTE)

    Exec Addr    Load Addr    Size         Type   Attr      Idx    E Section Name        Object

    0x08000000   0x08000000   0x00000150   Data   RO            3    RESET               startup_stm32f105xc.o
    0x08000150   0x08000150   0x00000008   Code   RO         4698  * !!!main             c_w.l(__main.o)
    0x08000158   0x08000158   0x00000034   Code   RO         4932    !!!scatter          c_w.l(__scatter.o)
    0x0800018c   0x0800018c   0x0000005a   Code   RO         4930    !!dczerorl2         c_w.l(__dczerorl2.o)
    0x080001e6   0x080001e6   0x00000002   PAD
    0x080001e8   0x080001e8   0x0000001c   Code   RO         4934    !!handler_zi        c_w.l(__scatter_zi.o)
    0x08000204   0x08000204   0x00000002   Code   RO         4798    .ARM.Collect$$libinit$$00000000  c_w.l(libinit.o)
    0x08000206   0x08000206   0x00000000   Code   RO         4811    .ARM.Collect$$libinit$$00000002  c_w.l(libinit2.o)
    0x08000206   0x08000206   0x00000000   Code   RO         4813    .ARM.Collect$$libinit$$00000004  c_w.l(libinit2.o)
    0x08000206   0x08000206   0x00000000   Code   RO         4816    .ARM.Collect$$libinit$$0000000A  c_w.l(libinit2.o)
    0x08000206   0x08000206   0x00000000   Code   RO         4818    .ARM.Collect$$libinit$$0000000C  c_w.l(libinit2.o)
    0x08000206   0x08000206   0x00000000   Code   RO         4820    .ARM.Collect$$libinit$$0000000E  c_w.l(libinit2.o)
    0x08000206   0x08000206   0x00000000   Code   RO         4823    .ARM.Collect$$libinit$$00000011  c_w.l(libinit2.o)
    0x08000206   0x08000206   0x00000000   Code   RO         4825    .ARM.Collect$$libinit$$00000013  c_w.l(libinit2.o)
    0x08000206   0x08000206   0x00000000   Code   RO         4827    .ARM.Collect$$libinit$$00000015  c_w.l(libinit2.o)
    0x08000206   0x08000206   0x00000000   Code   RO         4829    .ARM.Collect$$libinit$$00000017  c_w.l(libinit2.o)
    0x08000206   0x08000206   0x00000000   Code   RO         4831    .ARM.Collect$$libinit$$00000019  c_w.l(libinit2.o)
    0x08000206   0x08000206   0x00000000   Code   RO         4833    .ARM.Collect$$libinit$$0000001B  c_w.l(libinit2.o)
    0x08000206   0x08000206   0x00000000   Code   RO         4835    .ARM.Collect$$libinit$$0000001D  c_w.l(libinit2.o)
    0x08000206   0x08000206   0x00000000   Code   RO         4837    .ARM.Collect$$libinit$$0000001F  c_w.l(libinit2.o)
    0x08000206   0x08000206   0x00000000   Code   RO         4839    .ARM.Collect$$libinit$$00000021  c_w.l(libinit2.o)
    0x08000206   0x08000206   0x00000000   Code   RO         4841    .ARM.Collect$$libinit$$00000023  c_w.l(libinit2.o)
    0x08000206   0x08000206   0x00000000   Code   RO         4843    .ARM.Collect$$libinit$$00000025  c_w.l(libinit2.o)
    0x08000206   0x08000206   0x00000000   Code   RO         4847    .ARM.Collect$$libinit$$0000002C  c_w.l(libinit2.o)
    0x08000206   0x08000206   0x00000000   Code   RO         4849    .ARM.Collect$$libinit$$0000002E  c_w.l(libinit2.o)
    0x08000206   0x08000206   0x00000000   Code   RO         4851    .ARM.Collect$$libinit$$00000030  c_w.l(libinit2.o)
    0x08000206   0x08000206   0x00000000   Code   RO         4853    .ARM.Collect$$libinit$$00000032  c_w.l(libinit2.o)
    0x08000206   0x08000206   0x00000002   Code   RO         4854    .ARM.Collect$$libinit$$00000033  c_w.l(libinit2.o)
    0x08000208   0x08000208   0x00000002   Code   RO         4885    .ARM.Collect$$libshutdown$$00000000  c_w.l(libshutdown.o)
    0x0800020a   0x0800020a   0x00000000   Code   RO         4911    .ARM.Collect$$libshutdown$$00000002  c_w.l(libshutdown2.o)
    0x0800020a   0x0800020a   0x00000000   Code   RO         4913    .ARM.Collect$$libshutdown$$00000004  c_w.l(libshutdown2.o)
    0x0800020a   0x0800020a   0x00000000   Code   RO         4915    .ARM.Collect$$libshutdown$$00000006  c_w.l(libshutdown2.o)
    0x0800020a   0x0800020a   0x00000000   Code   RO         4918    .ARM.Collect$$libshutdown$$00000009  c_w.l(libshutdown2.o)
    0x0800020a   0x0800020a   0x00000000   Code   RO         4921    .ARM.Collect$$libshutdown$$0000000C  c_w.l(libshutdown2.o)
    0x0800020a   0x0800020a   0x00000000   Code   RO         4923    .ARM.Collect$$libshutdown$$0000000E  c_w.l(libshutdown2.o)
    0x0800020a   0x0800020a   0x00000000   Code   RO         4926    .ARM.Collect$$libshutdown$$00000011  c_w.l(libshutdown2.o)
    0x0800020a   0x0800020a   0x00000002   Code   RO         4927    .ARM.Collect$$libshutdown$$00000012  c_w.l(libshutdown2.o)
    0x0800020c   0x0800020c   0x00000000   Code   RO         4746    .ARM.Collect$$rtentry$$00000000  c_w.l(__rtentry.o)
    0x0800020c   0x0800020c   0x00000000   Code   RO         4769    .ARM.Collect$$rtentry$$00000002  c_w.l(__rtentry2.o)
    0x0800020c   0x0800020c   0x00000006   Code   RO         4781    .ARM.Collect$$rtentry$$00000004  c_w.l(__rtentry4.o)
    0x08000212   0x08000212   0x00000000   Code   RO         4771    .ARM.Collect$$rtentry$$00000009  c_w.l(__rtentry2.o)
    0x08000212   0x08000212   0x00000004   Code   RO         4772    .ARM.Collect$$rtentry$$0000000A  c_w.l(__rtentry2.o)
    0x08000216   0x08000216   0x00000000   Code   RO         4774    .ARM.Collect$$rtentry$$0000000C  c_w.l(__rtentry2.o)
    0x08000216   0x08000216   0x00000008   Code   RO         4775    .ARM.Collect$$rtentry$$0000000D  c_w.l(__rtentry2.o)
    0x0800021e   0x0800021e   0x00000002   Code   RO         4802    .ARM.Collect$$rtexit$$00000000  c_w.l(rtexit.o)
    0x08000220   0x08000220   0x00000000   Code   RO         4858    .ARM.Collect$$rtexit$$00000002  c_w.l(rtexit2.o)
    0x08000220   0x08000220   0x00000004   Code   RO         4859    .ARM.Collect$$rtexit$$00000003  c_w.l(rtexit2.o)
    0x08000224   0x08000224   0x00000006   Code   RO         4860    .ARM.Collect$$rtexit$$00000004  c_w.l(rtexit2.o)
    0x0800022a   0x0800022a   0x00000002   PAD
    0x0800022c   0x0800022c   0x00000096   Code   RO         4605    .emb_text           port.o
    0x080002c2   0x080002c2   0x00000002   PAD
    0x080002c4   0x080002c4   0x00000040   Code   RO            4    .text               startup_stm32f105xc.o
    0x08000304   0x08000304   0x000000ee   Code   RO         4684    .text               c_w.l(lludivv7m.o)
    0x080003f2   0x080003f2   0x00000064   Code   RO         4690    .text               c_w.l(rt_memcpy_w.o)
    0x08000456   0x08000456   0x0000004e   Code   RO         4694    .text               c_w.l(rt_memclr_w.o)
    0x080004a4   0x080004a4   0x00000006   Code   RO         4696    .text               c_w.l(heapauxi.o)
    0x080004aa   0x080004aa   0x0000004a   Code   RO         4785    .text               c_w.l(sys_stackheap_outer.o)
    0x080004f4   0x080004f4   0x00000012   Code   RO         4787    .text               c_w.l(exit.o)
    0x08000506   0x08000506   0x00000002   PAD
    0x08000508   0x08000508   0x00000008   Code   RO         4799    .text               c_w.l(libspace.o)
    0x08000510   0x08000510   0x0000000c   Code   RO         4855    .text               c_w.l(sys_exit.o)
    0x0800051c   0x0800051c   0x00000002   Code   RO         4874    .text               c_w.l(use_no_semi.o)
    0x0800051e   0x0800051e   0x00000000   Code   RO         4876    .text               c_w.l(indicate_semi.o)
    0x0800051e   0x0800051e   0x00000002   PAD
    0x08000520   0x08000520   0x00000010   Code   RO          359    i.ADC1_2_IRQHandler  stm32f1xx_it.o
    0x08000530   0x08000530   0x0000005c   Code   RO          594    i.ADC_ConversionStop_Disable  stm32f1xx_hal_adc.o
    0x0800058c   0x0800058c   0x00000090   Code   RO          598    i.ADC_Enable        stm32f1xx_hal_adc.o
    0x0800061c   0x0800061c   0x00000040   Code   RO           13    i.BRAKE_LIGHT_FUNCTION  main.o
    0x0800065c   0x0800065c   0x00000004   Code   RO          360    i.BusFault_Handler  stm32f1xx_it.o
    0x08000660   0x08000660   0x00000010   Code   RO          361    i.CAN2_RX0_IRQHandler  stm32f1xx_it.o
    0x08000670   0x08000670   0x00000010   Code   RO          362    i.CAN2_TX_IRQHandler  stm32f1xx_it.o
    0x08000680   0x08000680   0x00000002   Code   RO          363    i.DebugMon_Handler  stm32f1xx_it.o
    0x08000682   0x08000682   0x00000006   Code   RO           15    i.Error_Handler     main.o
    0x08000688   0x08000688   0x0000011c   Code   RO          774    i.HAL_ADCEx_Calibration_Start  stm32f1xx_hal_adc_ex.o
    0x080007a4   0x080007a4   0x00000254   Code   RO          775    i.HAL_ADCEx_InjectedConfigChannel  stm32f1xx_hal_adc_ex.o
    0x080009f8   0x080009f8   0x0000005c   Code   RO           16    i.HAL_ADCEx_InjectedConvCpltCallback  main.o
    0x08000a54   0x08000a54   0x00000032   Code   RO          777    i.HAL_ADCEx_InjectedGetValue  stm32f1xx_hal_adc_ex.o
    0x08000a86   0x08000a86   0x00000002   PAD
    0x08000a88   0x08000a88   0x000000f8   Code   RO          780    i.HAL_ADCEx_InjectedStart_IT  stm32f1xx_hal_adc_ex.o
    0x08000b80   0x08000b80   0x00000002   Code   RO          601    i.HAL_ADC_ConvCpltCallback  stm32f1xx_hal_adc.o
    0x08000b82   0x08000b82   0x00000112   Code   RO          608    i.HAL_ADC_IRQHandler  stm32f1xx_hal_adc.o
    0x08000c94   0x08000c94   0x00000144   Code   RO          609    i.HAL_ADC_Init      stm32f1xx_hal_adc.o
    0x08000dd8   0x08000dd8   0x00000002   Code   RO          610    i.HAL_ADC_LevelOutOfWindowCallback  stm32f1xx_hal_adc.o
    0x08000dda   0x08000dda   0x00000002   PAD
    0x08000ddc   0x08000ddc   0x000000ac   Code   RO          442    i.HAL_ADC_MspInit   stm32f1xx_hal_msp.o
    0x08000e88   0x08000e88   0x0000002a   Code   RO         1903    i.HAL_CAN_ActivateNotification  stm32f1xx_hal_can.o
    0x08000eb2   0x08000eb2   0x0000014a   Code   RO         1904    i.HAL_CAN_AddTxMessage  stm32f1xx_hal_can.o
    0x08000ffc   0x08000ffc   0x00000124   Code   RO         1905    i.HAL_CAN_ConfigFilter  stm32f1xx_hal_can.o
    0x08001120   0x08001120   0x00000002   Code   RO         1908    i.HAL_CAN_ErrorCallback  stm32f1xx_hal_can.o
    0x08001122   0x08001122   0x0000024e   Code   RO         1915    i.HAL_CAN_IRQHandler  stm32f1xx_hal_can.o
    0x08001370   0x08001370   0x00000174   Code   RO         1916    i.HAL_CAN_Init      stm32f1xx_hal_can.o
    0x080014e4   0x080014e4   0x000000c0   Code   RO          444    i.HAL_CAN_MspInit   stm32f1xx_hal_msp.o
    0x080015a4   0x080015a4   0x00000002   Code   RO         1923    i.HAL_CAN_RxFifo0FullCallback  stm32f1xx_hal_can.o
    0x080015a6   0x080015a6   0x00000002   Code   RO         1924    i.HAL_CAN_RxFifo0MsgPendingCallback  stm32f1xx_hal_can.o
    0x080015a8   0x080015a8   0x00000002   Code   RO         1925    i.HAL_CAN_RxFifo1FullCallback  stm32f1xx_hal_can.o
    0x080015aa   0x080015aa   0x00000002   Code   RO         1926    i.HAL_CAN_RxFifo1MsgPendingCallback  stm32f1xx_hal_can.o
    0x080015ac   0x080015ac   0x00000002   Code   RO         1927    i.HAL_CAN_SleepCallback  stm32f1xx_hal_can.o
    0x080015ae   0x080015ae   0x0000005e   Code   RO         1928    i.HAL_CAN_Start     stm32f1xx_hal_can.o
    0x0800160c   0x0800160c   0x00000002   Code   RO         1930    i.HAL_CAN_TxMailbox0AbortCallback  stm32f1xx_hal_can.o
    0x0800160e   0x0800160e   0x00000002   Code   RO         1931    i.HAL_CAN_TxMailbox0CompleteCallback  stm32f1xx_hal_can.o
    0x08001610   0x08001610   0x00000002   Code   RO         1932    i.HAL_CAN_TxMailbox1AbortCallback  stm32f1xx_hal_can.o
    0x08001612   0x08001612   0x00000002   Code   RO         1933    i.HAL_CAN_TxMailbox1CompleteCallback  stm32f1xx_hal_can.o
    0x08001614   0x08001614   0x00000002   Code   RO         1934    i.HAL_CAN_TxMailbox2AbortCallback  stm32f1xx_hal_can.o
    0x08001616   0x08001616   0x00000002   Code   RO         1935    i.HAL_CAN_TxMailbox2CompleteCallback  stm32f1xx_hal_can.o
    0x08001618   0x08001618   0x00000002   Code   RO         1937    i.HAL_CAN_WakeUpFromRxMsgCallback  stm32f1xx_hal_can.o
    0x0800161a   0x0800161a   0x0000006e   Code   RO         2139    i.HAL_DAC_ConfigChannel  stm32f1xx_hal_dac.o
    0x08001688   0x08001688   0x00000028   Code   RO         2149    i.HAL_DAC_Init      stm32f1xx_hal_dac.o
    0x080016b0   0x080016b0   0x00000070   Code   RO          446    i.HAL_DAC_MspInit   stm32f1xx_hal_msp.o
    0x08001720   0x08001720   0x0000007e   Code   RO         2153    i.HAL_DAC_Start     stm32f1xx_hal_dac.o
    0x0800179e   0x0800179e   0x00000002   PAD
    0x080017a0   0x080017a0   0x00000320   Code   RO         1216    i.HAL_GPIO_Init     stm32f1xx_hal_gpio.o
    0x08001ac0   0x08001ac0   0x0000000c   Code   RO         1220    i.HAL_GPIO_WritePin  stm32f1xx_hal_gpio.o
    0x08001acc   0x08001acc   0x0000000c   Code   RO          881    i.HAL_GetTick       stm32f1xx_hal.o
    0x08001ad8   0x08001ad8   0x00000018   Code   RO          887    i.HAL_IncTick       stm32f1xx_hal.o
    0x08001af0   0x08001af0   0x00000028   Code   RO          888    i.HAL_Init          stm32f1xx_hal.o
    0x08001b18   0x08001b18   0x000000b4   Code   RO          519    i.HAL_InitTick      stm32f1xx_hal_timebase_tim.o
    0x08001bcc   0x08001bcc   0x00000060   Code   RO          447    i.HAL_MspInit       stm32f1xx_hal_msp.o
    0x08001c2c   0x08001c2c   0x00000020   Code   RO         1376    i.HAL_NVIC_EnableIRQ  stm32f1xx_hal_cortex.o
    0x08001c4c   0x08001c4c   0x0000007c   Code   RO         1382    i.HAL_NVIC_SetPriority  stm32f1xx_hal_cortex.o
    0x08001cc8   0x08001cc8   0x00000028   Code   RO         1383    i.HAL_NVIC_SetPriorityGrouping  stm32f1xx_hal_cortex.o
    0x08001cf0   0x08001cf0   0x000001e8   Code   RO         1157    i.HAL_RCCEx_GetPeriphCLKFreq  stm32f1xx_hal_rcc_ex.o
    0x08001ed8   0x08001ed8   0x00000210   Code   RO         1158    i.HAL_RCCEx_PeriphCLKConfig  stm32f1xx_hal_rcc_ex.o
    0x080020e8   0x080020e8   0x0000018c   Code   RO         1045    i.HAL_RCC_ClockConfig  stm32f1xx_hal_rcc.o
    0x08002274   0x08002274   0x00000044   Code   RO         1049    i.HAL_RCC_GetClockConfig  stm32f1xx_hal_rcc.o
    0x080022b8   0x080022b8   0x0000000c   Code   RO         1050    i.HAL_RCC_GetHCLKFreq  stm32f1xx_hal_rcc.o
    0x080022c4   0x080022c4   0x00000020   Code   RO         1052    i.HAL_RCC_GetPCLK1Freq  stm32f1xx_hal_rcc.o
    0x080022e4   0x080022e4   0x00000020   Code   RO         1053    i.HAL_RCC_GetPCLK2Freq  stm32f1xx_hal_rcc.o
    0x08002304   0x08002304   0x000000e8   Code   RO         1054    i.HAL_RCC_GetSysClockFreq  stm32f1xx_hal_rcc.o
    0x080023ec   0x080023ec   0x0000056c   Code   RO         1057    i.HAL_RCC_OscConfig  stm32f1xx_hal_rcc.o
    0x08002958   0x08002958   0x00000002   Code   RO         3093    i.HAL_TIMEx_BreakCallback  stm32f1xx_hal_tim_ex.o
    0x0800295a   0x0800295a   0x00000002   Code   RO         3094    i.HAL_TIMEx_CommutCallback  stm32f1xx_hal_tim_ex.o
    0x0800295c   0x0800295c   0x00000090   Code   RO         3112    i.HAL_TIMEx_MasterConfigSynchronization  stm32f1xx_hal_tim_ex.o
    0x080029ec   0x080029ec   0x00000066   Code   RO         2378    i.HAL_TIM_Base_Init  stm32f1xx_hal_tim.o
    0x08002a52   0x08002a52   0x00000002   Code   RO         2380    i.HAL_TIM_Base_MspInit  stm32f1xx_hal_tim.o
    0x08002a54   0x08002a54   0x00000084   Code   RO         2383    i.HAL_TIM_Base_Start_IT  stm32f1xx_hal_tim.o
    0x08002ad8   0x08002ad8   0x00000002   Code   RO         2412    i.HAL_TIM_IC_CaptureCallback  stm32f1xx_hal_tim.o
    0x08002ada   0x08002ada   0x00000196   Code   RO         2426    i.HAL_TIM_IRQHandler  stm32f1xx_hal_tim.o
    0x08002c70   0x08002c70   0x00000058   Code   RO          448    i.HAL_TIM_MspPostInit  stm32f1xx_hal_msp.o
    0x08002cc8   0x08002cc8   0x00000002   Code   RO         2429    i.HAL_TIM_OC_DelayElapsedCallback  stm32f1xx_hal_tim.o
    0x08002cca   0x08002cca   0x00000104   Code   RO         2450    i.HAL_TIM_PWM_ConfigChannel  stm32f1xx_hal_tim.o
    0x08002dce   0x08002dce   0x00000066   Code   RO         2453    i.HAL_TIM_PWM_Init  stm32f1xx_hal_tim.o
    0x08002e34   0x08002e34   0x00000030   Code   RO          450    i.HAL_TIM_PWM_MspInit  stm32f1xx_hal_msp.o
    0x08002e64   0x08002e64   0x00000002   Code   RO         2456    i.HAL_TIM_PWM_PulseFinishedCallback  stm32f1xx_hal_tim.o
    0x08002e66   0x08002e66   0x00000002   PAD
    0x08002e68   0x08002e68   0x000000e0   Code   RO         2458    i.HAL_TIM_PWM_Start  stm32f1xx_hal_tim.o
    0x08002f48   0x08002f48   0x00000018   Code   RO           17    i.HAL_TIM_PeriodElapsedCallback  main.o
    0x08002f60   0x08002f60   0x00000002   Code   RO         2469    i.HAL_TIM_TriggerCallback  stm32f1xx_hal_tim.o
    0x08002f62   0x08002f62   0x00000004   Code   RO          364    i.HardFault_Handler  stm32f1xx_it.o
    0x08002f66   0x08002f66   0x00000002   PAD
    0x08002f68   0x08002f68   0x000000b8   Code   RO           19    i.MX_ADC1_Init      main.o
    0x08003020   0x08003020   0x000000ac   Code   RO           20    i.MX_CAN2_Init      main.o
    0x080030cc   0x080030cc   0x0000003c   Code   RO           21    i.MX_DAC_Init       main.o
    0x08003108   0x08003108   0x000000e8   Code   RO           22    i.MX_GPIO_Init      main.o
    0x080031f0   0x080031f0   0x00000080   Code   RO           23    i.MX_TIM4_Init      main.o
    0x08003270   0x08003270   0x0000000a   Code   RO           24    i.ManageTask        main.o
    0x0800327a   0x0800327a   0x00000004   Code   RO          365    i.MemManage_Handler  stm32f1xx_it.o
    0x0800327e   0x0800327e   0x00000004   Code   RO          366    i.NMI_Handler       stm32f1xx_it.o
    0x08003282   0x08003282   0x00000002   PAD
    0x08003284   0x08003284   0x00000028   Code   RO         1058    i.RCC_Delay         stm32f1xx_hal_rcc.o
    0x080032ac   0x080032ac   0x00000040   Code   RO           28    i.SendControlCANTask  main.o
    0x080032ec   0x080032ec   0x00000180   Code   RO           29    i.SensorsRead       main.o
    0x0800346c   0x0800346c   0x00000012   Code   RO           30    i.StartReadSensorsTsk  main.o
    0x0800347e   0x0800347e   0x00000002   PAD
    0x08003480   0x08003480   0x00000034   Code   RO         4606    i.SysTick_Handler   port.o
    0x080034b4   0x080034b4   0x00000094   Code   RO           31    i.SystemClock_Config  main.o
    0x08003548   0x08003548   0x00000002   Code   RO         3361    i.SystemInit        system_stm32f1xx.o
    0x0800354a   0x0800354a   0x00000002   PAD
    0x0800354c   0x0800354c   0x00000010   Code   RO          367    i.TIM7_IRQHandler   stm32f1xx_it.o
    0x0800355c   0x0800355c   0x00000084   Code   RO         2471    i.TIM_Base_SetConfig  stm32f1xx_hal_tim.o
    0x080035e0   0x080035e0   0x00000022   Code   RO         2472    i.TIM_CCxChannelCmd  stm32f1xx_hal_tim.o
    0x08003602   0x08003602   0x00000002   PAD
    0x08003604   0x08003604   0x00000060   Code   RO         2484    i.TIM_OC1_SetConfig  stm32f1xx_hal_tim.o
    0x08003664   0x08003664   0x00000068   Code   RO         2485    i.TIM_OC2_SetConfig  stm32f1xx_hal_tim.o
    0x080036cc   0x080036cc   0x00000068   Code   RO         2486    i.TIM_OC3_SetConfig  stm32f1xx_hal_tim.o
    0x08003734   0x08003734   0x00000048   Code   RO         2487    i.TIM_OC4_SetConfig  stm32f1xx_hal_tim.o
    0x0800377c   0x0800377c   0x00000004   Code   RO          368    i.UsageFault_Handler  stm32f1xx_it.o
    0x08003780   0x08003780   0x00000010   Code   RO         1389    i.__NVIC_GetPriorityGrouping  stm32f1xx_hal_cortex.o
    0x08003790   0x08003790   0x00000028   Code   RO         1390    i.__NVIC_SetPriority  stm32f1xx_hal_cortex.o
    0x080037b8   0x080037b8   0x00000048   Code   RO           32    i.convert           main.o
    0x08003800   0x08003800   0x00000032   Code   RO           33    i.exponential_filter  main.o
    0x08003832   0x08003832   0x00000002   PAD
    0x08003834   0x08003834   0x000000d0   Code   RO           34    i.main              main.o
    0x08003904   0x08003904   0x0000000e   Code   RO         4177    i.makeFreeRtosPriority  cmsis_os.o
    0x08003912   0x08003912   0x00000018   Code   RO         4179    i.osDelay           cmsis_os.o
    0x0800392a   0x0800392a   0x0000000a   Code   RO         4182    i.osKernelStart     cmsis_os.o
    0x08003934   0x08003934   0x0000005e   Code   RO         4216    i.osThreadCreate    cmsis_os.o
    0x08003992   0x08003992   0x00000002   PAD
    0x08003994   0x08003994   0x00000098   Code   RO         3863    i.prvAddCurrentTaskToDelayedList  tasks.o
    0x08003a2c   0x08003a2c   0x000000b4   Code   RO         3864    i.prvAddNewTaskToReadyList  tasks.o
    0x08003ae0   0x08003ae0   0x00000048   Code   RO         3865    i.prvCheckTasksWaitingTermination  tasks.o
    0x08003b28   0x08003b28   0x00000050   Code   RO         3866    i.prvDeleteTCB      tasks.o
    0x08003b78   0x08003b78   0x0000007c   Code   RO         4544    i.prvHeapInit       heap_4.o
    0x08003bf4   0x08003bf4   0x00000028   Code   RO         3867    i.prvIdleTask       tasks.o
    0x08003c1c   0x08003c1c   0x000000aa   Code   RO         3868    i.prvInitialiseNewTask  tasks.o
    0x08003cc6   0x08003cc6   0x00000002   PAD
    0x08003cc8   0x08003cc8   0x00000068   Code   RO         3869    i.prvInitialiseTaskLists  tasks.o
    0x08003d30   0x08003d30   0x00000068   Code   RO         4545    i.prvInsertBlockIntoFreeList  heap_4.o
    0x08003d98   0x08003d98   0x00000034   Code   RO         3870    i.prvResetNextTaskUnblockTime  tasks.o
    0x08003dcc   0x08003dcc   0x00000040   Code   RO         4607    i.prvTaskExitError  port.o
    0x08003e0c   0x08003e0c   0x0000013c   Code   RO         4546    i.pvPortMalloc      heap_4.o
    0x08003f48   0x08003f48   0x00000024   Code   RO         4608    i.pxPortInitialiseStack  port.o
    0x08003f6c   0x08003f6c   0x0000000a   Code   RO           35    i.supervisorTask    main.o
    0x08003f76   0x08003f76   0x00000028   Code   RO         3498    i.uxListRemove      list.o
    0x08003f9e   0x08003f9e   0x00000002   PAD
    0x08003fa0   0x08003fa0   0x00000018   Code   RO          325    i.vApplicationGetIdleTaskMemory  freertos.o
    0x08003fb8   0x08003fb8   0x0000001a   Code   RO         3499    i.vListInitialise   list.o
    0x08003fd2   0x08003fd2   0x00000006   Code   RO         3500    i.vListInitialiseItem  list.o
    0x08003fd8   0x08003fd8   0x00000034   Code   RO         3501    i.vListInsert       list.o
    0x0800400c   0x0800400c   0x00000018   Code   RO         3502    i.vListInsertEnd    list.o
    0x08004024   0x08004024   0x00000054   Code   RO         4610    i.vPortEnterCritical  port.o
    0x08004078   0x08004078   0x0000003c   Code   RO         4611    i.vPortExitCritical  port.o
    0x080040b4   0x080040b4   0x00000094   Code   RO         4547    i.vPortFree         heap_4.o
    0x08004148   0x08004148   0x00000028   Code   RO         4612    i.vPortSetupTimerInterrupt  port.o
    0x08004170   0x08004170   0x0000005c   Code   RO         3878    i.vTaskDelay        tasks.o
    0x080041cc   0x080041cc   0x000000b0   Code   RO         3891    i.vTaskStartScheduler  tasks.o
    0x0800427c   0x0800427c   0x00000010   Code   RO         3893    i.vTaskSuspendAll   tasks.o
    0x0800428c   0x0800428c   0x0000008c   Code   RO         3894    i.vTaskSwitchContext  tasks.o
    0x08004318   0x08004318   0x000000f8   Code   RO         4614    i.xPortStartScheduler  port.o
    0x08004410   0x08004410   0x00000064   Code   RO         3896    i.xTaskCreate       tasks.o
    0x08004474   0x08004474   0x000000b8   Code   RO         3897    i.xTaskCreateStatic  tasks.o
    0x0800452c   0x0800452c   0x00000148   Code   RO         3904    i.xTaskIncrementTick  tasks.o
    0x08004674   0x08004674   0x00000104   Code   RO         3910    i.xTaskResumeAll    tasks.o
    0x08004778   0x08004778   0x000000c4   Code   RO         4716    x$fpl$fadd          fz_ws.l(faddsub_clz.o)
    0x0800483c   0x0800483c   0x00000018   Code   RO         4761    x$fpl$fcmpinf       fz_ws.l(fcmpi.o)
    0x08004854   0x08004854   0x00000184   Code   RO         4723    x$fpl$fdiv          fz_ws.l(fdiv.o)
    0x080049d8   0x080049d8   0x00000030   Code   RO         4731    x$fpl$fflt          fz_ws.l(fflt_clz.o)
    0x08004a08   0x08004a08   0x00000068   Code   RO         4736    x$fpl$fleqf         fz_ws.l(fleqf.o)
    0x08004a70   0x08004a70   0x00000102   Code   RO         4738    x$fpl$fmul          fz_ws.l(fmul.o)
    0x08004b72   0x08004b72   0x0000008c   Code   RO         4763    x$fpl$fnaninf       fz_ws.l(fnaninf.o)
    0x08004bfe   0x08004bfe   0x0000000a   Code   RO         4765    x$fpl$fretinf       fz_ws.l(fretinf.o)
    0x08004c08   0x08004c08   0x00000062   Code   RO         4740    x$fpl$frleqf        fz_ws.l(frleqf.o)
    0x08004c6a   0x08004c6a   0x00000014   Code   RO         4717    x$fpl$frsb          fz_ws.l(faddsub_clz.o)
    0x08004c7e   0x08004c7e   0x00000002   PAD
    0x08004c80   0x08004c80   0x000000ea   Code   RO         4718    x$fpl$fsub          fz_ws.l(faddsub_clz.o)
    0x08004d6a   0x08004d6a   0x00000000   Code   RO         4767    x$fpl$usenofp       fz_ws.l(usenofp.o)
    0x08004d6a   0x08004d6a   0x00000002   PAD
    0x08004d6c   0x08004d6c   0x00000070   Data   RO           37    .constdata          main.o
    0x08004ddc   0x08004ddc   0x0000001e   Data   RO         1059    .constdata          stm32f1xx_hal_rcc.o
    0x08004dfa   0x08004dfa   0x0000001e   Data   RO         1159    .constdata          stm32f1xx_hal_rcc_ex.o
    0x08004e18   0x08004e18   0x00000018   Data   RO         3362    .constdata          system_stm32f1xx.o
    0x08004e30   0x08004e30   0x00000034   Data   RO           38    .conststring        main.o
    0x08004e64   0x08004e64   0x00000020   Data   RO         4928    Region$$Table       anon$$obj.o


    Execution Region RW_IRAM1 (Exec base: 0x20000000, Load base: 0x08004e84, Size: 0x00001c68, Max: 0x00010000, ABSOLUTE, COMPRESSED[0x00000010])

    Exec Addr    Load Addr    Size         Type   Attr      Idx    E Section Name        Object

    0x20000000   COMPRESSED   0x000000f8   Data   RW           39    .data               main.o
    0x200000f8   COMPRESSED   0x00000009   Data   RW          895    .data               stm32f1xx_hal.o
    0x20000101   COMPRESSED   0x00000003   PAD
    0x20000104   COMPRESSED   0x00000004   Data   RW         3363    .data               system_stm32f1xx.o
    0x20000108   COMPRESSED   0x0000003c   Data   RW         3913    .data               tasks.o
    0x20000144   COMPRESSED   0x00000018   Data   RW         4552    .data               heap_4.o
    0x2000015c   COMPRESSED   0x0000000c   Data   RW         4615    .data               port.o
    0x20000168        -       0x00000110   Zero   RW           36    .bss                main.o
    0x20000278        -       0x00000254   Zero   RW          326    .bss                freertos.o
    0x200004cc        -       0x00000048   Zero   RW          522    .bss                stm32f1xx_hal_timebase_tim.o
    0x20000514        -       0x000000f0   Zero   RW         3912    .bss                tasks.o
    0x20000604        -       0x00001000   Zero   RW         4551    .bss                heap_4.o
    0x20001604        -       0x00000060   Zero   RW         4800    .bss                c_w.l(libspace.o)
    0x20001664   COMPRESSED   0x00000004   PAD
    0x20001668        -       0x00000200   Zero   RW            2    HEAP                startup_stm32f105xc.o
    0x20001868        -       0x00000400   Zero   RW            1    STACK               startup_stm32f105xc.o


==============================================================================

Image component sizes


      Code (inc. data)   RO Data    RW Data    ZI Data      Debug   Object Name

       142          0          0          0          0      22031   cmsis_os.o
         0          0          0          0          0      18164   event_groups.o
        24         10          0          0        596       1224   freertos.o
       692         62          0         24       4096       7183   heap_4.o
       148          0          0          0          0       3374   list.o
      1926        258        164        248        272     677519   main.o
       734         64          0         12          0      10324   port.o
        64         26        336          0       1536        804   startup_stm32f105xc.o
        76         20          0          9          0       5682   stm32f1xx_hal.o
       838         20          0          0          0       4920   stm32f1xx_hal_adc.o
      1178         28          0          0          0       4014   stm32f1xx_hal_adc_ex.o
      1746          6          0          0          0      13232   stm32f1xx_hal_can.o
       252         22          0          0          0      28630   stm32f1xx_hal_cortex.o
       276          0          0          0          0       2635   stm32f1xx_hal_dac.o
       812         34          0          0          0       2652   stm32f1xx_hal_gpio.o
       708         76          0          0          0       4236   stm32f1xx_hal_msp.o
      2200        110         30          0          0       6805   stm32f1xx_hal_rcc.o
      1016         38         30          0          0       2705   stm32f1xx_hal_rcc_ex.o
      1778         72          0          0          0      11917   stm32f1xx_hal_tim.o
       148         18          0          0          0       2405   stm32f1xx_hal_tim_ex.o
       180         22          0          0         72       1443   stm32f1xx_hal_timebase_tim.o
        86         24          0          0          0       4402   stm32f1xx_it.o
         0          0          0          0          0        392   stream_buffer.o
         2          0         24          4          0       1095   system_stm32f1xx.o
      2146        270          0         60        240      16861   tasks.o

    ----------------------------------------------------------------------
     17200       1180        616        360       6812     854649   Object Totals
         0          0         32          0          0          0   (incl. Generated)
        28          0          0          3          0          0   (incl. Padding)

    ----------------------------------------------------------------------

      Code (inc. data)   RO Data    RW Data    ZI Data      Debug   Library Member Name

        90          0          0          0          0          0   __dczerorl2.o
         8          0          0          0          0         68   __main.o
         0          0          0          0          0          0   __rtentry.o
        12          0          0          0          0          0   __rtentry2.o
         6          0          0          0          0          0   __rtentry4.o
        52          8          0          0          0          0   __scatter.o
        28          0          0          0          0          0   __scatter_zi.o
        18          0          0          0          0         80   exit.o
         6          0          0          0          0        152   heapauxi.o
         0          0          0          0          0          0   indicate_semi.o
         2          0          0          0          0          0   libinit.o
         2          0          0          0          0          0   libinit2.o
         2          0          0          0          0          0   libshutdown.o
         2          0          0          0          0          0   libshutdown2.o
         8          4          0          0         96         68   libspace.o
       238          0          0          0          0        100   lludivv7m.o
        78          0          0          0          0         80   rt_memclr_w.o
       100          0          0          0          0         80   rt_memcpy_w.o
         2          0          0          0          0          0   rtexit.o
        10          0          0          0          0          0   rtexit2.o
        12          4          0          0          0         68   sys_exit.o
        74          0          0          0          0         80   sys_stackheap_outer.o
         2          0          0          0          0         68   use_no_semi.o
       450          8          0          0          0        236   faddsub_clz.o
        24          0          0          0          0         68   fcmpi.o
       388         76          0          0          0         96   fdiv.o
        48          0          0          0          0         68   fflt_clz.o
       104          4          0          0          0         84   fleqf.o
       258          4          0          0          0         84   fmul.o
       140          4          0          0          0         84   fnaninf.o
        10          0          0          0          0         68   fretinf.o
        98          0          0          0          0         68   frleqf.o
         0          0          0          0          0          0   usenofp.o

    ----------------------------------------------------------------------
      2284        112          0          0        100       1700   Library Totals
        12          0          0          0          4          0   (incl. Padding)

    ----------------------------------------------------------------------

      Code (inc. data)   RO Data    RW Data    ZI Data      Debug   Library Name

       752         16          0          0         96        844   c_w.l
      1520         96          0          0          0        856   fz_ws.l

    ----------------------------------------------------------------------
      2284        112          0          0        100       1700   Library Totals

    ----------------------------------------------------------------------

==============================================================================


      Code (inc. data)   RO Data    RW Data    ZI Data      Debug   

     19484       1292        616        360       6912     848129   Grand Totals
     19484       1292        616         16       6912     848129   ELF Image Totals (compressed)
     19484       1292        616         16          0          0   ROM Totals

==============================================================================

    Total RO  Size (Code + RO Data)                20100 (  19.63kB)
    Total RW  Size (RW Data + ZI Data)              7272 (   7.10kB)
    Total ROM Size (Code + RO Data + RW Data)      20116 (  19.64kB)

==============================================================================

