Component: ARM Compiler 5.06 update 7 (build 960) Tool: armlink [4d3601]

==============================================================================

Section Cross References

    startup_stm32f105xc.o(STACK) refers (Special) to heapauxi.o(.text) for __use_two_region_memory
    startup_stm32f105xc.o(HEAP) refers (Special) to heapauxi.o(.text) for __use_two_region_memory
    startup_stm32f105xc.o(RESET) refers (Special) to heapauxi.o(.text) for __use_two_region_memory
    startup_stm32f105xc.o(RESET) refers to startup_stm32f105xc.o(STACK) for __initial_sp
    startup_stm32f105xc.o(RESET) refers to startup_stm32f105xc.o(.text) for Reset_Handler
    startup_stm32f105xc.o(RESET) refers to stm32f1xx_it.o(i.NMI_Handler) for NMI_Handler
    startup_stm32f105xc.o(RESET) refers to stm32f1xx_it.o(i.HardFault_Handler) for HardFault_Handler
    startup_stm32f105xc.o(RESET) refers to stm32f1xx_it.o(i.MemManage_Handler) for MemManage_Handler
    startup_stm32f105xc.o(RESET) refers to stm32f1xx_it.o(i.BusFault_Handler) for BusFault_Handler
    startup_stm32f105xc.o(RESET) refers to stm32f1xx_it.o(i.UsageFault_Handler) for UsageFault_Handler
    startup_stm32f105xc.o(RESET) refers to port.o(.emb_text) for SVC_Handler
    startup_stm32f105xc.o(RESET) refers to stm32f1xx_it.o(i.DebugMon_Handler) for DebugMon_Handler
    startup_stm32f105xc.o(RESET) refers to port.o(i.SysTick_Handler) for SysTick_Handler
    startup_stm32f105xc.o(RESET) refers to stm32f1xx_it.o(i.ADC1_2_IRQHandler) for ADC1_2_IRQHandler
    startup_stm32f105xc.o(RESET) refers to stm32f1xx_it.o(i.CAN1_TX_IRQHandler) for CAN1_TX_IRQHandler
    startup_stm32f105xc.o(RESET) refers to stm32f1xx_it.o(i.CAN1_RX0_IRQHandler) for CAN1_RX0_IRQHandler
    startup_stm32f105xc.o(RESET) refers to stm32f1xx_it.o(i.TIM7_IRQHandler) for TIM7_IRQHandler
    startup_stm32f105xc.o(.text) refers (Special) to heapauxi.o(.text) for __use_two_region_memory
    startup_stm32f105xc.o(.text) refers to system_stm32f1xx.o(i.SystemInit) for SystemInit
    startup_stm32f105xc.o(.text) refers to __main.o(!!!main) for __main
    startup_stm32f105xc.o(.text) refers to startup_stm32f105xc.o(HEAP) for Heap_Mem
    startup_stm32f105xc.o(.text) refers to startup_stm32f105xc.o(STACK) for Stack_Mem
    main.o(i.BRAKE_LIGHT_FUNCTION) refers to frleqf.o(x$fpl$frleqf) for __aeabi_cfrcmple
    main.o(i.BRAKE_LIGHT_FUNCTION) refers to stm32f1xx_hal_gpio.o(i.HAL_GPIO_WritePin) for HAL_GPIO_WritePin
    main.o(i.BRAKE_LIGHT_FUNCTION) refers to fleqf.o(x$fpl$fleqf) for __aeabi_cfcmple
    main.o(i.BRAKE_LIGHT_FUNCTION) refers to main.o(.data) for VAL_BrakeSensRear_f
    main.o(i.DAC_voltageControl) refers to fmul.o(x$fpl$fmul) for __aeabi_fmul
    main.o(i.DAC_voltageControl) refers to fdiv.o(x$fpl$fdiv) for __aeabi_fdiv
    main.o(i.DAC_voltageControl) refers to ffixu.o(x$fpl$ffixu) for __aeabi_f2uiz
    main.o(i.DAC_voltageControl) refers to stm32f1xx_hal_dac.o(i.HAL_DAC_SetValue) for HAL_DAC_SetValue
    main.o(i.DAC_voltageControl) refers to main.o(.bss) for hdac
    main.o(i.HAL_ADCEx_InjectedConvCpltCallback) refers to stm32f1xx_hal_adc_ex.o(i.HAL_ADCEx_InjectedGetValue) for HAL_ADCEx_InjectedGetValue
    main.o(i.HAL_ADCEx_InjectedConvCpltCallback) refers to stm32f1xx_hal_adc_ex.o(i.HAL_ADCEx_InjectedStart_IT) for HAL_ADCEx_InjectedStart_IT
    main.o(i.HAL_ADCEx_InjectedConvCpltCallback) refers to main.o(.bss) for hadc1
    main.o(i.HAL_ADCEx_InjectedConvCpltCallback) refers to main.o(.data) for adc
    main.o(i.HAL_CAN_RxFifo0MsgPendingCallback) refers to stm32f1xx_hal_can.o(i.HAL_CAN_GetRxMessage) for HAL_CAN_GetRxMessage
    main.o(i.HAL_CAN_RxFifo0MsgPendingCallback) refers to main.o(.data) for RX_data
    main.o(i.HAL_CAN_RxFifo0MsgPendingCallback) refers to main.o(.bss) for pRxHeader
    main.o(i.HAL_TIM_PeriodElapsedCallback) refers to stm32f1xx_hal.o(i.HAL_IncTick) for HAL_IncTick
    main.o(i.MANUALDrivingModeHandler) refers to stm32f1xx_hal_tim.o(i.HAL_TIM_PWM_Start) for HAL_TIM_PWM_Start
    main.o(i.MANUALDrivingModeHandler) refers to stm32f1xx_hal_gpio.o(i.HAL_GPIO_ReadPin) for HAL_GPIO_ReadPin
    main.o(i.MANUALDrivingModeHandler) refers to stm32f1xx_hal_gpio.o(i.HAL_GPIO_WritePin) for HAL_GPIO_WritePin
    main.o(i.MANUALDrivingModeHandler) refers to main.o(i.BRAKE_LIGHT_FUNCTION) for BRAKE_LIGHT_FUNCTION
    main.o(i.MANUALDrivingModeHandler) refers to main.o(.bss) for htim4
    main.o(i.MX_ADC1_Init) refers to rt_memclr_w.o(.text) for __aeabi_memclr4
    main.o(i.MX_ADC1_Init) refers to stm32f1xx_hal_adc.o(i.HAL_ADC_Init) for HAL_ADC_Init
    main.o(i.MX_ADC1_Init) refers to main.o(i.Error_Handler) for Error_Handler
    main.o(i.MX_ADC1_Init) refers to stm32f1xx_hal_adc_ex.o(i.HAL_ADCEx_InjectedConfigChannel) for HAL_ADCEx_InjectedConfigChannel
    main.o(i.MX_ADC1_Init) refers to main.o(.bss) for hadc1
    main.o(i.MX_CAN1_Init) refers to stm32f1xx_hal_can.o(i.HAL_CAN_Init) for HAL_CAN_Init
    main.o(i.MX_CAN1_Init) refers to main.o(i.Error_Handler) for Error_Handler
[...]
    i.HAL_TIM_PWM_Start                      0x08002e54   Section        0  stm32f1xx_hal_tim.o(i.HAL_TIM_PWM_Start)
    i.HAL_TIM_PeriodElapsedCallback          0x08002f34   Section        0  main.o(i.HAL_TIM_PeriodElapsedCallback)
    i.HAL_TIM_TriggerCallback                0x08002f4c   Section        0  stm32f1xx_hal_tim.o(i.HAL_TIM_TriggerCallback)
    i.HardFault_Handler                      0x08002f4e   Section        0  stm32f1xx_it.o(i.HardFault_Handler)
    i.MX_ADC1_Init                           0x08002f54   Section        0  main.o(i.MX_ADC1_Init)
    MX_ADC1_Init                             0x08002f55   Thumb Code   176  main.o(i.MX_ADC1_Init)
    i.MX_CAN1_Init                           0x0800300c   Section        0  main.o(i.MX_CAN1_Init)
    MX_CAN1_Init                             0x0800300d   Thumb Code   156  main.o(i.MX_CAN1_Init)
    i.MX_DAC_Init                            0x080030b8   Section        0  main.o(i.MX_DAC_Init)
    MX_DAC_Init                              0x080030b9   Thumb Code    50  main.o(i.MX_DAC_Init)
    i.MX_GPIO_Init                           0x080030f4   Section        0  main.o(i.MX_GPIO_Init)
    MX_GPIO_Init                             0x080030f5   Thumb Code   216  main.o(i.MX_GPIO_Init)
    i.MX_TIM4_Init                           0x080031dc   Section        0  main.o(i.MX_TIM4_Init)
    MX_TIM4_Init                             0x080031dd   Thumb Code   118  main.o(i.MX_TIM4_Init)
    i.ManageTask                             0x0800325c   Section        0  main.o(i.ManageTask)
    i.MemManage_Handler                      0x08003298   Section        0  stm32f1xx_it.o(i.MemManage_Handler)
    i.NMI_Handler                            0x0800329c   Section        0  stm32f1xx_it.o(i.NMI_Handler)
    i.PID_Controller                         0x080032a0   Section        0  main.o(i.PID_Controller)
    i.RCC_Delay                              0x08003360   Section        0  stm32f1xx_hal_rcc.o(i.RCC_Delay)
    RCC_Delay                                0x08003361   Thumb Code    36  stm32f1xx_hal_rcc.o(i.RCC_Delay)
    i.SensorsRead                            0x08003388   Section        0  main.o(i.SensorsRead)
    i.StartReadSensorsTsk                    0x0800351c   Section        0  main.o(i.StartReadSensorsTsk)
    i.SysTick_Handler                        0x0800355c   Section        0  port.o(i.SysTick_Handler)
    i.SystemClock_Config                     0x08003590   Section        0  main.o(i.SystemClock_Config)
    i.SystemInit                             0x08003624   Section        0  system_stm32f1xx.o(i.SystemInit)
    i.TIM7_IRQHandler                        0x08003628   Section        0  stm32f1xx_it.o(i.TIM7_IRQHandler)
    i.TIM_Base_SetConfig                     0x08003638   Section        0  stm32f1xx_hal_tim.o(i.TIM_Base_SetConfig)
    i.TIM_CCxChannelCmd                      0x080036bc   Section        0  stm32f1xx_hal_tim.o(i.TIM_CCxChannelCmd)
    i.TIM_OC1_SetConfig                      0x080036e0   Section        0  stm32f1xx_hal_tim.o(i.TIM_OC1_SetConfig)
    TIM_OC1_SetConfig                        0x080036e1   Thumb Code    90  stm32f1xx_hal_tim.o(i.TIM_OC1_SetConfig)
    i.TIM_OC2_SetConfig                      0x08003740   Section        0  stm32f1xx_hal_tim.o(i.TIM_OC2_SetConfig)
    i.TIM_OC3_SetConfig                      0x080037a8   Section        0  stm32f1xx_hal_tim.o(i.TIM_OC3_SetConfig)
    TIM_OC3_SetConfig                        0x080037a9   Thumb Code    98  stm32f1xx_hal_tim.o(i.TIM_OC3_SetConfig)
    i.TIM_OC4_SetConfig                      0x08003810   Section        0  stm32f1xx_hal_tim.o(i.TIM_OC4_SetConfig)
    TIM_OC4_SetConfig                        0x08003811   Thumb Code    68  stm32f1xx_hal_tim.o(i.TIM_OC4_SetConfig)
    i.UsageFault_Handler                     0x08003858   Section        0  stm32f1xx_it.o(i.UsageFault_Handler)
    i.__NVIC_GetPriorityGrouping             0x0800385c   Section        0  stm32f1xx_hal_cortex.o(i.__NVIC_GetPriorityGrouping)
    __NVIC_GetPriorityGrouping               0x0800385d   Thumb Code    10  stm32f1xx_hal_cortex.o(i.__NVIC_GetPriorityGrouping)
    i.__NVIC_SetPriority                     0x0800386c   Section        0  stm32f1xx_hal_cortex.o(i.__NVIC_SetPriority)
    __NVIC_SetPriority                       0x0800386d   Thumb Code    32  stm32f1xx_hal_cortex.o(i.__NVIC_SetPriority)
    i.convert                                0x08003894   Section        0  main.o(i.convert)
    i.exponential_filter                     0x080038dc   Section        0  main.o(i.exponential_filter)
    i.fmaxf                                  0x0800390e   Section        0  fmaxf.o(i.fmaxf)
    i.fminf                                  0x08003936   Section        0  fminf.o(i.fminf)
    i.main                                   0x08003960   Section        0  main.o(i.main)
    i.makeFreeRtosPriority                   0x08003a08   Section        0  cmsis_os.o(i.makeFreeRtosPriority)
    makeFreeRtosPriority                     0x08003a09   Thumb Code    14  cmsis_os.o(i.makeFreeRtosPriority)
    i.osDelay                                0x08003a16   Section        0  cmsis_os.o(i.osDelay)
    i.osKernelStart                          0x08003a2e   Section        0  cmsis_os.o(i.osKernelStart)
    i.osThreadCreate                         0x08003a38   Section        0  cmsis_os.o(i.osThreadCreate)
    i.prvAddCurrentTaskToDelayedList         0x08003a98   Section        0  tasks.o(i.prvAddCurrentTaskToDelayedList)
    prvAddCurrentTaskToDelayedList           0x08003a99   Thumb Code   124  tasks.o(i.prvAddCurrentTaskToDelayedList)
    i.prvAddNewTaskToReadyList               0x08003b30   Section        0  tasks.o(i.prvAddNewTaskToReadyList)
    prvAddNewTaskToReadyList                 0x08003b31   Thumb Code   150  tasks.o(i.prvAddNewTaskToReadyList)
    i.prvCheckTasksWaitingTermination        0x08003be4   Section        0  tasks.o(i.prvCheckTasksWaitingTermination)
    prvCheckTasksWaitingTermination          0x08003be5   Thumb Code    60  tasks.o(i.prvCheckTasksWaitingTermination)
    i.prvDeleteTCB                           0x08003c2c   Section        0  tasks.o(i.prvDeleteTCB)
    prvDeleteTCB                             0x08003c2d   Thumb Code    80  tasks.o(i.prvDeleteTCB)
    i.prvHeapInit                            0x08003c7c   Section        0  heap_4.o(i.prvHeapInit)
    prvHeapInit                              0x08003c7d   Thumb Code    98  heap_4.o(i.prvHeapInit)
    i.prvIdleTask                            0x08003cf8   Section        0  tasks.o(i.prvIdleTask)
    prvIdleTask                              0x08003cf9   Thumb Code    32  tasks.o(i.prvIdleTask)
    i.prvInitialiseNewTask                   0x08003d20   Section        0  tasks.o(i.prvInitialiseNewTask)
    prvInitialiseNewTask                     0x08003d21   Thumb Code   170  tasks.o(i.prvInitialiseNewTask)
    i.prvInitialiseTaskLists                 0x08003dcc   Section        0  tasks.o(i.prvInitialiseTaskLists)
    prvInitialiseTaskLists                   0x08003dcd   Thumb Code    70  tasks.o(i.prvInitialiseTaskLists)
    i.prvInsertBlockIntoFreeList             0x08003e34   Section        0  heap_4.o(i.prvInsertBlockIntoFreeList)
    prvInsertBlockIntoFreeList               0x08003e35   Thumb Code    96  heap_4.o(i.prvInsertBlockIntoFreeList)
    i.prvResetNextTaskUnblockTime            0x08003e9c   Section        0  tasks.o(i.prvResetNextTaskUnblockTime)
    prvResetNextTaskUnblockTime              0x08003e9d   Thumb Code    42  tasks.o(i.prvResetNextTaskUnblockTime)
    i.prvTaskExitError                       0x08003ed0   Section        0  port.o(i.prvTaskExitError)
    prvTaskExitError                         0x08003ed1   Thumb Code    60  port.o(i.prvTaskExitError)
    i.pvPortMalloc                           0x08003f10   Section        0  heap_4.o(i.pvPortMalloc)
    i.pxPortInitialiseStack                  0x0800404c   Section        0  port.o(i.pxPortInitialiseStack)
    i.supervisorTask                         0x08004070   Section        0  main.o(i.supervisorTask)
    i.uxListRemove                           0x0800407a   Section        0  list.o(i.uxListRemove)
    i.vApplicationGetIdleTaskMemory          0x080040a4   Section        0  freertos.o(i.vApplicationGetIdleTaskMemory)
    i.vListInitialise                        0x080040bc   Section        0  list.o(i.vListInitialise)
    i.vListInitialiseItem                    0x080040d6   Section        0  list.o(i.vListInitialiseItem)
    i.vListInsert                            0x080040dc   Section        0  list.o(i.vListInsert)
    i.vListInsertEnd                         0x08004110   Section        0  list.o(i.vListInsertEnd)
    i.vPortEnterCritical                     0x08004128   Section        0  port.o(i.vPortEnterCritical)
    i.vPortExitCritical                      0x0800417c   Section        0  port.o(i.vPortExitCritical)
    i.vPortFree                              0x080041b8   Section        0  heap_4.o(i.vPortFree)
    i.vPortSetupTimerInterrupt               0x0800424c   Section        0  port.o(i.vPortSetupTimerInterrupt)
    i.vTaskDelay                             0x08004274   Section        0  tasks.o(i.vTaskDelay)
    i.vTaskStartScheduler                    0x080042d0   Section        0  tasks.o(i.vTaskStartScheduler)
    i.vTaskSuspendAll                        0x08004380   Section        0  tasks.o(i.vTaskSuspendAll)
    i.vTaskSwitchContext                     0x08004390   Section        0  tasks.o(i.vTaskSwitchContext)
    i.xPortStartScheduler                    0x0800441c   Section        0  port.o(i.xPortStartScheduler)
    i.xTaskCreate                            0x08004514   Section        0  tasks.o(i.xTaskCreate)
    i.xTaskCreateStatic                      0x08004578   Section        0  tasks.o(i.xTaskCreateStatic)
    i.xTaskIncrementTick                     0x08004630   Section        0  tasks.o(i.xTaskIncrementTick)
    i.xTaskResumeAll                         0x08004778   Section        0  tasks.o(i.xTaskResumeAll)
    x$fpl$d2f                                0x0800487c   Section       98  d2f.o(x$fpl$d2f)
    x$fpl$dadd                               0x080048e0   Section      336  daddsub_clz.o(x$fpl$dadd)
    _dadd1                                   0x080048f1   Thumb Code     0  daddsub_clz.o(x$fpl$dadd)
    x$fpl$ddiv                               0x08004a30   Section      688  ddiv.o(x$fpl$ddiv)
    ddiv_entry                               0x08004a37   Thumb Code     0  ddiv.o(x$fpl$ddiv)
    x$fpl$dmul                               0x08004ce0   Section      340  dmul.o(x$fpl$dmul)
    x$fpl$dnaninf                            0x08004e34   Section      156  dnaninf.o(x$fpl$dnaninf)
    x$fpl$dretinf                            0x08004ed0   Section       12  dretinf.o(x$fpl$dretinf)
    x$fpl$dsub                               0x08004edc   Section      468  daddsub_clz.o(x$fpl$dsub)
    _dsub1                                   0x08004eed   Thumb Code     0  daddsub_clz.o(x$fpl$dsub)
    x$fpl$f2d                                0x080050b0   Section       86  f2d.o(x$fpl$f2d)
    x$fpl$fadd                               0x08005108   Section      196  faddsub_clz.o(x$fpl$fadd)
    _fadd1                                   0x08005117   Thumb Code     0  faddsub_clz.o(x$fpl$fadd)
    x$fpl$fcmp4                              0x080051cc   Section      142  fcmp4.o(x$fpl$fcmp4)
    x$fpl$fcmpinf                            0x0800525a   Section       24  fcmpi.o(x$fpl$fcmpinf)
    x$fpl$fdiv                               0x08005274   Section      388  fdiv.o(x$fpl$fdiv)
    _fdiv1                                   0x08005275   Thumb Code     0  fdiv.o(x$fpl$fdiv)
    x$fpl$fflt                               0x080053f8   Section       48  fflt_clz.o(x$fpl$fflt)
    x$fpl$fleqf                              0x08005428   Section      104  fleqf.o(x$fpl$fleqf)
    x$fpl$fmul                               0x08005490   Section      258  fmul.o(x$fpl$fmul)
    x$fpl$fnaninf                            0x08005592   Section      140  fnaninf.o(x$fpl$fnaninf)
    x$fpl$fretinf                            0x0800561e   Section       10  fretinf.o(x$fpl$fretinf)
    x$fpl$frleqf                             0x08005628   Section       98  frleqf.o(x$fpl$frleqf)
    x$fpl$frsb                               0x0800568a   Section       20  faddsub_clz.o(x$fpl$frsb)
    x$fpl$fsub                               0x080056a0   Section      234  faddsub_clz.o(x$fpl$fsub)
    _fsub1                                   0x080056af   Thumb Code     0  faddsub_clz.o(x$fpl$fsub)
    x$fpl$usenofp                            0x0800578a   Section        0  usenofp.o(x$fpl$usenofp)
    .constdata                               0x0800578c   Section       84  main.o(.constdata)
    .constdata                               0x080057e0   Section       30  stm32f1xx_hal_rcc.o(.constdata)
    aPLLMULFactorTable                       0x080057e0   Data          14  stm32f1xx_hal_rcc.o(.constdata)
    aPredivFactorTable                       0x080057ee   Data          16  stm32f1xx_hal_rcc.o(.constdata)
    .constdata                               0x080057fe   Section       30  stm32f1xx_hal_rcc_ex.o(.constdata)
    aPLLMULFactorTable                       0x080057fe   Data          14  stm32f1xx_hal_rcc_ex.o(.constdata)
    aPredivFactorTable                       0x0800580c   Data          16  stm32f1xx_hal_rcc_ex.o(.constdata)
    .constdata                               0x0800581c   Section       24  system_stm32f1xx.o(.constdata)
    .conststring                             0x08005834   Section       40  main.o(.conststring)
    .data                                    0x20000000   Section      142  main.o(.data)
    .data                                    0x20000090   Section        9  stm32f1xx_hal.o(.data)
    .data                                    0x2000009c   Section        4  system_stm32f1xx.o(.data)
    .data                                    0x200000a0   Section       60  tasks.o(.data)
    pxDelayedTaskList                        0x200000a4   Data           4  tasks.o(.data)
    pxOverflowDelayedTaskList                0x200000a8   Data           4  tasks.o(.data)
    uxDeletedTasksWaitingCleanUp             0x200000ac   Data           4  tasks.o(.data)
    uxCurrentNumberOfTasks                   0x200000b0   Data           4  tasks.o(.data)
    xTickCount                               0x200000b4   Data           4  tasks.o(.data)
    uxTopReadyPriority                       0x200000b8   Data           4  tasks.o(.data)
    xSchedulerRunning                        0x200000bc   Data           4  tasks.o(.data)
    uxPendedTicks                            0x200000c0   Data           4  tasks.o(.data)
    xYieldPending                            0x200000c4   Data           4  tasks.o(.data)
    xNumOfOverflows                          0x200000c8   Data           4  tasks.o(.data)
    uxTaskNumber                             0x200000cc   Data           4  tasks.o(.data)
    xNextTaskUnblockTime                     0x200000d0   Data           4  tasks.o(.data)
    xIdleTaskHandle                          0x200000d4   Data           4  tasks.o(.data)
    uxSchedulerSuspended                     0x200000d8   Data           4  tasks.o(.data)
    .data                                    0x200000dc   Section       24  heap_4.o(.data)
    xStart                                   0x200000dc   Data           8  heap_4.o(.data)
    pxEnd                                    0x200000e4   Data           4  heap_4.o(.data)
    xFreeBytesRemaining                      0x200000e8   Data           4  heap_4.o(.data)
    xMinimumEverFreeBytesRemaining           0x200000ec   Data           4  heap_4.o(.data)
    xBlockAllocatedBit                       0x200000f0   Data           4  heap_4.o(.data)
    .data                                    0x200000f4   Section       12  port.o(.data)
    uxCriticalNesting                        0x200000f4   Data           4  port.o(.data)
    ucMaxSysCallPriority                     0x200000f8   Data           1  port.o(.data)
    ulMaxPRIGROUPValue                       0x200000fc   Data           4  port.o(.data)
    .bss                                     0x20000100   Section      272  main.o(.bss)
    .bss                                     0x20000210   Section      596  freertos.o(.bss)
    xIdleTaskTCBBuffer                       0x20000210   Data          84  freertos.o(.bss)
    xIdleStack                               0x20000264   Data         512  freertos.o(.bss)
    .bss                                     0x20000464   Section       72  stm32f1xx_hal_timebase_tim.o(.bss)
    .bss                                     0x200004ac   Section      240  tasks.o(.bss)
    pxReadyTasksLists                        0x200004ac   Data         140  tasks.o(.bss)
    xDelayedTaskList1                        0x20000538   Data          20  tasks.o(.bss)
    xDelayedTaskList2                        0x2000054c   Data          20  tasks.o(.bss)
    xPendingReadyList                        0x20000560   Data          20  tasks.o(.bss)
    xTasksWaitingTermination                 0x20000574   Data          20  tasks.o(.bss)
    xSuspendedTaskList                       0x20000588   Data          20  tasks.o(.bss)
    .bss                                     0x2000059c   Section     4096  heap_4.o(.bss)
    ucHeap                                   0x2000059c   Data        4096  heap_4.o(.bss)
    .bss                                     0x2000159c   Section       96  libspace.o(.bss)
    HEAP                                     0x20001600   Section      512  startup_stm32f105xc.o(HEAP)
    Heap_Mem                                 0x20001600   Data         512  startup_stm32f105xc.o(HEAP)
    STACK                                    0x20001800   Section     1024  startup_stm32f105xc.o(STACK)
    Stack_Mem                                0x20001800   Data        1024  startup_stm32f105xc.o(STACK)
    __initial_sp                             0x20001c00   Data           0  startup_stm32f105xc.o(STACK)

    Global Symbols

    Symbol Name                              Value     Ov Type        Size  Object(Section)

    BuildAttributes$$THM_ISAv4$P$D$K$B$S$PE$A:L22UL41UL21$X:L11$S22US41US21$IEEE1$IW$USESV6$~STKCKD$USESV7$~SHL$OTIME$ROPI$IEEEJ$EBA8$UX$STANDARDLIB$REQ8$PRES8$EABIv2 0x00000000   Number         0  anon$$obj.o ABSOLUTE
    __ARM_use_no_argv                        0x00000000   Number         0  main.o ABSOLUTE
    __ARM_exceptions_init                     - Undefined Weak Reference
    __alloca_initialize                       - Undefined Weak Reference
    __arm_fini_                               - Undefined Weak Reference
    __arm_preinit_                            - Undefined Weak Reference
    __cpp_initialize__aeabi_                  - Undefined Weak Reference
    __cxa_finalize                            - Undefined Weak Reference
    __rt_locale                               - Undefined Weak Reference
    __sigvec_lookup                           - Undefined Weak Reference
    _atexit_init                              - Undefined Weak Reference
    _call_atexit_fns                          - Undefined Weak Reference
    _clock_init                               - Undefined Weak Reference
    _fp_trap_init                             - Undefined Weak Reference
    _fp_trap_shutdown                         - Undefined Weak Reference
    _get_lc_collate                           - Undefined Weak Reference
    _get_lc_ctype                             - Undefined Weak Reference
    _get_lc_monetary                          - Undefined Weak Reference
    _get_lc_numeric                           - Undefined Weak Reference
    _get_lc_time                              - Undefined Weak Reference
    _getenv_init                              - Undefined Weak Reference
    _handle_redirection                       - Undefined Weak Reference
    _init_alloc                               - Undefined Weak Reference
    _init_user_alloc                          - Undefined Weak Reference
    _initio                                   - Undefined Weak Reference
    _rand_init                                - Undefined Weak Reference
    _signal_finish                            - Undefined Weak Reference
    _signal_init                              - Undefined Weak Reference
    _terminate_alloc                          - Undefined Weak Reference
    _terminate_user_alloc                     - Undefined Weak Reference
    _terminateio                              - Undefined Weak Reference
    __Vectors_Size                           0x00000150   Number         0  startup_stm32f105xc.o ABSOLUTE
    __Vectors                                0x08000000   Data           4  startup_stm32f105xc.o(RESET)
    __Vectors_End                            0x08000150   Data           0  startup_stm32f105xc.o(RESET)
    __main                                   0x08000151   Thumb Code     8  __main.o(!!!main)
    __scatterload                            0x08000159   Thumb Code     0  __scatter.o(!!!scatter)
    __scatterload_rt2                        0x08000159   Thumb Code    44  __scatter.o(!!!scatter)
    __scatterload_rt2_thumb_only             0x08000159   Thumb Code     0  __scatter.o(!!!scatter)
    __scatterload_null                       0x08000167   Thumb Code     0  __scatter.o(!!!scatter)
    __scatterload_copy                       0x0800018d   Thumb Code    26  __scatter_copy.o(!!handler_copy)
    __scatterload_zeroinit                   0x080001a9   Thumb Code    28  __scatter_zi.o(!!handler_zi)
    __rt_lib_init                            0x080001c5   Thumb Code     0  libinit.o(.ARM.Collect$$libinit$$00000000)
    __rt_lib_init_alloca_1                   0x080001c7   Thumb Code     0  libinit2.o(.ARM.Collect$$libinit$$0000002E)
    __rt_lib_init_argv_1                     0x080001c7   Thumb Code     0  libinit2.o(.ARM.Collect$$libinit$$0000002C)
    __rt_lib_init_atexit_1                   0x080001c7   Thumb Code     0  libinit2.o(.ARM.Collect$$libinit$$0000001B)
    __rt_lib_init_clock_1                    0x080001c7   Thumb Code     0  libinit2.o(.ARM.Collect$$libinit$$00000021)
    __rt_lib_init_cpp_1                      0x080001c7   Thumb Code     0  libinit2.o(.ARM.Collect$$libinit$$00000032)
    __rt_lib_init_exceptions_1               0x080001c7   Thumb Code     0  libinit2.o(.ARM.Collect$$libinit$$00000030)
    __rt_lib_init_fp_1                       0x080001c7   Thumb Code     0  libinit2.o(.ARM.Collect$$libinit$$00000002)
    __rt_lib_init_fp_trap_1                  0x080001c7   Thumb Code     0  libinit2.o(.ARM.Collect$$libinit$$0000001F)
    __rt_lib_init_getenv_1                   0x080001c7   Thumb Code     0  libinit2.o(.ARM.Collect$$libinit$$00000023)
    __rt_lib_init_heap_1                     0x080001c7   Thumb Code     0  libinit2.o(.ARM.Collect$$libinit$$0000000A)
    __rt_lib_init_lc_collate_1               0x080001c7   Thumb Code     0  libinit2.o(.ARM.Collect$$libinit$$00000011)
    __rt_lib_init_lc_ctype_1                 0x080001c7   Thumb Code     0  libinit2.o(.ARM.Collect$$libinit$$00000013)
    __rt_lib_init_lc_monetary_1              0x080001c7   Thumb Code     0  libinit2.o(.ARM.Collect$$libinit$$00000015)
    __rt_lib_init_lc_numeric_1               0x080001c7   Thumb Code     0  libinit2.o(.ARM.Collect$$libinit$$00000017)
    __rt_lib_init_lc_time_1                  0x080001c7   Thumb Code     0  libinit2.o(.ARM.Collect$$libinit$$00000019)
    __rt_lib_init_preinit_1                  0x080001c7   Thumb Code     0  libinit2.o(.ARM.Collect$$libinit$$00000004)
    __rt_lib_init_rand_1                     0x080001c7   Thumb Code     0  libinit2.o(.ARM.Collect$$libinit$$0000000E)
    __rt_lib_init_return                     0x080001c7   Thumb Code     0  libinit2.o(.ARM.Collect$$libinit$$00000033)
    __rt_lib_init_signal_1                   0x080001c7   Thumb Code     0  libinit2.o(.ARM.Collect$$libinit$$0000001D)
    __rt_lib_init_stdio_1                    0x080001c7   Thumb Code     0  libinit2.o(.ARM.Collect$$libinit$$00000025)
    __rt_lib_init_user_alloc_1               0x080001c7   Thumb Code     0  libinit2.o(.ARM.Collect$$libinit$$0000000C)
    __rt_lib_shutdown                        0x080001c9   Thumb Code     0  libshutdown.o(.ARM.Collect$$libshutdown$$00000000)
    __rt_lib_shutdown_cpp_1                  0x080001cb   Thumb Code     0  libshutdown2.o(.ARM.Collect$$libshutdown$$00000004)
    __rt_lib_shutdown_fini_1                 0x080001cb   Thumb Code     0  libshutdown2.o(.ARM.Collect$$libshutdown$$00000002)
    __rt_lib_shutdown_fp_trap_1              0x080001cb   Thumb Code     0  libshutdown2.o(.ARM.Collect$$libshutdown$$00000009)
    __rt_lib_shutdown_heap_1                 0x080001cb   Thumb Code     0  libshutdown2.o(.ARM.Collect$$libshutdown$$00000011)
    __rt_lib_shutdown_return                 0x080001cb   Thumb Code     0  libshutdown2.o(.ARM.Collect$$libshutdown$$00000012)
    __rt_lib_shutdown_signal_1               0x080001cb   Thumb Code     0  libshutdown2.o(.ARM.Collect$$libshutdown$$0000000C)
    __rt_lib_shutdown_stdio_1                0x080001cb   Thumb Code     0  libshutdown2.o(.ARM.Collect$$libshutdown$$00000006)
    __rt_lib_shutdown_user_alloc_1           0x080001cb   Thumb Code     0  libshutdown2.o(.ARM.Collect$$libshutdown$$0000000E)
    __rt_entry                               0x080001cd   Thumb Code     0  __rtentry.o(.ARM.Collect$$rtentry$$00000000)
    __rt_entry_presh_1                       0x080001cd   Thumb Code     0  __rtentry2.o(.ARM.Collect$$rtentry$$00000002)
    __rt_entry_sh                            0x080001cd   Thumb Code     0  __rtentry4.o(.ARM.Collect$$rtentry$$00000004)
    __rt_entry_li                            0x080001d3   Thumb Code     0  __rtentry2.o(.ARM.Collect$$rtentry$$0000000A)
    __rt_entry_postsh_1                      0x080001d3   Thumb Code     0  __rtentry2.o(.ARM.Collect$$rtentry$$00000009)
    __rt_entry_main                          0x080001d7   Thumb Code     0  __rtentry2.o(.ARM.Collect$$rtentry$$0000000D)
    __rt_entry_postli_1                      0x080001d7   Thumb Code     0  __rtentry2.o(.ARM.Collect$$rtentry$$0000000C)
    __rt_exit                                0x080001df   Thumb Code     0  rtexit.o(.ARM.Collect$$rtexit$$00000000)
    __rt_exit_ls                             0x080001e1   Thumb Code     0  rtexit2.o(.ARM.Collect$$rtexit$$00000003)
    __rt_exit_prels_1                        0x080001e1   Thumb Code     0  rtexit2.o(.ARM.Collect$$rtexit$$00000002)
    __rt_exit_exit                           0x080001e5   Thumb Code     0  rtexit2.o(.ARM.Collect$$rtexit$$00000004)
    SVC_Handler                              0x080001ed   Thumb Code    32  port.o(.emb_text)
    __asm___6_port_c_39a90d8d__prvStartFirstTask 0x08000211   Thumb Code    28  port.o(.emb_text)
    PendSV_Handler                           0x08000231   Thumb Code    72  port.o(.emb_text)
    vPortGetIPSR                             0x0800027d   Thumb Code     6  port.o(.emb_text)
    Reset_Handler                            0x08000285   Thumb Code     8  startup_stm32f105xc.o(.text)
    CAN1_RX1_IRQHandler                      0x0800029f   Thumb Code     0  startup_stm32f105xc.o(.text)
    CAN1_SCE_IRQHandler                      0x0800029f   Thumb Code     0  startup_stm32f105xc.o(.text)
    CAN2_RX0_IRQHandler                      0x0800029f   Thumb Code     0  startup_stm32f105xc.o(.text)
    CAN2_RX1_IRQHandler                      0x0800029f   Thumb Code     0  startup_stm32f105xc.o(.text)
    CAN2_SCE_IRQHandler                      0x0800029f   Thumb Code     0  startup_stm32f105xc.o(.text)
    CAN2_TX_IRQHandler                       0x0800029f   Thumb Code     0  startup_stm32f105xc.o(.text)
    DMA1_Channel1_IRQHandler                 0x0800029f   Thumb Code     0  startup_stm32f105xc.o(.text)
    DMA1_Channel2_IRQHandler                 0x0800029f   Thumb Code     0  startup_stm32f105xc.o(.text)
    DMA1_Channel3_IRQHandler                 0x0800029f   Thumb Code     0  startup_stm32f105xc.o(.text)
    DMA1_Channel4_IRQHandler                 0x0800029f   Thumb Code     0  startup_stm32f105xc.o(.text)
    DMA1_Channel5_IRQHandler                 0x0800029f   Thumb Code     0  startup_stm32f105xc.o(.text)
    DMA1_Channel6_IRQHandler                 0x0800029f   Thumb Code     0  startup_stm32f105xc.o(.text)
    DMA1_Channel7_IRQHandler                 0x0800029f   Thumb Code     0  startup_stm32f105xc.o(.text)
    DMA2_Channel1_IRQHandler                 0x0800029f   Thumb Code     0  startup_stm32f105xc.o(.text)
    DMA2_Channel2_IRQHandler                 0x0800029f   Thumb Code     0  startup_stm32f105xc.o(.text)
    DMA2_Channel3_IRQHandler                 0x0800029f   Thumb Code     0  startup_stm32f105xc.o(.text)
    DMA2_Channel4_IRQHandler                 0x0800029f   Thumb Code     0  startup_stm32f105xc.o(.text)
    DMA2_Channel5_IRQHandler                 0x0800029f   Thumb Code     0  startup_stm32f105xc.o(.text)
    EXTI0_IRQHandler                         0x0800029f   Thumb Code     0  startup_stm32f105xc.o(.text)
    EXTI15_10_IRQHandler                     0x0800029f   Thumb Code     0  startup_stm32f105xc.o(.text)
    EXTI1_IRQHandler                         0x0800029f   Thumb Code     0  startup_stm32f105xc.o(.text)
    EXTI2_IRQHandler                         0x0800029f   Thumb Code     0  startup_stm32f105xc.o(.text)
    EXTI3_IRQHandler                         0x0800029f   Thumb Code     0  startup_stm32f105xc.o(.text)
    EXTI4_IRQHandler                         0x0800029f   Thumb Code     0  startup_stm32f105xc.o(.text)
    EXTI9_5_IRQHandler                       0x0800029f   Thumb Code     0  startup_stm32f105xc.o(.text)
    FLASH_IRQHandler                         0x0800029f   Thumb Code     0  startup_stm32f105xc.o(.text)
    I2C1_ER_IRQHandler                       0x0800029f   Thumb Code     0  startup_stm32f105xc.o(.text)
    I2C1_EV_IRQHandler                       0x0800029f   Thumb Code     0  startup_stm32f105xc.o(.text)
    I2C2_ER_IRQHandler                       0x0800029f   Thumb Code     0  startup_stm32f105xc.o(.text)
    I2C2_EV_IRQHandler                       0x0800029f   Thumb Code     0  startup_stm32f105xc.o(.text)
    OTG_FS_IRQHandler                        0x0800029f   Thumb Code     0  startup_stm32f105xc.o(.text)
    OTG_FS_WKUP_IRQHandler                   0x0800029f   Thumb Code     0  startup_stm32f105xc.o(.text)
    PVD_IRQHandler                           0x0800029f   Thumb Code     0  startup_stm32f105xc.o(.text)
    RCC_IRQHandler                           0x0800029f   Thumb Code     0  startup_stm32f105xc.o(.text)
    RTC_Alarm_IRQHandler                     0x0800029f   Thumb Code     0  startup_stm32f105xc.o(.text)
    RTC_IRQHandler                           0x0800029f   Thumb Code     0  startup_stm32f105xc.o(.text)
    SPI1_IRQHandler                          0x0800029f   Thumb Code     0  startup_stm32f105xc.o(.text)
    SPI2_IRQHandler                          0x0800029f   Thumb Code     0  startup_stm32f105xc.o(.text)
    SPI3_IRQHandler                          0x0800029f   Thumb Code     0  startup_stm32f105xc.o(.text)
    TAMPER_IRQHandler                        0x0800029f   Thumb Code     0  startup_stm32f105xc.o(.text)
    TIM1_BRK_IRQHandler                      0x0800029f   Thumb Code     0  startup_stm32f105xc.o(.text)
    TIM1_CC_IRQHandler                       0x0800029f   Thumb Code     0  startup_stm32f105xc.o(.text)
    TIM1_TRG_COM_IRQHandler                  0x0800029f   Thumb Code     0  startup_stm32f105xc.o(.text)
    TIM1_UP_IRQHandler                       0x0800029f   Thumb Code     0  startup_stm32f105xc.o(.text)
    TIM2_IRQHandler                          0x0800029f   Thumb Code     0  startup_stm32f105xc.o(.text)
    TIM3_IRQHandler                          0x0800029f   Thumb Code     0  startup_stm32f105xc.o(.text)
    TIM4_IRQHandler                          0x0800029f   Thumb Code     0  startup_stm32f105xc.o(.text)
    TIM5_IRQHandler                          0x0800029f   Thumb Code     0  startup_stm32f105xc.o(.text)
    TIM6_IRQHandler                          0x0800029f   Thumb Code     0  startup_stm32f105xc.o(.text)
    UART4_IRQHandler                         0x0800029f   Thumb Code     0  startup_stm32f105xc.o(.text)
    UART5_IRQHandler                         0x0800029f   Thumb Code     0  startup_stm32f105xc.o(.text)
    USART1_IRQHandler                        0x0800029f   Thumb Code     0  startup_stm32f105xc.o(.text)
    USART2_IRQHandler                        0x0800029f   Thumb Code     0  startup_stm32f105xc.o(.text)
    USART3_IRQHandler                        0x0800029f   Thumb Code     0  startup_stm32f105xc.o(.text)
    WWDG_IRQHandler                          0x0800029f   Thumb Code     0  startup_stm32f105xc.o(.text)
    __user_initial_stackheap                 0x080002a1   Thumb Code     0  startup_stm32f105xc.o(.text)
    __aeabi_uldivmod                         0x080002c5   Thumb Code     0  lludivv7m.o(.text)
    _ll_udiv                                 0x080002c5   Thumb Code   238  lludivv7m.o(.text)
    __aeabi_memcpy4                          0x080003b3   Thumb Code     0  rt_memcpy_w.o(.text)
    __aeabi_memcpy8                          0x080003b3   Thumb Code     0  rt_memcpy_w.o(.text)
    __rt_memcpy_w                            0x080003b3   Thumb Code   100  rt_memcpy_w.o(.text)
    _memcpy_lastbytes_aligned                0x080003fb   Thumb Code     0  rt_memcpy_w.o(.text)
    __aeabi_memclr4                          0x08000417   Thumb Code     0  rt_memclr_w.o(.text)
    __aeabi_memclr8                          0x08000417   Thumb Code     0  rt_memclr_w.o(.text)
    __rt_memclr_w                            0x08000417   Thumb Code    78  rt_memclr_w.o(.text)
    _memset_w                                0x0800041b   Thumb Code     0  rt_memclr_w.o(.text)
    __use_two_region_memory                  0x08000465   Thumb Code     2  heapauxi.o(.text)
    __rt_heap_escrow$2region                 0x08000467   Thumb Code     2  heapauxi.o(.text)
    __rt_heap_expand$2region                 0x08000469   Thumb Code     2  heapauxi.o(.text)
    __user_setup_stackheap                   0x0800046b   Thumb Code    74  sys_stackheap_outer.o(.text)
    exit                                     0x080004b5   Thumb Code    18  exit.o(.text)
    __user_libspace                          0x080004c9   Thumb Code     8  libspace.o(.text)
    __user_perproc_libspace                  0x080004c9   Thumb Code     0  libspace.o(.text)
    __user_perthread_libspace                0x080004c9   Thumb Code     0  libspace.o(.text)
    _sys_exit                                0x080004d1   Thumb Code     8  sys_exit.o(.text)
    __I$use$semihosting                      0x080004dd   Thumb Code     0  use_no_semi.o(.text)
    __use_no_semihosting_swi                 0x080004dd   Thumb Code     2  use_no_semi.o(.text)
    __semihosting_library_function           0x080004df   Thumb Code     0  indicate_semi.o(.text)
    ADC1_2_IRQHandler                        0x080004e1   Thumb Code    10  stm32f1xx_it.o(i.ADC1_2_IRQHandler)
    ADC_ConversionStop_Disable               0x080004f1   Thumb Code    92  stm32f1xx_hal_adc.o(i.ADC_ConversionStop_Disable)
    ADC_Enable                               0x0800054d   Thumb Code   134  stm32f1xx_hal_adc.o(i.ADC_Enable)
    BRAKE_LIGHT_FUNCTION                     0x080005dd   Thumb Code    50  main.o(i.BRAKE_LIGHT_FUNCTION)
    BusFault_Handler                         0x08000621   Thumb Code     4  stm32f1xx_it.o(i.BusFault_Handler)
    CAN1_RX0_IRQHandler                      0x08000625   Thumb Code    10  stm32f1xx_it.o(i.CAN1_RX0_IRQHandler)
    CAN1_TX_IRQHandler                       0x08000635   Thumb Code    10  stm32f1xx_it.o(i.CAN1_TX_IRQHandler)
    DebugMon_Handler                         0x08000645   Thumb Code     2  stm32f1xx_it.o(i.DebugMon_Handler)
    Error_Handler                            0x08000647   Thumb Code     6  main.o(i.Error_Handler)
    HAL_ADCEx_Calibration_Start              0x0800064d   Thumb Code   278  stm32f1xx_hal_adc_ex.o(i.HAL_ADCEx_Calibration_Start)
    HAL_ADCEx_InjectedConfigChannel          0x08000769   Thumb Code   584  stm32f1xx_hal_adc_ex.o(i.HAL_ADCEx_InjectedConfigChannel)
    HAL_ADCEx_InjectedConvCpltCallback       0x080009bd   Thumb Code    74  main.o(i.HAL_ADCEx_InjectedConvCpltCallback)
    HAL_ADCEx_InjectedGetValue               0x08000a19   Thumb Code    50  stm32f1xx_hal_adc_ex.o(i.HAL_ADCEx_InjectedGetValue)
    HAL_ADCEx_InjectedStart_IT               0x08000a4d   Thumb Code   238  stm32f1xx_hal_adc_ex.o(i.HAL_ADCEx_InjectedStart_IT)
    HAL_ADC_ConvCpltCallback                 0x08000b45   Thumb Code     2  stm32f1xx_hal_adc.o(i.HAL_ADC_ConvCpltCallback)
    HAL_ADC_IRQHandler                       0x08000b47   Thumb Code   274  stm32f1xx_hal_adc.o(i.HAL_ADC_IRQHandler)
    HAL_ADC_Init                             0x08000c59   Thumb Code   314  stm32f1xx_hal_adc.o(i.HAL_ADC_Init)
    HAL_ADC_LevelOutOfWindowCallback         0x08000d9d   Thumb Code     2  stm32f1xx_hal_adc.o(i.HAL_ADC_LevelOutOfWindowCallback)
    HAL_ADC_MspInit                          0x08000da1   Thumb Code   154  stm32f1xx_hal_msp.o(i.HAL_ADC_MspInit)
    HAL_CAN_ActivateNotification             0x08000e4d   Thumb Code    42  stm32f1xx_hal_can.o(i.HAL_CAN_ActivateNotification)
    HAL_CAN_ConfigFilter                     0x08000e79   Thumb Code   286  stm32f1xx_hal_can.o(i.HAL_CAN_ConfigFilter)
    HAL_CAN_ErrorCallback                    0x08000f9d   Thumb Code     2  stm32f1xx_hal_can.o(i.HAL_CAN_ErrorCallback)
    HAL_CAN_GetRxMessage                     0x08000f9f   Thumb Code   404  stm32f1xx_hal_can.o(i.HAL_CAN_GetRxMessage)
    HAL_CAN_IRQHandler                       0x08001133   Thumb Code   590  stm32f1xx_hal_can.o(i.HAL_CAN_IRQHandler)
    HAL_CAN_Init                             0x08001381   Thumb Code   372  stm32f1xx_hal_can.o(i.HAL_CAN_Init)
    HAL_CAN_MspInit                          0x080014f5   Thumb Code   154  stm32f1xx_hal_msp.o(i.HAL_CAN_MspInit)
    HAL_CAN_RxFifo0FullCallback              0x0800159d   Thumb Code     2  stm32f1xx_hal_can.o(i.HAL_CAN_RxFifo0FullCallback)
    HAL_CAN_RxFifo0MsgPendingCallback        0x080015a1   Thumb Code   100  main.o(i.HAL_CAN_RxFifo0MsgPendingCallback)
    HAL_CAN_RxFifo1FullCallback              0x08001615   Thumb Code     2  stm32f1xx_hal_can.o(i.HAL_CAN_RxFifo1FullCallback)
    HAL_CAN_RxFifo1MsgPendingCallback        0x08001617   Thumb Code     2  stm32f1xx_hal_can.o(i.HAL_CAN_RxFifo1MsgPendingCallback)
    HAL_CAN_SleepCallback                    0x08001619   Thumb Code     2  stm32f1xx_hal_can.o(i.HAL_CAN_SleepCallback)
    HAL_CAN_Start                            0x0800161b   Thumb Code    94  stm32f1xx_hal_can.o(i.HAL_CAN_Start)
    HAL_CAN_TxMailbox0AbortCallback          0x08001679   Thumb Code     2  stm32f1xx_hal_can.o(i.HAL_CAN_TxMailbox0AbortCallback)
    HAL_CAN_TxMailbox0CompleteCallback       0x0800167b   Thumb Code     2  main.o(i.HAL_CAN_TxMailbox0CompleteCallback)
    HAL_CAN_TxMailbox1AbortCallback          0x0800167d   Thumb Code     2  stm32f1xx_hal_can.o(i.HAL_CAN_TxMailbox1AbortCallback)
    HAL_CAN_TxMailbox1CompleteCallback       0x0800167f   Thumb Code     2  stm32f1xx_hal_can.o(i.HAL_CAN_TxMailbox1CompleteCallback)
    HAL_CAN_TxMailbox2AbortCallback          0x08001681   Thumb Code     2  stm32f1xx_hal_can.o(i.HAL_CAN_TxMailbox2AbortCallback)
    HAL_CAN_TxMailbox2CompleteCallback       0x08001683   Thumb Code     2  stm32f1xx_hal_can.o(i.HAL_CAN_TxMailbox2CompleteCallback)
    HAL_CAN_WakeUpFromRxMsgCallback          0x08001685   Thumb Code     2  stm32f1xx_hal_can.o(i.HAL_CAN_WakeUpFromRxMsgCallback)
    HAL_DAC_ConfigChannel                    0x08001687   Thumb Code   110  stm32f1xx_hal_dac.o(i.HAL_DAC_ConfigChannel)
    HAL_DAC_Init                             0x080016f5   Thumb Code    40  stm32f1xx_hal_dac.o(i.HAL_DAC_Init)
    HAL_DAC_MspInit                          0x0800171d   Thumb Code    98  stm32f1xx_hal_msp.o(i.HAL_DAC_MspInit)
    HAL_GPIO_Init                            0x0800178d   Thumb Code   766  stm32f1xx_hal_gpio.o(i.HAL_GPIO_Init)
    HAL_GPIO_WritePin                        0x08001aad   Thumb Code    12  stm32f1xx_hal_gpio.o(i.HAL_GPIO_WritePin)
    HAL_GetTick                              0x08001ab9   Thumb Code     6  stm32f1xx_hal.o(i.HAL_GetTick)
    HAL_IncTick                              0x08001ac5   Thumb Code    16  stm32f1xx_hal.o(i.HAL_IncTick)
    HAL_Init                                 0x08001add   Thumb Code    34  stm32f1xx_hal.o(i.HAL_Init)
    HAL_InitTick                             0x08001b05   Thumb Code   158  stm32f1xx_hal_timebase_tim.o(i.HAL_InitTick)
    HAL_MspInit                              0x08001bb9   Thumb Code    86  stm32f1xx_hal_msp.o(i.HAL_MspInit)
    HAL_NVIC_EnableIRQ                       0x08001c19   Thumb Code    32  stm32f1xx_hal_cortex.o(i.HAL_NVIC_EnableIRQ)
    HAL_NVIC_SetPriority                     0x08001c39   Thumb Code   124  stm32f1xx_hal_cortex.o(i.HAL_NVIC_SetPriority)
    HAL_NVIC_SetPriorityGrouping             0x08001cb5   Thumb Code    32  stm32f1xx_hal_cortex.o(i.HAL_NVIC_SetPriorityGrouping)
    HAL_RCCEx_GetPeriphCLKFreq               0x08001cdd   Thumb Code   468  stm32f1xx_hal_rcc_ex.o(i.HAL_RCCEx_GetPeriphCLKFreq)
    HAL_RCCEx_PeriphCLKConfig                0x08001ec5   Thumb Code   510  stm32f1xx_hal_rcc_ex.o(i.HAL_RCCEx_PeriphCLKConfig)
    HAL_RCC_ClockConfig                      0x080020d5   Thumb Code   376  stm32f1xx_hal_rcc.o(i.HAL_RCC_ClockConfig)
    HAL_RCC_GetClockConfig                   0x08002261   Thumb Code    58  stm32f1xx_hal_rcc.o(i.HAL_RCC_GetClockConfig)
    HAL_RCC_GetHCLKFreq                      0x080022a5   Thumb Code     6  stm32f1xx_hal_rcc.o(i.HAL_RCC_GetHCLKFreq)
    HAL_RCC_GetPCLK1Freq                     0x080022b1   Thumb Code    22  stm32f1xx_hal_rcc.o(i.HAL_RCC_GetPCLK1Freq)
    HAL_RCC_GetPCLK2Freq                     0x080022d1   Thumb Code    22  stm32f1xx_hal_rcc.o(i.HAL_RCC_GetPCLK2Freq)
    HAL_RCC_GetSysClockFreq                  0x080022f1   Thumb Code   210  stm32f1xx_hal_rcc.o(i.HAL_RCC_GetSysClockFreq)
    HAL_RCC_OscConfig                        0x080023d9   Thumb Code  1378  stm32f1xx_hal_rcc.o(i.HAL_RCC_OscConfig)
    HAL_TIMEx_BreakCallback                  0x08002945   Thumb Code     2  stm32f1xx_hal_tim_ex.o(i.HAL_TIMEx_BreakCallback)
    HAL_TIMEx_CommutCallback                 0x08002947   Thumb Code     2  stm32f1xx_hal_tim_ex.o(i.HAL_TIMEx_CommutCallback)
    HAL_TIMEx_MasterConfigSynchronization    0x08002949   Thumb Code   126  stm32f1xx_hal_tim_ex.o(i.HAL_TIMEx_MasterConfigSynchronization)
    HAL_TIM_Base_Init                        0x080029d9   Thumb Code   102  stm32f1xx_hal_tim.o(i.HAL_TIM_Base_Init)
    HAL_TIM_Base_MspInit                     0x08002a3f   Thumb Code     2  stm32f1xx_hal_tim.o(i.HAL_TIM_Base_MspInit)
    HAL_TIM_Base_Start_IT                    0x08002a41   Thumb Code   114  stm32f1xx_hal_tim.o(i.HAL_TIM_Base_Start_IT)
    HAL_TIM_IC_CaptureCallback               0x08002ac5   Thumb Code     2  stm32f1xx_hal_tim.o(i.HAL_TIM_IC_CaptureCallback)
    HAL_TIM_IRQHandler                       0x08002ac7   Thumb Code   406  stm32f1xx_hal_tim.o(i.HAL_TIM_IRQHandler)
    HAL_TIM_MspPostInit                      0x08002c5d   Thumb Code    74  stm32f1xx_hal_msp.o(i.HAL_TIM_MspPostInit)
    HAL_TIM_OC_DelayElapsedCallback          0x08002cb5   Thumb Code     2  stm32f1xx_hal_tim.o(i.HAL_TIM_OC_DelayElapsedCallback)
    HAL_TIM_PWM_ConfigChannel                0x08002cb7   Thumb Code   260  stm32f1xx_hal_tim.o(i.HAL_TIM_PWM_ConfigChannel)
    HAL_TIM_PWM_Init                         0x08002dbb   Thumb Code   102  stm32f1xx_hal_tim.o(i.HAL_TIM_PWM_Init)
    HAL_TIM_PWM_MspInit                      0x08002e21   Thumb Code    40  stm32f1xx_hal_msp.o(i.HAL_TIM_PWM_MspInit)
    HAL_TIM_PWM_PulseFinishedCallback        0x08002e51   Thumb Code     2  stm32f1xx_hal_tim.o(i.HAL_TIM_PWM_PulseFinishedCallback)
    HAL_TIM_PWM_Start                        0x08002e55   Thumb Code   206  stm32f1xx_hal_tim.o(i.HAL_TIM_PWM_Start)
    HAL_TIM_PeriodElapsedCallback            0x08002f35   Thumb Code    18  main.o(i.HAL_TIM_PeriodElapsedCallback)
    HAL_TIM_TriggerCallback                  0x08002f4d   Thumb Code     2  stm32f1xx_hal_tim.o(i.HAL_TIM_TriggerCallback)
    HardFault_Handler                        0x08002f4f   Thumb Code     4  stm32f1xx_it.o(i.HardFault_Handler)
    ManageTask                               0x0800325d   Thumb Code    48  main.o(i.ManageTask)
    MemManage_Handler                        0x08003299   Thumb Code     4  stm32f1xx_it.o(i.MemManage_Handler)
    NMI_Handler                              0x0800329d   Thumb Code     4  stm32f1xx_it.o(i.NMI_Handler)
    PID_Controller                           0x080032a1   Thumb Code   184  main.o(i.PID_Controller)
    SensorsRead                              0x08003389   Thumb Code   314  main.o(i.SensorsRead)
    StartReadSensorsTsk                      0x0800351d   Thumb Code    48  main.o(i.StartReadSensorsTsk)
    SysTick_Handler                          0x0800355d   Thumb Code    46  port.o(i.SysTick_Handler)
    SystemClock_Config                       0x08003591   Thumb Code   144  main.o(i.SystemClock_Config)
    SystemInit                               0x08003625   Thumb Code     2  system_stm32f1xx.o(i.SystemInit)
    TIM7_IRQHandler                          0x08003629   Thumb Code    10  stm32f1xx_it.o(i.TIM7_IRQHandler)
    TIM_Base_SetConfig                       0x08003639   Thumb Code   116  stm32f1xx_hal_tim.o(i.TIM_Base_SetConfig)
    TIM_CCxChannelCmd                        0x080036bd   Thumb Code    34  stm32f1xx_hal_tim.o(i.TIM_CCxChannelCmd)
    TIM_OC2_SetConfig                        0x08003741   Thumb Code   100  stm32f1xx_hal_tim.o(i.TIM_OC2_SetConfig)
    UsageFault_Handler                       0x08003859   Thumb Code     4  stm32f1xx_it.o(i.UsageFault_Handler)
    convert                                  0x08003895   Thumb Code    72  main.o(i.convert)
    exponential_filter                       0x080038dd   Thumb Code    50  main.o(i.exponential_filter)
    fmaxf                                    0x0800390f   Thumb Code    40  fmaxf.o(i.fmaxf)
    fminf                                    0x08003937   Thumb Code    40  fminf.o(i.fminf)
    main                                     0x08003961   Thumb Code   138  main.o(i.main)
    osDelay                                  0x08003a17   Thumb Code    24  cmsis_os.o(i.osDelay)
    osKernelStart                            0x08003a2f   Thumb Code    10  cmsis_os.o(i.osKernelStart)
    osThreadCreate                           0x08003a39   Thumb Code    94  cmsis_os.o(i.osThreadCreate)
    pvPortMalloc                             0x08003f11   Thumb Code   296  heap_4.o(i.pvPortMalloc)
    pxPortInitialiseStack                    0x0800404d   Thumb Code    30  port.o(i.pxPortInitialiseStack)
    supervisorTask                           0x08004071   Thumb Code    10  main.o(i.supervisorTask)
    uxListRemove                             0x0800407b   Thumb Code    40  list.o(i.uxListRemove)
    vApplicationGetIdleTaskMemory            0x080040a5   Thumb Code    14  freertos.o(i.vApplicationGetIdleTaskMemory)
    vListInitialise                          0x080040bd   Thumb Code    26  list.o(i.vListInitialise)
    vListInitialiseItem                      0x080040d7   Thumb Code     6  list.o(i.vListInitialiseItem)
    vListInsert                              0x080040dd   Thumb Code    52  list.o(i.vListInsert)
    vListInsertEnd                           0x08004111   Thumb Code    24  list.o(i.vListInsertEnd)
    vPortEnterCritical                       0x08004129   Thumb Code    76  port.o(i.vPortEnterCritical)
    vPortExitCritical                        0x0800417d   Thumb Code    56  port.o(i.vPortExitCritical)
    vPortFree                                0x080041b9   Thumb Code   140  heap_4.o(i.vPortFree)
    vPortSetupTimerInterrupt                 0x0800424d   Thumb Code    36  port.o(i.vPortSetupTimerInterrupt)
    vTaskDelay                               0x08004275   Thumb Code    82  tasks.o(i.vTaskDelay)
    vTaskStartScheduler                      0x080042d1   Thumb Code   146  tasks.o(i.vTaskStartScheduler)
    vTaskSuspendAll                          0x08004381   Thumb Code    12  tasks.o(i.vTaskSuspendAll)
    vTaskSwitchContext                       0x08004391   Thumb Code   118  tasks.o(i.vTaskSwitchContext)
    xPortStartScheduler                      0x0800441d   Thumb Code   228  port.o(i.xPortStartScheduler)
    xTaskCreate                              0x08004515   Thumb Code   100  tasks.o(i.xTaskCreate)
    xTaskCreateStatic                        0x08004579   Thumb Code   184  tasks.o(i.xTaskCreateStatic)
    xTaskIncrementTick                       0x08004631   Thumb Code   282  tasks.o(i.xTaskIncrementTick)
    xTaskResumeAll                           0x08004779   Thumb Code   224  tasks.o(i.xTaskResumeAll)
    __aeabi_d2f                              0x0800487d   Thumb Code     0  d2f.o(x$fpl$d2f)
    _d2f                                     0x0800487d   Thumb Code    98  d2f.o(x$fpl$d2f)
    __aeabi_dadd                             0x080048e1   Thumb Code     0  daddsub_clz.o(x$fpl$dadd)
    _dadd                                    0x080048e1   Thumb Code   332  daddsub_clz.o(x$fpl$dadd)
    __aeabi_ddiv                             0x08004a31   Thumb Code     0  ddiv.o(x$fpl$ddiv)
    _ddiv                                    0x08004a31   Thumb Code   552  ddiv.o(x$fpl$ddiv)
    __aeabi_dmul                             0x08004ce1   Thumb Code     0  dmul.o(x$fpl$dmul)
    _dmul                                    0x08004ce1   Thumb Code   332  dmul.o(x$fpl$dmul)
    __fpl_dnaninf                            0x08004e35   Thumb Code   156  dnaninf.o(x$fpl$dnaninf)
    __fpl_dretinf                            0x08004ed1   Thumb Code    12  dretinf.o(x$fpl$dretinf)
    __aeabi_dsub                             0x08004edd   Thumb Code     0  daddsub_clz.o(x$fpl$dsub)
    _dsub                                    0x08004edd   Thumb Code   464  daddsub_clz.o(x$fpl$dsub)
    __aeabi_f2d                              0x080050b1   Thumb Code     0  f2d.o(x$fpl$f2d)
    _f2d                                     0x080050b1   Thumb Code    86  f2d.o(x$fpl$f2d)
    __aeabi_fadd                             0x08005109   Thumb Code     0  faddsub_clz.o(x$fpl$fadd)
    _fadd                                    0x08005109   Thumb Code   196  faddsub_clz.o(x$fpl$fadd)
    __fcmp4                                  0x080051cd   Thumb Code    82  fcmp4.o(x$fpl$fcmp4)
    __ARM_fcmp4                              0x0800521f   Thumb Code     0  fcmp4.o(x$fpl$fcmp4)
    _fcmp4                                   0x0800521f   Thumb Code    60  fcmp4.o(x$fpl$fcmp4)
    __fpl_fcmp_Inf                           0x0800525b   Thumb Code    24  fcmpi.o(x$fpl$fcmpinf)
    __aeabi_fdiv                             0x08005275   Thumb Code     0  fdiv.o(x$fpl$fdiv)
    _fdiv                                    0x08005275   Thumb Code   384  fdiv.o(x$fpl$fdiv)
    __aeabi_i2f                              0x080053f9   Thumb Code     0  fflt_clz.o(x$fpl$fflt)
    _fflt                                    0x080053f9   Thumb Code    48  fflt_clz.o(x$fpl$fflt)
    __aeabi_cfcmple                          0x08005429   Thumb Code     0  fleqf.o(x$fpl$fleqf)
    _fcmple                                  0x08005429   Thumb Code   104  fleqf.o(x$fpl$fleqf)
    __fpl_fcmple_InfNaN                      0x0800547b   Thumb Code     0  fleqf.o(x$fpl$fleqf)
    __aeabi_fmul                             0x08005491   Thumb Code     0  fmul.o(x$fpl$fmul)
    _fmul                                    0x08005491   Thumb Code   258  fmul.o(x$fpl$fmul)
    __fpl_fnaninf                            0x08005593   Thumb Code   140  fnaninf.o(x$fpl$fnaninf)
    __fpl_fretinf                            0x0800561f   Thumb Code    10  fretinf.o(x$fpl$fretinf)
    __aeabi_cfrcmple                         0x08005629   Thumb Code     0  frleqf.o(x$fpl$frleqf)
    _frcmple                                 0x08005629   Thumb Code    98  frleqf.o(x$fpl$frleqf)
    __aeabi_frsub                            0x0800568b   Thumb Code     0  faddsub_clz.o(x$fpl$frsb)
    _frsb                                    0x0800568b   Thumb Code    20  faddsub_clz.o(x$fpl$frsb)
    __aeabi_fsub                             0x080056a1   Thumb Code     0  faddsub_clz.o(x$fpl$fsub)
    _fsub                                    0x080056a1   Thumb Code   234  faddsub_clz.o(x$fpl$fsub)
    __I$use$fp                               0x0800578a   Number         0  usenofp.o(x$fpl$usenofp)
    AHBPrescTable                            0x0800581c   Data          16  system_stm32f1xx.o(.constdata)
    APBPrescTable                            0x0800582c   Data           8  system_stm32f1xx.o(.constdata)
    Region$$Table$$Base                      0x0800585c   Number         0  anon$$obj.o(Region$$Table)
    Region$$Table$$Limit                     0x0800587c   Number         0  anon$$obj.o(Region$$Table)
    currentASBSignal                         0x20000000   Data           1  main.o(.data)
    adc                                      0x20000002   Data           8  main.o(.data)
    ADC_flag                                 0x2000000a   Data           1  main.o(.data)
    VAL_BrakeSensFront                       0x2000000c   Data           4  main.o(.data)
    VAL_BrakeSensFront_prev                  0x20000010   Data           4  main.o(.data)
    VAL_BrakeSensFront_f                     0x20000014   Data           4  main.o(.data)
    ADC_BrakeSensFront                       0x20000018   Data           2  main.o(.data)
    VAL_BrakeSensRear                        0x2000001c   Data           4  main.o(.data)
    VAL_BrakeSensRear_prev                   0x20000020   Data           4  main.o(.data)
    VAL_BrakeSensRear_f                      0x20000024   Data           4  main.o(.data)
    ADC_BrakeSensRear                        0x20000028   Data           2  main.o(.data)
    VAL_HydroPressure                        0x2000002c   Data           4  main.o(.data)
    VAL_Pressure_BP1                         0x20000030   Data           4  main.o(.data)
    VAL_Pressure_BP1_prev                    0x20000034   Data           4  main.o(.data)
    VAL_Pressure_BP1_f                       0x20000038   Data           4  main.o(.data)
    ADC_Pressure_BP1                         0x2000003c   Data           2  main.o(.data)
    VAL_Pressure_BP2                         0x20000040   Data           4  main.o(.data)
    VAL_Pressure_BP2_prev                    0x20000044   Data           4  main.o(.data)
    VAL_Pressure_BP2_f                       0x20000048   Data           4  main.o(.data)
    ADC_Pressure_BP2                         0x2000004c   Data           2  main.o(.data)
    VAL_MomentBrake                          0x20000050   Data           4  main.o(.data)
    outPIDpne                                0x20000054   Data           4  main.o(.data)
    outPIDhyd                                0x20000058   Data           4  main.o(.data)
    outPIDmoment                             0x2000005c   Data           4  main.o(.data)
    setPneumoValue                           0x20000060   Data           4  main.o(.data)
    setHydroValue                            0x20000064   Data           4  main.o(.data)
    setMomentValue                           0x20000068   Data           4  main.o(.data)
    readSensorsHandle                        0x2000006c   Data           4  main.o(.data)
    supervisorHandle                         0x20000070   Data           4  main.o(.data)
    ManageSysTaskHandle                      0x20000074   Data           4  main.o(.data)
    TxMailbox                                0x20000078   Data           4  main.o(.data)
    i                                        0x2000007c   Data           1  main.o(.data)
    recieve                                  0x2000007d   Data           1  main.o(.data)
    TX_data                                  0x2000007e   Data           8  main.o(.data)
    RX_data                                  0x20000086   Data           8  main.o(.data)
    uwTick                                   0x20000090   Data           4  stm32f1xx_hal.o(.data)
    uwTickPrio                               0x20000094   Data           4  stm32f1xx_hal.o(.data)
    uwTickFreq                               0x20000098   Data           1  stm32f1xx_hal.o(.data)
    SystemCoreClock                          0x2000009c   Data           4  system_stm32f1xx.o(.data)
    pxCurrentTCB                             0x200000a0   Data           4  tasks.o(.data)
    hadc1                                    0x20000100   Data          48  main.o(.bss)
    hcan1                                    0x20000130   Data          40  main.o(.bss)
    hdac                                     0x20000158   Data          20  main.o(.bss)
    htim4                                    0x2000016c   Data          72  main.o(.bss)
    pTxHeader                                0x200001b4   Data          24  main.o(.bss)
    pRxHeader                                0x200001cc   Data          28  main.o(.bss)
    sFilterConfig                            0x200001e8   Data          40  main.o(.bss)
    htim7                                    0x20000464   Data          72  stm32f1xx_hal_timebase_tim.o(.bss)
    __libspace_start                         0x2000159c   Data          96  libspace.o(.bss)
    __temporary_stack_top$libspace           0x200015fc   Data           0  libspace.o(.bss)



==============================================================================

Memory Map of the image

  Image Entry point : 0x08000151

  Load Region LR_IROM1 (Base: 0x08000000, Size: 0x0000597c, Max: 0x00040000, ABSOLUTE)

    Execution Region ER_IROM1 (Exec base: 0x08000000, Load base: 0x08000000, Size: 0x0000587c, Max: 0x00040000, ABSOLUTE)

    Exec Addr    Load Addr    Size         Type   Attr      Idx    E Section Name        Object

    0x08000000   0x08000000   0x00000150   Data   RO            3    RESET               startup_stm32f105xc.o
    0x08000150   0x08000150   0x00000008   Code   RO         4692  * !!!main             c_w.l(__main.o)
    0x08000158   0x08000158   0x00000034   Code   RO         4924    !!!scatter          c_w.l(__scatter.o)
    0x0800018c   0x0800018c   0x0000001a   Code   RO         4926    !!handler_copy      c_w.l(__scatter_copy.o)
    0x080001a6   0x080001a6   0x00000002   PAD
    0x080001a8   0x080001a8   0x0000001c   Code   RO         4928    !!handler_zi        c_w.l(__scatter_zi.o)
    0x080001c4   0x080001c4   0x00000002   Code   RO         4792    .ARM.Collect$$libinit$$00000000  c_w.l(libinit.o)
    0x080001c6   0x080001c6   0x00000000   Code   RO         4805    .ARM.Collect$$libinit$$00000002  c_w.l(libinit2.o)
    0x080001c6   0x080001c6   0x00000000   Code   RO         4807    .ARM.Collect$$libinit$$00000004  c_w.l(libinit2.o)
    0x080001c6   0x080001c6   0x00000000   Code   RO         4810    .ARM.Collect$$libinit$$0000000A  c_w.l(libinit2.o)
    0x080001c6   0x080001c6   0x00000000   Code   RO         4812    .ARM.Collect$$libinit$$0000000C  c_w.l(libinit2.o)
    0x080001c6   0x080001c6   0x00000000   Code   RO         4814    .ARM.Collect$$libinit$$0000000E  c_w.l(libinit2.o)
    0x080001c6   0x080001c6   0x00000000   Code   RO         4817    .ARM.Collect$$libinit$$00000011  c_w.l(libinit2.o)
    0x080001c6   0x080001c6   0x00000000   Code   RO         4819    .ARM.Collect$$libinit$$00000013  c_w.l(libinit2.o)
    0x080001c6   0x080001c6   0x00000000   Code   RO         4821    .ARM.Collect$$libinit$$00000015  c_w.l(libinit2.o)
    0x080001c6   0x080001c6   0x00000000   Code   RO         4823    .ARM.Collect$$libinit$$00000017  c_w.l(libinit2.o)
    0x080001c6   0x080001c6   0x00000000   Code   RO         4825    .ARM.Collect$$libinit$$00000019  c_w.l(libinit2.o)
    0x080001c6   0x080001c6   0x00000000   Code   RO         4827    .ARM.Collect$$libinit$$0000001B  c_w.l(libinit2.o)
    0x080001c6   0x080001c6   0x00000000   Code   RO         4829    .ARM.Collect$$libinit$$0000001D  c_w.l(libinit2.o)
    0x080001c6   0x080001c6   0x00000000   Code   RO         4831    .ARM.Collect$$libinit$$0000001F  c_w.l(libinit2.o)
    0x080001c6   0x080001c6   0x00000000   Code   RO         4833    .ARM.Collect$$libinit$$00000021  c_w.l(libinit2.o)
    0x080001c6   0x080001c6   0x00000000   Code   RO         4835    .ARM.Collect$$libinit$$00000023  c_w.l(libinit2.o)
    0x080001c6   0x080001c6   0x00000000   Code   RO         4837    .ARM.Collect$$libinit$$00000025  c_w.l(libinit2.o)
    0x080001c6   0x080001c6   0x00000000   Code   RO         4841    .ARM.Collect$$libinit$$0000002C  c_w.l(libinit2.o)
    0x080001c6   0x080001c6   0x00000000   Code   RO         4843    .ARM.Collect$$libinit$$0000002E  c_w.l(libinit2.o)
    0x080001c6   0x080001c6   0x00000000   Code   RO         4845    .ARM.Collect$$libinit$$00000030  c_w.l(libinit2.o)
    0x080001c6   0x080001c6   0x00000000   Code   RO         4847    .ARM.Collect$$libinit$$00000032  c_w.l(libinit2.o)
    0x080001c6   0x080001c6   0x00000002   Code   RO         4848    .ARM.Collect$$libinit$$00000033  c_w.l(libinit2.o)
    0x080001c8   0x080001c8   0x00000002   Code   RO         4879    .ARM.Collect$$libshutdown$$00000000  c_w.l(libshutdown.o)
    0x080001ca   0x080001ca   0x00000000   Code   RO         4905    .ARM.Collect$$libshutdown$$00000002  c_w.l(libshutdown2.o)
    0x080001ca   0x080001ca   0x00000000   Code   RO         4907    .ARM.Collect$$libshutdown$$00000004  c_w.l(libshutdown2.o)
    0x080001ca   0x080001ca   0x00000000   Code   RO         4909    .ARM.Collect$$libshutdown$$00000006  c_w.l(libshutdown2.o)
    0x080001ca   0x080001ca   0x00000000   Code   RO         4912    .ARM.Collect$$libshutdown$$00000009  c_w.l(libshutdown2.o)
    0x080001ca   0x080001ca   0x00000000   Code   RO         4915    .ARM.Collect$$libshutdown$$0000000C  c_w.l(libshutdown2.o)
    0x080001ca   0x080001ca   0x00000000   Code   RO         4917    .ARM.Collect$$libshutdown$$0000000E  c_w.l(libshutdown2.o)
    0x080001ca   0x080001ca   0x00000000   Code   RO         4920    .ARM.Collect$$libshutdown$$00000011  c_w.l(libshutdown2.o)
    0x080001ca   0x080001ca   0x00000002   Code   RO         4921    .ARM.Collect$$libshutdown$$00000012  c_w.l(libshutdown2.o)
    0x080001cc   0x080001cc   0x00000000   Code   RO         4740    .ARM.Collect$$rtentry$$00000000  c_w.l(__rtentry.o)
    0x080001cc   0x080001cc   0x00000000   Code   RO         4763    .ARM.Collect$$rtentry$$00000002  c_w.l(__rtentry2.o)
    0x080001cc   0x080001cc   0x00000006   Code   RO         4775    .ARM.Collect$$rtentry$$00000004  c_w.l(__rtentry4.o)
    0x080001d2   0x080001d2   0x00000000   Code   RO         4765    .ARM.Collect$$rtentry$$00000009  c_w.l(__rtentry2.o)
    0x080001d2   0x080001d2   0x00000004   Code   RO         4766    .ARM.Collect$$rtentry$$0000000A  c_w.l(__rtentry2.o)
    0x080001d6   0x080001d6   0x00000000   Code   RO         4768    .ARM.Collect$$rtentry$$0000000C  c_w.l(__rtentry2.o)
    0x080001d6   0x080001d6   0x00000008   Code   RO         4769    .ARM.Collect$$rtentry$$0000000D  c_w.l(__rtentry2.o)
    0x080001de   0x080001de   0x00000002   Code   RO         4796    .ARM.Collect$$rtexit$$00000000  c_w.l(rtexit.o)
    0x080001e0   0x080001e0   0x00000000   Code   RO         4852    .ARM.Collect$$rtexit$$00000002  c_w.l(rtexit2.o)
    0x080001e0   0x080001e0   0x00000004   Code   RO         4853    .ARM.Collect$$rtexit$$00000003  c_w.l(rtexit2.o)
    0x080001e4   0x080001e4   0x00000006   Code   RO         4854    .ARM.Collect$$rtexit$$00000004  c_w.l(rtexit2.o)
    0x080001ea   0x080001ea   0x00000002   PAD
    0x080001ec   0x080001ec   0x00000096   Code   RO         4599    .emb_text           port.o
    0x08000282   0x08000282   0x00000002   PAD
    0x08000284   0x08000284   0x00000040   Code   RO            4    .text               startup_stm32f105xc.o
    0x080002c4   0x080002c4   0x000000ee   Code   RO         4678    .text               c_w.l(lludivv7m.o)
    0x080003b2   0x080003b2   0x00000064   Code   RO         4684    .text               c_w.l(rt_memcpy_w.o)
    0x08000416   0x08000416   0x0000004e   Code   RO         4688    .text               c_w.l(rt_memclr_w.o)
    0x08000464   0x08000464   0x00000006   Code   RO         4690    .text               c_w.l(heapauxi.o)
    0x0800046a   0x0800046a   0x0000004a   Code   RO         4779    .text               c_w.l(sys_stackheap_outer.o)
    0x080004b4   0x080004b4   0x00000012   Code   RO         4781    .text               c_w.l(exit.o)
    0x080004c6   0x080004c6   0x00000002   PAD
    0x080004c8   0x080004c8   0x00000008   Code   RO         4793    .text               c_w.l(libspace.o)
    0x080004d0   0x080004d0   0x0000000c   Code   RO         4849    .text               c_w.l(sys_exit.o)
    0x080004dc   0x080004dc   0x00000002   Code   RO         4868    .text               c_w.l(use_no_semi.o)
    0x080004de   0x080004de   0x00000000   Code   RO         4870    .text               c_w.l(indicate_semi.o)
    0x080004de   0x080004de   0x00000002   PAD
    0x080004e0   0x080004e0   0x00000010   Code   RO          353    i.ADC1_2_IRQHandler  stm32f1xx_it.o
    0x080004f0   0x080004f0   0x0000005c   Code   RO          588    i.ADC_ConversionStop_Disable  stm32f1xx_hal_adc.o
    0x0800054c   0x0800054c   0x00000090   Code   RO          592    i.ADC_Enable        stm32f1xx_hal_adc.o
    0x080005dc   0x080005dc   0x00000044   Code   RO           13    i.BRAKE_LIGHT_FUNCTION  main.o
    0x08000620   0x08000620   0x00000004   Code   RO          354    i.BusFault_Handler  stm32f1xx_it.o
    0x08000624   0x08000624   0x00000010   Code   RO          355    i.CAN1_RX0_IRQHandler  stm32f1xx_it.o
    0x08000634   0x08000634   0x00000010   Code   RO          356    i.CAN1_TX_IRQHandler  stm32f1xx_it.o
    0x08000644   0x08000644   0x00000002   Code   RO          357    i.DebugMon_Handler  stm32f1xx_it.o
    0x08000646   0x08000646   0x00000006   Code   RO           15    i.Error_Handler     main.o
    0x0800064c   0x0800064c   0x0000011c   Code   RO          768    i.HAL_ADCEx_Calibration_Start  stm32f1xx_hal_adc_ex.o
    0x08000768   0x08000768   0x00000254   Code   RO          769    i.HAL_ADCEx_InjectedConfigChannel  stm32f1xx_hal_adc_ex.o
    0x080009bc   0x080009bc   0x0000005c   Code   RO           16    i.HAL_ADCEx_InjectedConvCpltCallback  main.o
    0x08000a18   0x08000a18   0x00000032   Code   RO          771    i.HAL_ADCEx_InjectedGetValue  stm32f1xx_hal_adc_ex.o
    0x08000a4a   0x08000a4a   0x00000002   PAD
    0x08000a4c   0x08000a4c   0x000000f8   Code   RO          774    i.HAL_ADCEx_InjectedStart_IT  stm32f1xx_hal_adc_ex.o
    0x08000b44   0x08000b44   0x00000002   Code   RO          595    i.HAL_ADC_ConvCpltCallback  stm32f1xx_hal_adc.o
    0x08000b46   0x08000b46   0x00000112   Code   RO          602    i.HAL_ADC_IRQHandler  stm32f1xx_hal_adc.o
    0x08000c58   0x08000c58   0x00000144   Code   RO          603    i.HAL_ADC_Init      stm32f1xx_hal_adc.o
    0x08000d9c   0x08000d9c   0x00000002   Code   RO          604    i.HAL_ADC_LevelOutOfWindowCallback  stm32f1xx_hal_adc.o
    0x08000d9e   0x08000d9e   0x00000002   PAD
    0x08000da0   0x08000da0   0x000000ac   Code   RO          436    i.HAL_ADC_MspInit   stm32f1xx_hal_msp.o
    0x08000e4c   0x08000e4c   0x0000002a   Code   RO         1897    i.HAL_CAN_ActivateNotification  stm32f1xx_hal_can.o
    0x08000e76   0x08000e76   0x00000002   PAD
    0x08000e78   0x08000e78   0x00000124   Code   RO         1899    i.HAL_CAN_ConfigFilter  stm32f1xx_hal_can.o
    0x08000f9c   0x08000f9c   0x00000002   Code   RO         1902    i.HAL_CAN_ErrorCallback  stm32f1xx_hal_can.o
    0x08000f9e   0x08000f9e   0x00000194   Code   RO         1905    i.HAL_CAN_GetRxMessage  stm32f1xx_hal_can.o
    0x08001132   0x08001132   0x0000024e   Code   RO         1909    i.HAL_CAN_IRQHandler  stm32f1xx_hal_can.o
    0x08001380   0x08001380   0x00000174   Code   RO         1910    i.HAL_CAN_Init      stm32f1xx_hal_can.o
    0x080014f4   0x080014f4   0x000000a8   Code   RO          438    i.HAL_CAN_MspInit   stm32f1xx_hal_msp.o
    0x0800159c   0x0800159c   0x00000002   Code   RO         1917    i.HAL_CAN_RxFifo0FullCallback  stm32f1xx_hal_can.o
    0x0800159e   0x0800159e   0x00000002   PAD
    0x080015a0   0x080015a0   0x00000074   Code   RO           17    i.HAL_CAN_RxFifo0MsgPendingCallback  main.o
    0x08001614   0x08001614   0x00000002   Code   RO         1919    i.HAL_CAN_RxFifo1FullCallback  stm32f1xx_hal_can.o
    0x08001616   0x08001616   0x00000002   Code   RO         1920    i.HAL_CAN_RxFifo1MsgPendingCallback  stm32f1xx_hal_can.o
    0x08001618   0x08001618   0x00000002   Code   RO         1921    i.HAL_CAN_SleepCallback  stm32f1xx_hal_can.o
    0x0800161a   0x0800161a   0x0000005e   Code   RO         1922    i.HAL_CAN_Start     stm32f1xx_hal_can.o
    0x08001678   0x08001678   0x00000002   Code   RO         1924    i.HAL_CAN_TxMailbox0AbortCallback  stm32f1xx_hal_can.o
    0x0800167a   0x0800167a   0x00000002   Code   RO           18    i.HAL_CAN_TxMailbox0CompleteCallback  main.o
    0x0800167c   0x0800167c   0x00000002   Code   RO         1926    i.HAL_CAN_TxMailbox1AbortCallback  stm32f1xx_hal_can.o
    0x0800167e   0x0800167e   0x00000002   Code   RO         1927    i.HAL_CAN_TxMailbox1CompleteCallback  stm32f1xx_hal_can.o
    0x08001680   0x08001680   0x00000002   Code   RO         1928    i.HAL_CAN_TxMailbox2AbortCallback  stm32f1xx_hal_can.o
    0x08001682   0x08001682   0x00000002   Code   RO         1929    i.HAL_CAN_TxMailbox2CompleteCallback  stm32f1xx_hal_can.o
    0x08001684   0x08001684   0x00000002   Code   RO         1931    i.HAL_CAN_WakeUpFromRxMsgCallback  stm32f1xx_hal_can.o
    0x08001686   0x08001686   0x0000006e   Code   RO         2133    i.HAL_DAC_ConfigChannel  stm32f1xx_hal_dac.o
    0x080016f4   0x080016f4   0x00000028   Code   RO         2143    i.HAL_DAC_Init      stm32f1xx_hal_dac.o
    0x0800171c   0x0800171c   0x00000070   Code   RO          440    i.HAL_DAC_MspInit   stm32f1xx_hal_msp.o
    0x0800178c   0x0800178c   0x00000320   Code   RO         1210    i.HAL_GPIO_Init     stm32f1xx_hal_gpio.o
    0x08001aac   0x08001aac   0x0000000c   Code   RO         1214    i.HAL_GPIO_WritePin  stm32f1xx_hal_gpio.o
    0x08001ab8   0x08001ab8   0x0000000c   Code   RO          875    i.HAL_GetTick       stm32f1xx_hal.o
    0x08001ac4   0x08001ac4   0x00000018   Code   RO          881    i.HAL_IncTick       stm32f1xx_hal.o
    0x08001adc   0x08001adc   0x00000028   Code   RO          882    i.HAL_Init          stm32f1xx_hal.o
    0x08001b04   0x08001b04   0x000000b4   Code   RO          513    i.HAL_InitTick      stm32f1xx_hal_timebase_tim.o
    0x08001bb8   0x08001bb8   0x00000060   Code   RO          441    i.HAL_MspInit       stm32f1xx_hal_msp.o
    0x08001c18   0x08001c18   0x00000020   Code   RO         1370    i.HAL_NVIC_EnableIRQ  stm32f1xx_hal_cortex.o
    0x08001c38   0x08001c38   0x0000007c   Code   RO         1376    i.HAL_NVIC_SetPriority  stm32f1xx_hal_cortex.o
    0x08001cb4   0x08001cb4   0x00000028   Code   RO         1377    i.HAL_NVIC_SetPriorityGrouping  stm32f1xx_hal_cortex.o
    0x08001cdc   0x08001cdc   0x000001e8   Code   RO         1151    i.HAL_RCCEx_GetPeriphCLKFreq  stm32f1xx_hal_rcc_ex.o
    0x08001ec4   0x08001ec4   0x00000210   Code   RO         1152    i.HAL_RCCEx_PeriphCLKConfig  stm32f1xx_hal_rcc_ex.o
    0x080020d4   0x080020d4   0x0000018c   Code   RO         1039    i.HAL_RCC_ClockConfig  stm32f1xx_hal_rcc.o
    0x08002260   0x08002260   0x00000044   Code   RO         1043    i.HAL_RCC_GetClockConfig  stm32f1xx_hal_rcc.o
    0x080022a4   0x080022a4   0x0000000c   Code   RO         1044    i.HAL_RCC_GetHCLKFreq  stm32f1xx_hal_rcc.o
    0x080022b0   0x080022b0   0x00000020   Code   RO         1046    i.HAL_RCC_GetPCLK1Freq  stm32f1xx_hal_rcc.o
    0x080022d0   0x080022d0   0x00000020   Code   RO         1047    i.HAL_RCC_GetPCLK2Freq  stm32f1xx_hal_rcc.o
    0x080022f0   0x080022f0   0x000000e8   Code   RO         1048    i.HAL_RCC_GetSysClockFreq  stm32f1xx_hal_rcc.o
    0x080023d8   0x080023d8   0x0000056c   Code   RO         1051    i.HAL_RCC_OscConfig  stm32f1xx_hal_rcc.o
    0x08002944   0x08002944   0x00000002   Code   RO         3087    i.HAL_TIMEx_BreakCallback  stm32f1xx_hal_tim_ex.o
    0x08002946   0x08002946   0x00000002   Code   RO         3088    i.HAL_TIMEx_CommutCallback  stm32f1xx_hal_tim_ex.o
    0x08002948   0x08002948   0x00000090   Code   RO         3106    i.HAL_TIMEx_MasterConfigSynchronization  stm32f1xx_hal_tim_ex.o
    0x080029d8   0x080029d8   0x00000066   Code   RO         2372    i.HAL_TIM_Base_Init  stm32f1xx_hal_tim.o
    0x08002a3e   0x08002a3e   0x00000002   Code   RO         2374    i.HAL_TIM_Base_MspInit  stm32f1xx_hal_tim.o
    0x08002a40   0x08002a40   0x00000084   Code   RO         2377    i.HAL_TIM_Base_Start_IT  stm32f1xx_hal_tim.o
    0x08002ac4   0x08002ac4   0x00000002   Code   RO         2406    i.HAL_TIM_IC_CaptureCallback  stm32f1xx_hal_tim.o
    0x08002ac6   0x08002ac6   0x00000196   Code   RO         2420    i.HAL_TIM_IRQHandler  stm32f1xx_hal_tim.o
    0x08002c5c   0x08002c5c   0x00000058   Code   RO          442    i.HAL_TIM_MspPostInit  stm32f1xx_hal_msp.o
    0x08002cb4   0x08002cb4   0x00000002   Code   RO         2423    i.HAL_TIM_OC_DelayElapsedCallback  stm32f1xx_hal_tim.o
    0x08002cb6   0x08002cb6   0x00000104   Code   RO         2444    i.HAL_TIM_PWM_ConfigChannel  stm32f1xx_hal_tim.o
    0x08002dba   0x08002dba   0x00000066   Code   RO         2447    i.HAL_TIM_PWM_Init  stm32f1xx_hal_tim.o
    0x08002e20   0x08002e20   0x00000030   Code   RO          444    i.HAL_TIM_PWM_MspInit  stm32f1xx_hal_msp.o
    0x08002e50   0x08002e50   0x00000002   Code   RO         2450    i.HAL_TIM_PWM_PulseFinishedCallback  stm32f1xx_hal_tim.o
    0x08002e52   0x08002e52   0x00000002   PAD
    0x08002e54   0x08002e54   0x000000e0   Code   RO         2452    i.HAL_TIM_PWM_Start  stm32f1xx_hal_tim.o
    0x08002f34   0x08002f34   0x00000018   Code   RO           19    i.HAL_TIM_PeriodElapsedCallback  main.o
    0x08002f4c   0x08002f4c   0x00000002   Code   RO         2463    i.HAL_TIM_TriggerCallback  stm32f1xx_hal_tim.o
    0x08002f4e   0x08002f4e   0x00000004   Code   RO          358    i.HardFault_Handler  stm32f1xx_it.o
    0x08002f52   0x08002f52   0x00000002   PAD
    0x08002f54   0x08002f54   0x000000b8   Code   RO           21    i.MX_ADC1_Init      main.o
    0x0800300c   0x0800300c   0x000000ac   Code   RO           22    i.MX_CAN1_Init      main.o
    0x080030b8   0x080030b8   0x0000003c   Code   RO           23    i.MX_DAC_Init       main.o
    0x080030f4   0x080030f4   0x000000e8   Code   RO           24    i.MX_GPIO_Init      main.o
    0x080031dc   0x080031dc   0x00000080   Code   RO           25    i.MX_TIM4_Init      main.o
    0x0800325c   0x0800325c   0x0000003c   Code   RO           26    i.ManageTask        main.o
    0x08003298   0x08003298   0x00000004   Code   RO          359    i.MemManage_Handler  stm32f1xx_it.o
    0x0800329c   0x0800329c   0x00000004   Code   RO          360    i.NMI_Handler       stm32f1xx_it.o
    0x080032a0   0x080032a0   0x000000c0   Code   RO           27    i.PID_Controller    main.o
    0x08003360   0x08003360   0x00000028   Code   RO         1052    i.RCC_Delay         stm32f1xx_hal_rcc.o
    0x08003388   0x08003388   0x00000194   Code   RO           28    i.SensorsRead       main.o
    0x0800351c   0x0800351c   0x00000040   Code   RO           29    i.StartReadSensorsTsk  main.o
    0x0800355c   0x0800355c   0x00000034   Code   RO         4600    i.SysTick_Handler   port.o
    0x08003590   0x08003590   0x00000094   Code   RO           30    i.SystemClock_Config  main.o
    0x08003624   0x08003624   0x00000002   Code   RO         3355    i.SystemInit        system_stm32f1xx.o
    0x08003626   0x08003626   0x00000002   PAD
    0x08003628   0x08003628   0x00000010   Code   RO          361    i.TIM7_IRQHandler   stm32f1xx_it.o
    0x08003638   0x08003638   0x00000084   Code   RO         2465    i.TIM_Base_SetConfig  stm32f1xx_hal_tim.o
    0x080036bc   0x080036bc   0x00000022   Code   RO         2466    i.TIM_CCxChannelCmd  stm32f1xx_hal_tim.o
    0x080036de   0x080036de   0x00000002   PAD
    0x080036e0   0x080036e0   0x00000060   Code   RO         2478    i.TIM_OC1_SetConfig  stm32f1xx_hal_tim.o
    0x08003740   0x08003740   0x00000068   Code   RO         2479    i.TIM_OC2_SetConfig  stm32f1xx_hal_tim.o
    0x080037a8   0x080037a8   0x00000068   Code   RO         2480    i.TIM_OC3_SetConfig  stm32f1xx_hal_tim.o
    0x08003810   0x08003810   0x00000048   Code   RO         2481    i.TIM_OC4_SetConfig  stm32f1xx_hal_tim.o
    0x08003858   0x08003858   0x00000004   Code   RO          362    i.UsageFault_Handler  stm32f1xx_it.o
    0x0800385c   0x0800385c   0x00000010   Code   RO         1383    i.__NVIC_GetPriorityGrouping  stm32f1xx_hal_cortex.o
    0x0800386c   0x0800386c   0x00000028   Code   RO         1384    i.__NVIC_SetPriority  stm32f1xx_hal_cortex.o
    0x08003894   0x08003894   0x00000048   Code   RO           31    i.convert           main.o
    0x080038dc   0x080038dc   0x00000032   Code   RO           32    i.exponential_filter  main.o
    0x0800390e   0x0800390e   0x00000028   Code   RO         4736    i.fmaxf             m_ws.l(fmaxf.o)
    0x08003936   0x08003936   0x00000028   Code   RO         4738    i.fminf             m_ws.l(fminf.o)
    0x0800395e   0x0800395e   0x00000002   PAD
    0x08003960   0x08003960   0x000000a8   Code   RO           33    i.main              main.o
    0x08003a08   0x08003a08   0x0000000e   Code   RO         4171    i.makeFreeRtosPriority  cmsis_os.o
    0x08003a16   0x08003a16   0x00000018   Code   RO         4173    i.osDelay           cmsis_os.o
    0x08003a2e   0x08003a2e   0x0000000a   Code   RO         4176    i.osKernelStart     cmsis_os.o
    0x08003a38   0x08003a38   0x0000005e   Code   RO         4210    i.osThreadCreate    cmsis_os.o
    0x08003a96   0x08003a96   0x00000002   PAD
    0x08003a98   0x08003a98   0x00000098   Code   RO         3857    i.prvAddCurrentTaskToDelayedList  tasks.o
    0x08003b30   0x08003b30   0x000000b4   Code   RO         3858    i.prvAddNewTaskToReadyList  tasks.o
    0x08003be4   0x08003be4   0x00000048   Code   RO         3859    i.prvCheckTasksWaitingTermination  tasks.o
    0x08003c2c   0x08003c2c   0x00000050   Code   RO         3860    i.prvDeleteTCB      tasks.o
    0x08003c7c   0x08003c7c   0x0000007c   Code   RO         4538    i.prvHeapInit       heap_4.o
    0x08003cf8   0x08003cf8   0x00000028   Code   RO         3861    i.prvIdleTask       tasks.o
    0x08003d20   0x08003d20   0x000000aa   Code   RO         3862    i.prvInitialiseNewTask  tasks.o
    0x08003dca   0x08003dca   0x00000002   PAD
    0x08003dcc   0x08003dcc   0x00000068   Code   RO         3863    i.prvInitialiseTaskLists  tasks.o
    0x08003e34   0x08003e34   0x00000068   Code   RO         4539    i.prvInsertBlockIntoFreeList  heap_4.o
    0x08003e9c   0x08003e9c   0x00000034   Code   RO         3864    i.prvResetNextTaskUnblockTime  tasks.o
    0x08003ed0   0x08003ed0   0x00000040   Code   RO         4601    i.prvTaskExitError  port.o
    0x08003f10   0x08003f10   0x0000013c   Code   RO         4540    i.pvPortMalloc      heap_4.o
    0x0800404c   0x0800404c   0x00000024   Code   RO         4602    i.pxPortInitialiseStack  port.o
    0x08004070   0x08004070   0x0000000a   Code   RO           34    i.supervisorTask    main.o
    0x0800407a   0x0800407a   0x00000028   Code   RO         3492    i.uxListRemove      list.o
    0x080040a2   0x080040a2   0x00000002   PAD
    0x080040a4   0x080040a4   0x00000018   Code   RO          319    i.vApplicationGetIdleTaskMemory  freertos.o
    0x080040bc   0x080040bc   0x0000001a   Code   RO         3493    i.vListInitialise   list.o
    0x080040d6   0x080040d6   0x00000006   Code   RO         3494    i.vListInitialiseItem  list.o
    0x080040dc   0x080040dc   0x00000034   Code   RO         3495    i.vListInsert       list.o
    0x08004110   0x08004110   0x00000018   Code   RO         3496    i.vListInsertEnd    list.o
    0x08004128   0x08004128   0x00000054   Code   RO         4604    i.vPortEnterCritical  port.o
    0x0800417c   0x0800417c   0x0000003c   Code   RO         4605    i.vPortExitCritical  port.o
    0x080041b8   0x080041b8   0x00000094   Code   RO         4541    i.vPortFree         heap_4.o
    0x0800424c   0x0800424c   0x00000028   Code   RO         4606    i.vPortSetupTimerInterrupt  port.o
    0x08004274   0x08004274   0x0000005c   Code   RO         3872    i.vTaskDelay        tasks.o
    0x080042d0   0x080042d0   0x000000b0   Code   RO         3885    i.vTaskStartScheduler  tasks.o
    0x08004380   0x08004380   0x00000010   Code   RO         3887    i.vTaskSuspendAll   tasks.o
    0x08004390   0x08004390   0x0000008c   Code   RO         3888    i.vTaskSwitchContext  tasks.o
    0x0800441c   0x0800441c   0x000000f8   Code   RO         4608    i.xPortStartScheduler  port.o
    0x08004514   0x08004514   0x00000064   Code   RO         3890    i.xTaskCreate       tasks.o
    0x08004578   0x08004578   0x000000b8   Code   RO         3891    i.xTaskCreateStatic  tasks.o
    0x08004630   0x08004630   0x00000148   Code   RO         3898    i.xTaskIncrementTick  tasks.o
    0x08004778   0x08004778   0x00000104   Code   RO         3904    i.xTaskResumeAll    tasks.o
    0x0800487c   0x0800487c   0x00000062   Code   RO         4694    x$fpl$d2f           fz_ws.l(d2f.o)
    0x080048de   0x080048de   0x00000002   PAD
    0x080048e0   0x080048e0   0x00000150   Code   RO         4696    x$fpl$dadd          fz_ws.l(daddsub_clz.o)
    0x08004a30   0x08004a30   0x000002b0   Code   RO         4703    x$fpl$ddiv          fz_ws.l(ddiv.o)
    0x08004ce0   0x08004ce0   0x00000154   Code   RO         4706    x$fpl$dmul          fz_ws.l(dmul.o)
    0x08004e34   0x08004e34   0x0000009c   Code   RO         4747    x$fpl$dnaninf       fz_ws.l(dnaninf.o)
    0x08004ed0   0x08004ed0   0x0000000c   Code   RO         4749    x$fpl$dretinf       fz_ws.l(dretinf.o)
    0x08004edc   0x08004edc   0x000001d4   Code   RO         4698    x$fpl$dsub          fz_ws.l(daddsub_clz.o)
    0x080050b0   0x080050b0   0x00000056   Code   RO         4708    x$fpl$f2d           fz_ws.l(f2d.o)
    0x08005106   0x08005106   0x00000002   PAD
    0x08005108   0x08005108   0x000000c4   Code   RO         4710    x$fpl$fadd          fz_ws.l(faddsub_clz.o)
    0x080051cc   0x080051cc   0x0000008e   Code   RO         4751    x$fpl$fcmp4         fz_ws.l(fcmp4.o)
    0x0800525a   0x0800525a   0x00000018   Code   RO         4755    x$fpl$fcmpinf       fz_ws.l(fcmpi.o)
    0x08005272   0x08005272   0x00000002   PAD
    0x08005274   0x08005274   0x00000184   Code   RO         4717    x$fpl$fdiv          fz_ws.l(fdiv.o)
    0x080053f8   0x080053f8   0x00000030   Code   RO         4725    x$fpl$fflt          fz_ws.l(fflt_clz.o)
    0x08005428   0x08005428   0x00000068   Code   RO         4730    x$fpl$fleqf         fz_ws.l(fleqf.o)
    0x08005490   0x08005490   0x00000102   Code   RO         4732    x$fpl$fmul          fz_ws.l(fmul.o)
    0x08005592   0x08005592   0x0000008c   Code   RO         4757    x$fpl$fnaninf       fz_ws.l(fnaninf.o)
    0x0800561e   0x0800561e   0x0000000a   Code   RO         4759    x$fpl$fretinf       fz_ws.l(fretinf.o)
    0x08005628   0x08005628   0x00000062   Code   RO         4734    x$fpl$frleqf        fz_ws.l(frleqf.o)
    0x0800568a   0x0800568a   0x00000014   Code   RO         4711    x$fpl$frsb          fz_ws.l(faddsub_clz.o)
    0x0800569e   0x0800569e   0x00000002   PAD
    0x080056a0   0x080056a0   0x000000ea   Code   RO         4712    x$fpl$fsub          fz_ws.l(faddsub_clz.o)
    0x0800578a   0x0800578a   0x00000000   Code   RO         4761    x$fpl$usenofp       fz_ws.l(usenofp.o)
    0x0800578a   0x0800578a   0x00000002   PAD
    0x0800578c   0x0800578c   0x00000054   Data   RO           36    .constdata          main.o
    0x080057e0   0x080057e0   0x0000001e   Data   RO         1053    .constdata          stm32f1xx_hal_rcc.o
    0x080057fe   0x080057fe   0x0000001e   Data   RO         1153    .constdata          stm32f1xx_hal_rcc_ex.o
    0x0800581c   0x0800581c   0x00000018   Data   RO         3356    .constdata          system_stm32f1xx.o
    0x08005834   0x08005834   0x00000028   Data   RO           37    .conststring        main.o
    0x0800585c   0x0800585c   0x00000020   Data   RO         4922    Region$$Table       anon$$obj.o


    Execution Region RW_IRAM1 (Exec base: 0x20000000, Load base: 0x0800587c, Size: 0x00001c00, Max: 0x00010000, ABSOLUTE)

    Exec Addr    Load Addr    Size         Type   Attr      Idx    E Section Name        Object

    0x20000000   0x0800587c   0x0000008e   Data   RW           38    .data               main.o
    0x2000008e   0x0800590a   0x00000002   PAD
    0x20000090   0x0800590c   0x00000009   Data   RW          889    .data               stm32f1xx_hal.o
    0x20000099   0x08005915   0x00000003   PAD
    0x2000009c   0x08005918   0x00000004   Data   RW         3357    .data               system_stm32f1xx.o
    0x200000a0   0x0800591c   0x0000003c   Data   RW         3907    .data               tasks.o
    0x200000dc   0x08005958   0x00000018   Data   RW         4546    .data               heap_4.o
    0x200000f4   0x08005970   0x0000000c   Data   RW         4609    .data               port.o
    0x20000100        -       0x00000110   Zero   RW           35    .bss                main.o
    0x20000210        -       0x00000254   Zero   RW          320    .bss                freertos.o
    0x20000464        -       0x00000048   Zero   RW          516    .bss                stm32f1xx_hal_timebase_tim.o
    0x200004ac        -       0x000000f0   Zero   RW         3906    .bss                tasks.o
    0x2000059c        -       0x00001000   Zero   RW         4545    .bss                heap_4.o
    0x2000159c        -       0x00000060   Zero   RW         4794    .bss                c_w.l(libspace.o)
    0x200015fc   0x0800597c   0x00000004   PAD
    0x20001600        -       0x00000200   Zero   RW            2    HEAP                startup_stm32f105xc.o
    0x20001800        -       0x00000400   Zero   RW            1    STACK               startup_stm32f105xc.o


==============================================================================

Image component sizes


      Code (inc. data)   RO Data    RW Data    ZI Data      Debug   Object Name

       142          0          0          0          0      22103   cmsis_os.o
         0          0          0          0          0      18196   event_groups.o
        24         10          0          0        596       1248   freertos.o
       692         62          0         24       4096       7239   heap_4.o
       148          0          0          0          0       3422   list.o
      2252        278        124        142        272     676106   main.o
       734         64          0         12          0      10412   port.o
        64         26        336          0       1536        812   startup_stm32f105xc.o
        76         20          0          9          0       5730   stm32f1xx_hal.o
       838         20          0          0          0       4976   stm32f1xx_hal_adc.o
      1178         28          0          0          0       4054   stm32f1xx_hal_adc_ex.o
      1816          6          0          0          0      12187   stm32f1xx_hal_can.o
       252         22          0          0          0      28678   stm32f1xx_hal_cortex.o
       150          0          0          0          0       1951   stm32f1xx_hal_dac.o
       812         34          0          0          0       2676   stm32f1xx_hal_gpio.o
       684         78          0          0          0       4260   stm32f1xx_hal_msp.o
      2200        110         30          0          0       6877   stm32f1xx_hal_rcc.o
      1016         38         30          0          0       2729   stm32f1xx_hal_rcc_ex.o
      1778         72          0          0          0      12061   stm32f1xx_hal_tim.o
       148         18          0          0          0       2437   stm32f1xx_hal_tim_ex.o
       180         22          0          0         72       1467   stm32f1xx_hal_timebase_tim.o
        86         24          0          0          0       4482   stm32f1xx_it.o
         0          0          0          0          0        392   stream_buffer.o
         2          0         24          4          0       1119   system_stm32f1xx.o
      2146        270          0         60        240      17005   tasks.o

    ----------------------------------------------------------------------
     17442       1202        576        256       6812     852619   Object Totals
         0          0         32          0          0          0   (incl. Generated)
        24          0          0          5          0          0   (incl. Padding)

    ----------------------------------------------------------------------

      Code (inc. data)   RO Data    RW Data    ZI Data      Debug   Library Member Name

         8          0          0          0          0         68   __main.o
         0          0          0          0          0          0   __rtentry.o
        12          0          0          0          0          0   __rtentry2.o
         6          0          0          0          0          0   __rtentry4.o
        52          8          0          0          0          0   __scatter.o
        26          0          0          0          0          0   __scatter_copy.o
        28          0          0          0          0          0   __scatter_zi.o
        18          0          0          0          0         80   exit.o
         6          0          0          0          0        152   heapauxi.o
         0          0          0          0          0          0   indicate_semi.o
         2          0          0          0          0          0   libinit.o
         2          0          0          0          0          0   libinit2.o
         2          0          0          0          0          0   libshutdown.o
         2          0          0          0          0          0   libshutdown2.o
         8          4          0          0         96         68   libspace.o
       238          0          0          0          0        100   lludivv7m.o
        78          0          0          0          0         80   rt_memclr_w.o
       100          0          0          0          0         80   rt_memcpy_w.o
         2          0          0          0          0          0   rtexit.o
        10          0          0          0          0          0   rtexit2.o
        12          4          0          0          0         68   sys_exit.o
        74          0          0          0          0         80   sys_stackheap_outer.o
         2          0          0          0          0         68   use_no_semi.o
        98          4          0          0          0         92   d2f.o
       804         16          0          0          0        272   daddsub_clz.o
       688        140          0          0          0        208   ddiv.o
       340         12          0          0          0        104   dmul.o
       156          4          0          0          0         92   dnaninf.o
        12          0          0          0          0         68   dretinf.o
        86          4          0          0          0         84   f2d.o
       450          8          0          0          0        236   faddsub_clz.o
       142          4          0          0          0        112   fcmp4.o
        24          0          0          0          0         68   fcmpi.o
       388         76          0          0          0         96   fdiv.o
        48          0          0          0          0         68   fflt_clz.o
       104          4          0          0          0         84   fleqf.o
       258          4          0          0          0         84   fmul.o
       140          4          0          0          0         84   fnaninf.o
        10          0          0          0          0         68   fretinf.o
        98          0          0          0          0         68   frleqf.o
         0          0          0          0          0          0   usenofp.o
        40          0          0          0          0         80   fmaxf.o
        40          0          0          0          0         80   fminf.o

    ----------------------------------------------------------------------
      4634        296          0          0        100       2892   Library Totals
        20          0          0          0          4          0   (incl. Padding)

    ----------------------------------------------------------------------

      Code (inc. data)   RO Data    RW Data    ZI Data      Debug   Library Name

       688         16          0          0         96        844   c_w.l
      3846        280          0          0          0       1888   fz_ws.l
        80          0          0          0          0        160   m_ws.l

    ----------------------------------------------------------------------
      4634        296          0          0        100       2892   Library Totals

    ----------------------------------------------------------------------

==============================================================================


      Code (inc. data)   RO Data    RW Data    ZI Data      Debug   

     22076       1498        576        256       6912     846771   Grand Totals
     22076       1498        576        256       6912     846771   ELF Image Totals
     22076       1498        576        256          0          0   ROM Totals

==============================================================================

    Total RO  Size (Code + RO Data)                22652 (  22.12kB)
    Total RW  Size (RW Data + ZI Data)              7168 (   7.00kB)
    Total ROM Size (Code + RO Data + RW Data)      22908 (  22.37kB)

==============================================================================

